MemTotal:       527323300 kB
MemFree:        522868908 kB
MemAvailable:   521320776 kB
Buffers:            5768 kB
Cached:          1015000 kB
SwapCached:           60 kB
Active:           613916 kB
Inactive:         473392 kB
Active(anon):       2444 kB
Inactive(anon):    94664 kB
Active(file):     611472 kB
Inactive(file):   378728 kB
Unevictable:           0 kB
Mlocked:               0 kB
SwapTotal:      16777212 kB
SwapFree:       16764924 kB
Dirty:               128 kB
Writeback:             0 kB
AnonPages:         66776 kB
Mapped:            62200 kB
Shmem:             30572 kB
KReclaimable:     158444 kB
Slab:             927680 kB
SReclaimable:     158444 kB
SUnreclaim:       769236 kB
KernelStack:       22864 kB
PageTables:         4912 kB
NFS_Unstable:          0 kB
Bounce:                0 kB
WritebackTmp:          0 kB
CommitLimit:    280438860 kB
Committed_AS:     599872 kB
VmallocTotal:   13743895347199 kB
VmallocUsed:     1399192 kB
VmallocChunk:          0 kB
Percpu:            86400 kB
HardwareCorrupted:     0 kB
AnonHugePages:     16384 kB
ShmemHugePages:        0 kB
ShmemPmdMapped:        0 kB
FileHugePages:         0 kB
FilePmdMapped:         0 kB
HugePages_Total:       0
HugePages_Free:        0
HugePages_Rsvd:        0
HugePages_Surp:        0
Hugepagesize:       2048 kB
Hugetlb:               0 kB
DirectMap4k:     1007612 kB
DirectMap2M:    118032384 kB
DirectMap1G:    419430400 kB
2025-02-03T14:12:31-0600
MemTotal:       527323300 kB
MemFree:        522316888 kB
MemAvailable:   520768760 kB
Buffers:            5768 kB
Cached:          1015008 kB
SwapCached:           60 kB
Active:           613908 kB
Inactive:        1027508 kB
Active(anon):       2436 kB
Inactive(anon):   648776 kB
Active(file):     611472 kB
Inactive(file):   378732 kB
Unevictable:           0 kB
Mlocked:               0 kB
SwapTotal:      16777212 kB
SwapFree:       16764924 kB
Dirty:               132 kB
Writeback:             0 kB
AnonPages:        620736 kB
Mapped:            64244 kB
Shmem:             30572 kB
KReclaimable:     158444 kB
Slab:             926776 kB
SReclaimable:     158444 kB
SUnreclaim:       768332 kB
KernelStack:       22864 kB
PageTables:         6200 kB
NFS_Unstable:          0 kB
Bounce:                0 kB
WritebackTmp:          0 kB
CommitLimit:    280438860 kB
Committed_AS:    1283744 kB
VmallocTotal:   13743895347199 kB
VmallocUsed:     1399080 kB
VmallocChunk:          0 kB
Percpu:            86400 kB
HardwareCorrupted:     0 kB
AnonHugePages:    555008 kB
ShmemHugePages:        0 kB
ShmemPmdMapped:        0 kB
FileHugePages:         0 kB
FilePmdMapped:         0 kB
HugePages_Total:       0
HugePages_Free:        0
HugePages_Rsvd:        0
HugePages_Surp:        0
Hugepagesize:       2048 kB
Hugetlb:               0 kB
DirectMap4k:     1007612 kB
DirectMap2M:    118032384 kB
DirectMap1G:    419430400 kB
2025-02-03T14:12:32-0600
MemTotal:       527323300 kB
MemFree:        522867260 kB
MemAvailable:   521319128 kB
Buffers:            5768 kB
Cached:          1015036 kB
SwapCached:           60 kB
Active:           631324 kB
Inactive:         456600 kB
Active(anon):       2428 kB
Inactive(anon):    95264 kB
Active(file):     628896 kB
Inactive(file):   361336 kB
Unevictable:           0 kB
Mlocked:               0 kB
SwapTotal:      16777212 kB
SwapFree:       16764924 kB
Dirty:               116 kB
Writeback:             0 kB
AnonPages:         67328 kB
Mapped:            62444 kB
Shmem:             30572 kB
KReclaimable:     158412 kB
Slab:             928524 kB
SReclaimable:     158412 kB
SUnreclaim:       770112 kB
KernelStack:       22976 kB
PageTables:         5144 kB
NFS_Unstable:          0 kB
Bounce:                0 kB
WritebackTmp:          0 kB
CommitLimit:    280438860 kB
Committed_AS:     653248 kB
VmallocTotal:   13743895347199 kB
VmallocUsed:     1399160 kB
VmallocChunk:          0 kB
Percpu:            86400 kB
HardwareCorrupted:     0 kB
AnonHugePages:     16384 kB
ShmemHugePages:        0 kB
ShmemPmdMapped:        0 kB
FileHugePages:         0 kB
FilePmdMapped:         0 kB
HugePages_Total:       0
HugePages_Free:        0
HugePages_Rsvd:        0
HugePages_Surp:        0
Hugepagesize:       2048 kB
Hugetlb:               0 kB
DirectMap4k:     1007612 kB
DirectMap2M:    118032384 kB
DirectMap1G:    419430400 kB
2025-02-03T14:13:54-0600
MemTotal:       527323300 kB
MemFree:        522314888 kB
MemAvailable:   520766760 kB
Buffers:            5768 kB
Cached:          1015036 kB
SwapCached:           60 kB
Active:           631304 kB
Inactive:        1008936 kB
Active(anon):       2408 kB
Inactive(anon):   647596 kB
Active(file):     628896 kB
Inactive(file):   361340 kB
Unevictable:           0 kB
Mlocked:               0 kB
SwapTotal:      16777212 kB
SwapFree:       16764924 kB
Dirty:               108 kB
Writeback:            16 kB
AnonPages:        620020 kB
Mapped:            63780 kB
Shmem:             30572 kB
KReclaimable:     158412 kB
Slab:             927532 kB
SReclaimable:     158412 kB
SUnreclaim:       769120 kB
KernelStack:       22960 kB
PageTables:         6016 kB
NFS_Unstable:          0 kB
Bounce:                0 kB
WritebackTmp:          0 kB
CommitLimit:    280438860 kB
Committed_AS:    1338472 kB
VmallocTotal:   13743895347199 kB
VmallocUsed:     1399112 kB
VmallocChunk:          0 kB
Percpu:            86400 kB
HardwareCorrupted:     0 kB
AnonHugePages:    555008 kB
ShmemHugePages:        0 kB
ShmemPmdMapped:        0 kB
FileHugePages:         0 kB
FilePmdMapped:         0 kB
HugePages_Total:       0
HugePages_Free:        0
HugePages_Rsvd:        0
HugePages_Surp:        0
Hugepagesize:       2048 kB
Hugetlb:               0 kB
DirectMap4k:     1007612 kB
DirectMap2M:    118032384 kB
DirectMap1G:    419430400 kB
2025-02-03T14:13:55-0600
MemTotal:       527323300 kB
MemFree:        522865812 kB
MemAvailable:   521317680 kB
Buffers:            5768 kB
Cached:          1015104 kB
SwapCached:           60 kB
Active:           631356 kB
Inactive:         455828 kB
Active(anon):       2424 kB
Inactive(anon):    94456 kB
Active(file):     628932 kB
Inactive(file):   361372 kB
Unevictable:           0 kB
Mlocked:               0 kB
SwapTotal:      16777212 kB
SwapFree:       16764924 kB
Dirty:               224 kB
Writeback:             0 kB
AnonPages:         67424 kB
Mapped:            62444 kB
Shmem:             30572 kB
KReclaimable:     158340 kB
Slab:             930000 kB
SReclaimable:     158340 kB
SUnreclaim:       771660 kB
KernelStack:       22800 kB
PageTables:         4960 kB
NFS_Unstable:          0 kB
Bounce:                0 kB
WritebackTmp:          0 kB
CommitLimit:    280438860 kB
Committed_AS:     650384 kB
VmallocTotal:   13743895347199 kB
VmallocUsed:     1399096 kB
VmallocChunk:          0 kB
Percpu:            86400 kB
HardwareCorrupted:     0 kB
AnonHugePages:     16384 kB
ShmemHugePages:        0 kB
ShmemPmdMapped:        0 kB
FileHugePages:         0 kB
FilePmdMapped:         0 kB
HugePages_Total:       0
HugePages_Free:        0
HugePages_Rsvd:        0
HugePages_Surp:        0
Hugepagesize:       2048 kB
Hugetlb:               0 kB
DirectMap4k:     1007612 kB
DirectMap2M:    118032384 kB
DirectMap1G:    419430400 kB
2025-02-03T14:18:35-0600
MemTotal:       527323300 kB
MemFree:        522314228 kB
MemAvailable:   520766064 kB
Buffers:            5768 kB
Cached:          1015040 kB
SwapCached:           60 kB
Active:           631336 kB
Inactive:        1008776 kB
Active(anon):       2424 kB
Inactive(anon):   647452 kB
Active(file):     628912 kB
Inactive(file):   361324 kB
Unevictable:           0 kB
Mlocked:               0 kB
SwapTotal:      16777212 kB
SwapFree:       16764924 kB
Dirty:               176 kB
Writeback:             0 kB
AnonPages:        619336 kB
Mapped:            64004 kB
Shmem:             30572 kB
KReclaimable:     158340 kB
Slab:             928972 kB
SReclaimable:     158340 kB
SUnreclaim:       770632 kB
KernelStack:       22800 kB
PageTables:         5804 kB
NFS_Unstable:          0 kB
Bounce:                0 kB
WritebackTmp:          0 kB
CommitLimit:    280438860 kB
Committed_AS:    1330956 kB
VmallocTotal:   13743895347199 kB
VmallocUsed:     1399000 kB
VmallocChunk:          0 kB
Percpu:            86400 kB
HardwareCorrupted:     0 kB
AnonHugePages:    555008 kB
ShmemHugePages:        0 kB
ShmemPmdMapped:        0 kB
FileHugePages:         0 kB
FilePmdMapped:         0 kB
HugePages_Total:       0
HugePages_Free:        0
HugePages_Rsvd:        0
HugePages_Surp:        0
Hugepagesize:       2048 kB
Hugetlb:               0 kB
DirectMap4k:     1007612 kB
DirectMap2M:    118032384 kB
DirectMap1G:    419430400 kB
2025-02-03T14:18:36-0600
MemTotal:       527323300 kB
MemFree:        522864812 kB
MemAvailable:   521316760 kB
Buffers:            5768 kB
Cached:          1015136 kB
SwapCached:           60 kB
Active:           631344 kB
Inactive:         455488 kB
Active(anon):       2412 kB
Inactive(anon):    94088 kB
Active(file):     628932 kB
Inactive(file):   361400 kB
Unevictable:           0 kB
Mlocked:               0 kB
SwapTotal:      16777212 kB
SwapFree:       16764924 kB
Dirty:               212 kB
Writeback:             0 kB
AnonPages:         67124 kB
Mapped:            62456 kB
Shmem:             30572 kB
KReclaimable:     158468 kB
Slab:             929780 kB
SReclaimable:     158468 kB
SUnreclaim:       771312 kB
KernelStack:       22800 kB
PageTables:         4896 kB
NFS_Unstable:          0 kB
Bounce:                0 kB
WritebackTmp:          0 kB
CommitLimit:    280438860 kB
Committed_AS:     574020 kB
VmallocTotal:   13743895347199 kB
VmallocUsed:     1399064 kB
VmallocChunk:          0 kB
Percpu:            86400 kB
HardwareCorrupted:     0 kB
AnonHugePages:     16384 kB
ShmemHugePages:        0 kB
ShmemPmdMapped:        0 kB
FileHugePages:         0 kB
FilePmdMapped:         0 kB
HugePages_Total:       0
HugePages_Free:        0
HugePages_Rsvd:        0
HugePages_Surp:        0
Hugepagesize:       2048 kB
Hugetlb:               0 kB
DirectMap4k:     1007612 kB
DirectMap2M:    118032384 kB
DirectMap1G:    419430400 kB
2025-02-03T14:20:42-0600
MemTotal:       527323300 kB
MemFree:        522312724 kB
MemAvailable:   520764640 kB
Buffers:            5768 kB
Cached:          1015072 kB
SwapCached:           60 kB
Active:           631336 kB
Inactive:        1008800 kB
Active(anon):       2424 kB
Inactive(anon):   647444 kB
Active(file):     628912 kB
Inactive(file):   361356 kB
Unevictable:           0 kB
Mlocked:               0 kB
SwapTotal:      16777212 kB
SwapFree:       16764924 kB
Dirty:               164 kB
Writeback:             0 kB
AnonPages:        619376 kB
Mapped:            64044 kB
Shmem:             30572 kB
KReclaimable:     158468 kB
Slab:             929668 kB
SReclaimable:     158468 kB
SUnreclaim:       771200 kB
KernelStack:       22784 kB
PageTables:         5624 kB
NFS_Unstable:          0 kB
Bounce:                0 kB
WritebackTmp:          0 kB
CommitLimit:    280438860 kB
Committed_AS:    1280548 kB
VmallocTotal:   13743895347199 kB
VmallocUsed:     1398984 kB
VmallocChunk:          0 kB
Percpu:            86400 kB
HardwareCorrupted:     0 kB
AnonHugePages:    555008 kB
ShmemHugePages:        0 kB
ShmemPmdMapped:        0 kB
FileHugePages:         0 kB
FilePmdMapped:         0 kB
HugePages_Total:       0
HugePages_Free:        0
HugePages_Rsvd:        0
HugePages_Surp:        0
Hugepagesize:       2048 kB
Hugetlb:               0 kB
DirectMap4k:     1007612 kB
DirectMap2M:    118032384 kB
DirectMap1G:    419430400 kB
2025-02-03T14:20:43-0600
MemTotal:       527323300 kB
MemFree:        522861992 kB
MemAvailable:   521314148 kB
Buffers:            5768 kB
Cached:          1015168 kB
SwapCached:           60 kB
Active:           631352 kB
Inactive:         455900 kB
Active(anon):       2424 kB
Inactive(anon):    94464 kB
Active(file):     628928 kB
Inactive(file):   361436 kB
Unevictable:           0 kB
Mlocked:               0 kB
SwapTotal:      16777212 kB
SwapFree:       16764924 kB
Dirty:               232 kB
Writeback:             0 kB
AnonPages:         67084 kB
Mapped:            63720 kB
Shmem:             30572 kB
KReclaimable:     158852 kB
Slab:             931536 kB
SReclaimable:     158852 kB
SUnreclaim:       772684 kB
KernelStack:       22896 kB
PageTables:         5012 kB
NFS_Unstable:          0 kB
Bounce:                0 kB
WritebackTmp:          0 kB
CommitLimit:    280438860 kB
Committed_AS:     778296 kB
VmallocTotal:   13743895347199 kB
VmallocUsed:     1399288 kB
VmallocChunk:          0 kB
Percpu:            86400 kB
HardwareCorrupted:     0 kB
AnonHugePages:     16384 kB
ShmemHugePages:        0 kB
ShmemPmdMapped:        0 kB
FileHugePages:         0 kB
FilePmdMapped:         0 kB
HugePages_Total:       0
HugePages_Free:        0
HugePages_Rsvd:        0
HugePages_Surp:        0
Hugepagesize:       2048 kB
Hugetlb:               0 kB
DirectMap4k:     1007612 kB
DirectMap2M:    118032384 kB
DirectMap1G:    419430400 kB
2025-02-03T14:21:33-0600
MemTotal:       527323300 kB
MemFree:        522309576 kB
MemAvailable:   520761700 kB
Buffers:            5768 kB
Cached:          1015108 kB
SwapCached:           60 kB
Active:           631332 kB
Inactive:        1008976 kB
Active(anon):       2420 kB
Inactive(anon):   647584 kB
Active(file):     628912 kB
Inactive(file):   361392 kB
Unevictable:           0 kB
Mlocked:               0 kB
SwapTotal:      16777212 kB
SwapFree:       16764924 kB
Dirty:               188 kB
Writeback:             0 kB
AnonPages:        619988 kB
Mapped:            63988 kB
Shmem:             30572 kB
KReclaimable:     158852 kB
Slab:             930772 kB
SReclaimable:     158852 kB
SUnreclaim:       771920 kB
KernelStack:       22816 kB
PageTables:         5952 kB
NFS_Unstable:          0 kB
Bounce:                0 kB
WritebackTmp:          0 kB
CommitLimit:    280438860 kB
Committed_AS:    1339636 kB
VmallocTotal:   13743895347199 kB
VmallocUsed:     1399128 kB
VmallocChunk:          0 kB
Percpu:            86400 kB
HardwareCorrupted:     0 kB
AnonHugePages:    555008 kB
ShmemHugePages:        0 kB
ShmemPmdMapped:        0 kB
FileHugePages:         0 kB
FilePmdMapped:         0 kB
HugePages_Total:       0
HugePages_Free:        0
HugePages_Rsvd:        0
HugePages_Surp:        0
Hugepagesize:       2048 kB
Hugetlb:               0 kB
DirectMap4k:     1007612 kB
DirectMap2M:    118032384 kB
DirectMap1G:    419430400 kB
2025-02-03T14:21:34-0600
MemTotal:       527323300 kB
MemFree:        522863436 kB
MemAvailable:   521315452 kB
Buffers:            5768 kB
Cached:          1015148 kB
SwapCached:           60 kB
Active:           631340 kB
Inactive:         456316 kB
Active(anon):       2420 kB
Inactive(anon):    94892 kB
Active(file):     628920 kB
Inactive(file):   361424 kB
Unevictable:           0 kB
Mlocked:               0 kB
SwapTotal:      16777212 kB
SwapFree:       16764924 kB
Dirty:               176 kB
Writeback:             0 kB
AnonPages:         67460 kB
Mapped:            62292 kB
Shmem:             30572 kB
KReclaimable:     158596 kB
Slab:             929680 kB
SReclaimable:     158596 kB
SUnreclaim:       771084 kB
KernelStack:       22928 kB
PageTables:         4936 kB
NFS_Unstable:          0 kB
Bounce:                0 kB
WritebackTmp:          0 kB
CommitLimit:    280438860 kB
Committed_AS:     593512 kB
VmallocTotal:   13743895347199 kB
VmallocUsed:     1399192 kB
VmallocChunk:          0 kB
Percpu:            86400 kB
HardwareCorrupted:     0 kB
AnonHugePages:     16384 kB
ShmemHugePages:        0 kB
ShmemPmdMapped:        0 kB
FileHugePages:         0 kB
FilePmdMapped:         0 kB
HugePages_Total:       0
HugePages_Free:        0
HugePages_Rsvd:        0
HugePages_Surp:        0
Hugepagesize:       2048 kB
Hugetlb:               0 kB
DirectMap4k:     1007612 kB
DirectMap2M:    118032384 kB
DirectMap1G:    419430400 kB
2025-02-03T14:22:34-0600
MemTotal:       527323300 kB
MemFree:        522311772 kB
MemAvailable:   520763756 kB
Buffers:            5768 kB
Cached:          1015084 kB
SwapCached:           60 kB
Active:           631332 kB
Inactive:        1008684 kB
Active(anon):       2420 kB
Inactive(anon):   647316 kB
Active(file):     628912 kB
Inactive(file):   361368 kB
Unevictable:           0 kB
Mlocked:               0 kB
SwapTotal:      16777212 kB
SwapFree:       16764924 kB
Dirty:               168 kB
Writeback:             0 kB
AnonPages:        619260 kB
Mapped:            64044 kB
Shmem:             30572 kB
KReclaimable:     158596 kB
Slab:             929056 kB
SReclaimable:     158596 kB
SUnreclaim:       770460 kB
KernelStack:       22896 kB
PageTables:         5760 kB
NFS_Unstable:          0 kB
Bounce:                0 kB
WritebackTmp:          0 kB
CommitLimit:    280438860 kB
Committed_AS:    1299476 kB
VmallocTotal:   13743895347199 kB
VmallocUsed:     1399112 kB
VmallocChunk:          0 kB
Percpu:            86400 kB
HardwareCorrupted:     0 kB
AnonHugePages:    550912 kB
ShmemHugePages:        0 kB
ShmemPmdMapped:        0 kB
FileHugePages:         0 kB
FilePmdMapped:         0 kB
HugePages_Total:       0
HugePages_Free:        0
HugePages_Rsvd:        0
HugePages_Surp:        0
Hugepagesize:       2048 kB
Hugetlb:               0 kB
DirectMap4k:     1007612 kB
DirectMap2M:    118032384 kB
DirectMap1G:    419430400 kB
2025-02-03T14:22:35-0600
