MemTotal:       527323300 kB
MemFree:        522868824 kB
MemAvailable:   521320668 kB
Buffers:            5768 kB
Cached:          1014956 kB
SwapCached:           60 kB
Active:           613688 kB
Inactive:         472952 kB
Active(anon):       2404 kB
Inactive(anon):    94084 kB
Active(file):     611284 kB
Inactive(file):   378868 kB
Unevictable:           0 kB
Mlocked:               0 kB
SwapTotal:      16777212 kB
SwapFree:       16764924 kB
Dirty:               116 kB
Writeback:             0 kB
AnonPages:         67020 kB
Mapped:            62500 kB
Shmem:             30572 kB
KReclaimable:     158444 kB
Slab:             927756 kB
SReclaimable:     158444 kB
SUnreclaim:       769312 kB
KernelStack:       22848 kB
PageTables:         4808 kB
NFS_Unstable:          0 kB
Bounce:                0 kB
WritebackTmp:          0 kB
CommitLimit:    280438860 kB
Committed_AS:     574384 kB
VmallocTotal:   13743895347199 kB
VmallocUsed:     1399144 kB
VmallocChunk:          0 kB
Percpu:            86400 kB
HardwareCorrupted:     0 kB
AnonHugePages:     16384 kB
ShmemHugePages:        0 kB
ShmemPmdMapped:        0 kB
FileHugePages:         0 kB
FilePmdMapped:         0 kB
HugePages_Total:       0
HugePages_Free:        0
HugePages_Rsvd:        0
HugePages_Surp:        0
Hugepagesize:       2048 kB
Hugetlb:               0 kB
DirectMap4k:     1007612 kB
DirectMap2M:    118032384 kB
DirectMap1G:    419430400 kB
2025-02-03T14:12:16-0600
MemTotal:       527323300 kB
MemFree:        522867924 kB
MemAvailable:   521319792 kB
Buffers:            5768 kB
Cached:          1015032 kB
SwapCached:           60 kB
Active:           631324 kB
Inactive:         456156 kB
Active(anon):       2428 kB
Inactive(anon):    94820 kB
Active(file):     628896 kB
Inactive(file):   361336 kB
Unevictable:           0 kB
Mlocked:               0 kB
SwapTotal:      16777212 kB
SwapFree:       16764924 kB
Dirty:               112 kB
Writeback:             0 kB
AnonPages:         67448 kB
Mapped:            62908 kB
Shmem:             30572 kB
KReclaimable:     158412 kB
Slab:             927708 kB
SReclaimable:     158412 kB
SUnreclaim:       769296 kB
KernelStack:       22896 kB
PageTables:         4980 kB
NFS_Unstable:          0 kB
Bounce:                0 kB
WritebackTmp:          0 kB
CommitLimit:    280438860 kB
Committed_AS:     632496 kB
VmallocTotal:   13743895347199 kB
VmallocUsed:     1399176 kB
VmallocChunk:          0 kB
Percpu:            86400 kB
HardwareCorrupted:     0 kB
AnonHugePages:     16384 kB
ShmemHugePages:        0 kB
ShmemPmdMapped:        0 kB
FileHugePages:         0 kB
FilePmdMapped:         0 kB
HugePages_Total:       0
HugePages_Free:        0
HugePages_Rsvd:        0
HugePages_Surp:        0
Hugepagesize:       2048 kB
Hugetlb:               0 kB
DirectMap4k:     1007612 kB
DirectMap2M:    118032384 kB
DirectMap1G:    419430400 kB
2025-02-03T14:13:38-0600
