MemTotal:       527323300 kB
MemFree:        522869764 kB
MemAvailable:   521321640 kB
Buffers:            5768 kB
Cached:          1015016 kB
SwapCached:           60 kB
Active:           613892 kB
Inactive:         472756 kB
Active(anon):       2420 kB
Inactive(anon):    94012 kB
Active(file):     611472 kB
Inactive(file):   378744 kB
Unevictable:           0 kB
Mlocked:               0 kB
SwapTotal:      16777212 kB
SwapFree:       16764924 kB
Dirty:               136 kB
Writeback:             0 kB
AnonPages:         67028 kB
Mapped:            62584 kB
Shmem:             30572 kB
KReclaimable:     158444 kB
Slab:             927176 kB
SReclaimable:     158444 kB
SUnreclaim:       768732 kB
KernelStack:       22832 kB
PageTables:         4796 kB
NFS_Unstable:          0 kB
Bounce:                0 kB
WritebackTmp:          0 kB
CommitLimit:    280438860 kB
Committed_AS:     591640 kB
VmallocTotal:   13743895347199 kB
VmallocUsed:     1399176 kB
VmallocChunk:          0 kB
Percpu:            86400 kB
HardwareCorrupted:     0 kB
AnonHugePages:     16384 kB
ShmemHugePages:        0 kB
ShmemPmdMapped:        0 kB
FileHugePages:         0 kB
FilePmdMapped:         0 kB
HugePages_Total:       0
HugePages_Free:        0
HugePages_Rsvd:        0
HugePages_Surp:        0
Hugepagesize:       2048 kB
Hugetlb:               0 kB
DirectMap4k:     1007612 kB
DirectMap2M:    118032384 kB
DirectMap1G:    419430400 kB
2025-02-03T14:12:37-0600
MemTotal:       527323300 kB
MemFree:        522867628 kB
MemAvailable:   521319500 kB
Buffers:            5768 kB
Cached:          1015036 kB
SwapCached:           60 kB
Active:           631308 kB
Inactive:         455492 kB
Active(anon):       2412 kB
Inactive(anon):    94152 kB
Active(file):     628896 kB
Inactive(file):   361340 kB
Unevictable:           0 kB
Mlocked:               0 kB
SwapTotal:      16777212 kB
SwapFree:       16764924 kB
Dirty:               132 kB
Writeback:             0 kB
AnonPages:         67132 kB
Mapped:            62720 kB
Shmem:             30572 kB
KReclaimable:     158412 kB
Slab:             927756 kB
SReclaimable:     158412 kB
SUnreclaim:       769344 kB
KernelStack:       22912 kB
PageTables:         4828 kB
NFS_Unstable:          0 kB
Bounce:                0 kB
WritebackTmp:          0 kB
CommitLimit:    280438860 kB
Committed_AS:     646368 kB
VmallocTotal:   13743895347199 kB
VmallocUsed:     1399224 kB
VmallocChunk:          0 kB
Percpu:            86400 kB
HardwareCorrupted:     0 kB
AnonHugePages:     16384 kB
ShmemHugePages:        0 kB
ShmemPmdMapped:        0 kB
FileHugePages:         0 kB
FilePmdMapped:         0 kB
HugePages_Total:       0
HugePages_Free:        0
HugePages_Rsvd:        0
HugePages_Surp:        0
Hugepagesize:       2048 kB
Hugetlb:               0 kB
DirectMap4k:     1007612 kB
DirectMap2M:    118032384 kB
DirectMap1G:    419430400 kB
2025-02-03T14:14:00-0600
MemTotal:       527323304 kB
MemFree:        520794984 kB
MemAvailable:   520531044 kB
Buffers:            2668 kB
Cached:          2544448 kB
SwapCached:           20 kB
Active:           874832 kB
Inactive:        1749048 kB
Active(anon):       2600 kB
Inactive(anon):   104744 kB
Active(file):     872232 kB
Inactive(file):  1644304 kB
Unevictable:           0 kB
Mlocked:               0 kB
SwapTotal:      16777212 kB
SwapFree:       16777184 kB
Dirty:               240 kB
Writeback:             0 kB
AnonPages:         77960 kB
Mapped:            61000 kB
Shmem:             30580 kB
KReclaimable:     135180 kB
Slab:            1339764 kB
SReclaimable:     135180 kB
SUnreclaim:      1204584 kB
KernelStack:       23088 kB
PageTables:         4952 kB
NFS_Unstable:          0 kB
Bounce:                0 kB
WritebackTmp:          0 kB
CommitLimit:    280438864 kB
Committed_AS:     578556 kB
VmallocTotal:   13743895347199 kB
VmallocUsed:     1464932 kB
VmallocChunk:          0 kB
Percpu:            81024 kB
HardwareCorrupted:     0 kB
AnonHugePages:     30720 kB
ShmemHugePages:        0 kB
ShmemPmdMapped:        0 kB
FileHugePages:         0 kB
FilePmdMapped:         0 kB
HugePages_Total:       0
HugePages_Free:        0
HugePages_Rsvd:        0
HugePages_Surp:        0
Hugepagesize:       2048 kB
Hugetlb:               0 kB
DirectMap4k:     9441276 kB
DirectMap2M:    342382592 kB
DirectMap1G:    186646528 kB
2025-02-03T15:05:16-0600
MemTotal:       527323304 kB
MemFree:        520086036 kB
MemAvailable:   519824696 kB
Buffers:            2668 kB
Cached:          2547048 kB
SwapCached:           20 kB
Active:           875292 kB
Inactive:        2455728 kB
Active(anon):       2580 kB
Inactive(anon):   809304 kB
Active(file):     872712 kB
Inactive(file):  1646424 kB
Unevictable:           0 kB
Mlocked:               0 kB
SwapTotal:      16777212 kB
SwapFree:       16777184 kB
Dirty:               184 kB
Writeback:             0 kB
AnonPages:        781344 kB
Mapped:            62436 kB
Shmem:             30580 kB
KReclaimable:     135180 kB
Slab:            1339948 kB
SReclaimable:     135180 kB
SUnreclaim:      1204768 kB
KernelStack:       23024 kB
PageTables:         5788 kB
NFS_Unstable:          0 kB
Bounce:                0 kB
WritebackTmp:          0 kB
CommitLimit:    280438864 kB
Committed_AS:   156966732 kB
VmallocTotal:   13743895347199 kB
VmallocUsed:     1464836 kB
VmallocChunk:          0 kB
Percpu:            81024 kB
HardwareCorrupted:     0 kB
AnonHugePages:    731136 kB
ShmemHugePages:        0 kB
ShmemPmdMapped:        0 kB
FileHugePages:         0 kB
FilePmdMapped:         0 kB
HugePages_Total:       0
HugePages_Free:        0
HugePages_Rsvd:        0
HugePages_Surp:        0
Hugepagesize:       2048 kB
Hugetlb:               0 kB
DirectMap4k:     9441276 kB
DirectMap2M:    342382592 kB
DirectMap1G:    186646528 kB
2025-02-03T15:05:17-0600
MemTotal:       527323304 kB
MemFree:        519363616 kB
MemAvailable:   519102276 kB
Buffers:            2668 kB
Cached:          2547048 kB
SwapCached:           20 kB
Active:           875304 kB
Inactive:        3177272 kB
Active(anon):       2592 kB
Inactive(anon):  1530848 kB
Active(file):     872712 kB
Inactive(file):  1646424 kB
Unevictable:           0 kB
Mlocked:               0 kB
SwapTotal:      16777212 kB
SwapFree:       16777184 kB
Dirty:               184 kB
Writeback:             0 kB
AnonPages:       1503440 kB
Mapped:            62572 kB
Shmem:             30580 kB
KReclaimable:     135180 kB
Slab:            1339988 kB
SReclaimable:     135180 kB
SUnreclaim:      1204808 kB
KernelStack:       22992 kB
PageTables:         7320 kB
NFS_Unstable:          0 kB
Bounce:                0 kB
WritebackTmp:          0 kB
CommitLimit:    280438864 kB
Committed_AS:   156966732 kB
VmallocTotal:   13743895347199 kB
VmallocUsed:     1464900 kB
VmallocChunk:          0 kB
Percpu:            81024 kB
HardwareCorrupted:     0 kB
AnonHugePages:   1452032 kB
ShmemHugePages:        0 kB
ShmemPmdMapped:        0 kB
FileHugePages:         0 kB
FilePmdMapped:         0 kB
HugePages_Total:       0
HugePages_Free:        0
HugePages_Rsvd:        0
HugePages_Surp:        0
Hugepagesize:       2048 kB
Hugetlb:               0 kB
DirectMap4k:     9441276 kB
DirectMap2M:    342382592 kB
DirectMap1G:    186646528 kB
2025-02-03T15:05:18-0600
MemTotal:       527323304 kB
MemFree:        518640100 kB
MemAvailable:   518378772 kB
Buffers:            2668 kB
Cached:          2547060 kB
SwapCached:           20 kB
Active:           875312 kB
Inactive:        3899244 kB
Active(anon):       2584 kB
Inactive(anon):  2252824 kB
Active(file):     872728 kB
Inactive(file):  1646420 kB
Unevictable:           0 kB
Mlocked:               0 kB
SwapTotal:      16777212 kB
SwapFree:       16777184 kB
Dirty:                12 kB
Writeback:            20 kB
AnonPages:       2225420 kB
Mapped:            62884 kB
Shmem:             30580 kB
KReclaimable:     135180 kB
Slab:            1340064 kB
SReclaimable:     135180 kB
SUnreclaim:      1204884 kB
KernelStack:       23120 kB
PageTables:         8824 kB
NFS_Unstable:          0 kB
Bounce:                0 kB
WritebackTmp:          0 kB
CommitLimit:    280438864 kB
Committed_AS:   156966732 kB
VmallocTotal:   13743895347199 kB
VmallocUsed:     1464884 kB
VmallocChunk:          0 kB
Percpu:            81024 kB
HardwareCorrupted:     0 kB
AnonHugePages:   2174976 kB
ShmemHugePages:        0 kB
ShmemPmdMapped:        0 kB
FileHugePages:         0 kB
FilePmdMapped:         0 kB
HugePages_Total:       0
HugePages_Free:        0
HugePages_Rsvd:        0
HugePages_Surp:        0
Hugepagesize:       2048 kB
Hugetlb:               0 kB
DirectMap4k:     9441276 kB
DirectMap2M:    342382592 kB
DirectMap1G:    186646528 kB
2025-02-03T15:05:19-0600
MemTotal:       527323304 kB
MemFree:        517917928 kB
MemAvailable:   517656604 kB
Buffers:            2668 kB
Cached:          2547064 kB
SwapCached:           20 kB
Active:           875324 kB
Inactive:        4620508 kB
Active(anon):       2596 kB
Inactive(anon):  2974084 kB
Active(file):     872728 kB
Inactive(file):  1646424 kB
Unevictable:           0 kB
Mlocked:               0 kB
SwapTotal:      16777212 kB
SwapFree:       16777184 kB
Dirty:                16 kB
Writeback:            20 kB
AnonPages:       2946220 kB
Mapped:            62916 kB
Shmem:             30580 kB
KReclaimable:     135180 kB
Slab:            1340040 kB
SReclaimable:     135180 kB
SUnreclaim:      1204860 kB
KernelStack:       23120 kB
PageTables:        10256 kB
NFS_Unstable:          0 kB
Bounce:                0 kB
WritebackTmp:          0 kB
CommitLimit:    280438864 kB
Committed_AS:   156966732 kB
VmallocTotal:   13743895347199 kB
VmallocUsed:     1464884 kB
VmallocChunk:          0 kB
Percpu:            81024 kB
HardwareCorrupted:     0 kB
AnonHugePages:   2895872 kB
ShmemHugePages:        0 kB
ShmemPmdMapped:        0 kB
FileHugePages:         0 kB
FilePmdMapped:         0 kB
HugePages_Total:       0
HugePages_Free:        0
HugePages_Rsvd:        0
HugePages_Surp:        0
Hugepagesize:       2048 kB
Hugetlb:               0 kB
DirectMap4k:     9441276 kB
DirectMap2M:    342382592 kB
DirectMap1G:    186646528 kB
2025-02-03T15:05:20-0600
MemTotal:       527323304 kB
MemFree:        517193680 kB
MemAvailable:   516932356 kB
Buffers:            2668 kB
Cached:          2547064 kB
SwapCached:           20 kB
Active:           875316 kB
Inactive:        5341024 kB
Active(anon):       2588 kB
Inactive(anon):  3694600 kB
Active(file):     872728 kB
Inactive(file):  1646424 kB
Unevictable:           0 kB
Mlocked:               0 kB
SwapTotal:      16777212 kB
SwapFree:       16777184 kB
Dirty:                16 kB
Writeback:             0 kB
AnonPages:       3667200 kB
Mapped:            62884 kB
Shmem:             30580 kB
KReclaimable:     135180 kB
Slab:            1339748 kB
SReclaimable:     135180 kB
SUnreclaim:      1204568 kB
KernelStack:       23104 kB
PageTables:        12036 kB
NFS_Unstable:          0 kB
Bounce:                0 kB
WritebackTmp:          0 kB
CommitLimit:    280438864 kB
Committed_AS:   156966732 kB
VmallocTotal:   13743895347199 kB
VmallocUsed:     1464884 kB
VmallocChunk:          0 kB
Percpu:            81024 kB
HardwareCorrupted:     0 kB
AnonHugePages:   3616768 kB
ShmemHugePages:        0 kB
ShmemPmdMapped:        0 kB
FileHugePages:         0 kB
FilePmdMapped:         0 kB
HugePages_Total:       0
HugePages_Free:        0
HugePages_Rsvd:        0
HugePages_Surp:        0
Hugepagesize:       2048 kB
Hugetlb:               0 kB
DirectMap4k:     9441276 kB
DirectMap2M:    342382592 kB
DirectMap1G:    186646528 kB
2025-02-03T15:05:21-0600
MemTotal:       527323304 kB
MemFree:        516471264 kB
MemAvailable:   516209940 kB
Buffers:            2668 kB
Cached:          2547064 kB
SwapCached:           20 kB
Active:           875324 kB
Inactive:        6064392 kB
Active(anon):       2596 kB
Inactive(anon):  4417968 kB
Active(file):     872728 kB
Inactive(file):  1646424 kB
Unevictable:           0 kB
Mlocked:               0 kB
SwapTotal:      16777212 kB
SwapFree:       16777184 kB
Dirty:                16 kB
Writeback:             0 kB
AnonPages:       4390060 kB
Mapped:            62952 kB
Shmem:             30580 kB
KReclaimable:     135180 kB
Slab:            1339916 kB
SReclaimable:     135180 kB
SUnreclaim:      1204736 kB
KernelStack:       23120 kB
PageTables:        13032 kB
NFS_Unstable:          0 kB
Bounce:                0 kB
WritebackTmp:          0 kB
CommitLimit:    280438864 kB
Committed_AS:   156966732 kB
VmallocTotal:   13743895347199 kB
VmallocUsed:     1464884 kB
VmallocChunk:          0 kB
Percpu:            81024 kB
HardwareCorrupted:     0 kB
AnonHugePages:   4339712 kB
ShmemHugePages:        0 kB
ShmemPmdMapped:        0 kB
FileHugePages:         0 kB
FilePmdMapped:         0 kB
HugePages_Total:       0
HugePages_Free:        0
HugePages_Rsvd:        0
HugePages_Surp:        0
Hugepagesize:       2048 kB
Hugetlb:               0 kB
DirectMap4k:     9441276 kB
DirectMap2M:    342382592 kB
DirectMap1G:    186646528 kB
2025-02-03T15:05:22-0600
MemTotal:       527323304 kB
MemFree:        515749068 kB
MemAvailable:   515487748 kB
Buffers:            2668 kB
Cached:          2547068 kB
SwapCached:           20 kB
Active:           875312 kB
Inactive:        6785056 kB
Active(anon):       2584 kB
Inactive(anon):  5138628 kB
Active(file):     872728 kB
Inactive(file):  1646428 kB
Unevictable:           0 kB
Mlocked:               0 kB
SwapTotal:      16777212 kB
SwapFree:       16777184 kB
Dirty:                20 kB
Writeback:             0 kB
AnonPages:       5111152 kB
Mapped:            62884 kB
Shmem:             30580 kB
KReclaimable:     135180 kB
Slab:            1340164 kB
SReclaimable:     135180 kB
SUnreclaim:      1204984 kB
KernelStack:       23136 kB
PageTables:        14468 kB
NFS_Unstable:          0 kB
Bounce:                0 kB
WritebackTmp:          0 kB
CommitLimit:    280438864 kB
Committed_AS:   156966732 kB
VmallocTotal:   13743895347199 kB
VmallocUsed:     1464868 kB
VmallocChunk:          0 kB
Percpu:            81024 kB
HardwareCorrupted:     0 kB
AnonHugePages:   5060608 kB
ShmemHugePages:        0 kB
ShmemPmdMapped:        0 kB
FileHugePages:         0 kB
FilePmdMapped:         0 kB
HugePages_Total:       0
HugePages_Free:        0
HugePages_Rsvd:        0
HugePages_Surp:        0
Hugepagesize:       2048 kB
Hugetlb:               0 kB
DirectMap4k:     9441276 kB
DirectMap2M:    342382592 kB
DirectMap1G:    186646528 kB
2025-02-03T15:05:23-0600
MemTotal:       527323304 kB
MemFree:        515026640 kB
MemAvailable:   514765320 kB
Buffers:            2668 kB
Cached:          2547068 kB
SwapCached:           20 kB
Active:           875300 kB
Inactive:        7505604 kB
Active(anon):       2572 kB
Inactive(anon):  5859176 kB
Active(file):     872728 kB
Inactive(file):  1646428 kB
Unevictable:           0 kB
Mlocked:               0 kB
SwapTotal:      16777212 kB
SwapFree:       16777184 kB
Dirty:                20 kB
Writeback:             0 kB
AnonPages:       5831660 kB
Mapped:            62820 kB
Shmem:             30580 kB
KReclaimable:     135180 kB
Slab:            1340180 kB
SReclaimable:     135180 kB
SUnreclaim:      1205000 kB
KernelStack:       23136 kB
PageTables:        16292 kB
NFS_Unstable:          0 kB
Bounce:                0 kB
WritebackTmp:          0 kB
CommitLimit:    280438864 kB
Committed_AS:   156988192 kB
VmallocTotal:   13743895347199 kB
VmallocUsed:     1464884 kB
VmallocChunk:          0 kB
Percpu:            81024 kB
HardwareCorrupted:     0 kB
AnonHugePages:   5781504 kB
ShmemHugePages:        0 kB
ShmemPmdMapped:        0 kB
FileHugePages:         0 kB
FilePmdMapped:         0 kB
HugePages_Total:       0
HugePages_Free:        0
HugePages_Rsvd:        0
HugePages_Surp:        0
Hugepagesize:       2048 kB
Hugetlb:               0 kB
DirectMap4k:     9441276 kB
DirectMap2M:    342382592 kB
DirectMap1G:    186646528 kB
2025-02-03T15:05:24-0600
MemTotal:       527323304 kB
MemFree:        514301860 kB
MemAvailable:   514040540 kB
Buffers:            2668 kB
Cached:          2547068 kB
SwapCached:           20 kB
Active:           875312 kB
Inactive:        8229184 kB
Active(anon):       2584 kB
Inactive(anon):  6582756 kB
Active(file):     872728 kB
Inactive(file):  1646428 kB
Unevictable:           0 kB
Mlocked:               0 kB
SwapTotal:      16777212 kB
SwapFree:       16777184 kB
Dirty:                12 kB
Writeback:             0 kB
AnonPages:       6555316 kB
Mapped:            63200 kB
Shmem:             30580 kB
KReclaimable:     135180 kB
Slab:            1339948 kB
SReclaimable:     135180 kB
SUnreclaim:      1204768 kB
KernelStack:       23104 kB
PageTables:        17680 kB
NFS_Unstable:          0 kB
Bounce:                0 kB
WritebackTmp:          0 kB
CommitLimit:    280438864 kB
Committed_AS:   156988192 kB
VmallocTotal:   13743895347199 kB
VmallocUsed:     1464884 kB
VmallocChunk:          0 kB
Percpu:            81024 kB
HardwareCorrupted:     0 kB
AnonHugePages:   6504448 kB
ShmemHugePages:        0 kB
ShmemPmdMapped:        0 kB
FileHugePages:         0 kB
FilePmdMapped:         0 kB
HugePages_Total:       0
HugePages_Free:        0
HugePages_Rsvd:        0
HugePages_Surp:        0
Hugepagesize:       2048 kB
Hugetlb:               0 kB
DirectMap4k:     9441276 kB
DirectMap2M:    342382592 kB
DirectMap1G:    186646528 kB
2025-02-03T15:05:25-0600
MemTotal:       527323304 kB
MemFree:        513579528 kB
MemAvailable:   513318212 kB
Buffers:            2668 kB
Cached:          2547072 kB
SwapCached:           20 kB
Active:           875316 kB
Inactive:        8949856 kB
Active(anon):       2588 kB
Inactive(anon):  7303424 kB
Active(file):     872728 kB
Inactive(file):  1646432 kB
Unevictable:           0 kB
Mlocked:               0 kB
SwapTotal:      16777212 kB
SwapFree:       16777184 kB
Dirty:                16 kB
Writeback:             0 kB
AnonPages:       7276020 kB
Mapped:            63200 kB
Shmem:             30580 kB
KReclaimable:     135180 kB
Slab:            1340092 kB
SReclaimable:     135180 kB
SUnreclaim:      1204912 kB
KernelStack:       23136 kB
PageTables:        19200 kB
NFS_Unstable:          0 kB
Bounce:                0 kB
WritebackTmp:          0 kB
CommitLimit:    280438864 kB
Committed_AS:   156988192 kB
VmallocTotal:   13743895347199 kB
VmallocUsed:     1464868 kB
VmallocChunk:          0 kB
Percpu:            81024 kB
HardwareCorrupted:     0 kB
AnonHugePages:   7225344 kB
ShmemHugePages:        0 kB
ShmemPmdMapped:        0 kB
FileHugePages:         0 kB
FilePmdMapped:         0 kB
HugePages_Total:       0
HugePages_Free:        0
HugePages_Rsvd:        0
HugePages_Surp:        0
Hugepagesize:       2048 kB
Hugetlb:               0 kB
DirectMap4k:     9441276 kB
DirectMap2M:    342382592 kB
DirectMap1G:    186646528 kB
2025-02-03T15:05:26-0600
MemTotal:       527323304 kB
MemFree:        512855548 kB
MemAvailable:   512594232 kB
Buffers:            2668 kB
Cached:          2547072 kB
SwapCached:           20 kB
Active:           875316 kB
Inactive:        9672612 kB
Active(anon):       2588 kB
Inactive(anon):  8026180 kB
Active(file):     872728 kB
Inactive(file):  1646432 kB
Unevictable:           0 kB
Mlocked:               0 kB
SwapTotal:      16777212 kB
SwapFree:       16777184 kB
Dirty:                16 kB
Writeback:             0 kB
AnonPages:       7998732 kB
Mapped:            62884 kB
Shmem:             30580 kB
KReclaimable:     135180 kB
Slab:            1340068 kB
SReclaimable:     135180 kB
SUnreclaim:      1204888 kB
KernelStack:       23120 kB
PageTables:        20432 kB
NFS_Unstable:          0 kB
Bounce:                0 kB
WritebackTmp:          0 kB
CommitLimit:    280438864 kB
Committed_AS:   156988192 kB
VmallocTotal:   13743895347199 kB
VmallocUsed:     1464900 kB
VmallocChunk:          0 kB
Percpu:            81024 kB
HardwareCorrupted:     0 kB
AnonHugePages:   7948288 kB
ShmemHugePages:        0 kB
ShmemPmdMapped:        0 kB
FileHugePages:         0 kB
FilePmdMapped:         0 kB
HugePages_Total:       0
HugePages_Free:        0
HugePages_Rsvd:        0
HugePages_Surp:        0
Hugepagesize:       2048 kB
Hugetlb:               0 kB
DirectMap4k:     9441276 kB
DirectMap2M:    342382592 kB
DirectMap1G:    186646528 kB
2025-02-03T15:05:27-0600
MemTotal:       527323304 kB
MemFree:        512133436 kB
MemAvailable:   511872120 kB
Buffers:            2668 kB
Cached:          2547072 kB
SwapCached:           20 kB
Active:           875316 kB
Inactive:       10393504 kB
Active(anon):       2588 kB
Inactive(anon):  8747072 kB
Active(file):     872728 kB
Inactive(file):  1646432 kB
Unevictable:           0 kB
Mlocked:               0 kB
SwapTotal:      16777212 kB
SwapFree:       16777184 kB
Dirty:                16 kB
Writeback:             0 kB
AnonPages:       8719628 kB
Mapped:            62884 kB
Shmem:             30580 kB
KReclaimable:     135180 kB
Slab:            1339972 kB
SReclaimable:     135180 kB
SUnreclaim:      1204792 kB
KernelStack:       23120 kB
PageTables:        21864 kB
NFS_Unstable:          0 kB
Bounce:                0 kB
WritebackTmp:          0 kB
CommitLimit:    280438864 kB
Committed_AS:   156988192 kB
VmallocTotal:   13743895347199 kB
VmallocUsed:     1464868 kB
VmallocChunk:          0 kB
Percpu:            81024 kB
HardwareCorrupted:     0 kB
AnonHugePages:   8669184 kB
ShmemHugePages:        0 kB
ShmemPmdMapped:        0 kB
FileHugePages:         0 kB
FilePmdMapped:         0 kB
HugePages_Total:       0
HugePages_Free:        0
HugePages_Rsvd:        0
HugePages_Surp:        0
Hugepagesize:       2048 kB
Hugetlb:               0 kB
DirectMap4k:     9441276 kB
DirectMap2M:    342382592 kB
DirectMap1G:    186646528 kB
2025-02-03T15:05:28-0600
MemTotal:       527323304 kB
MemFree:        511411152 kB
MemAvailable:   511149840 kB
Buffers:            2668 kB
Cached:          2547076 kB
SwapCached:           20 kB
Active:           875316 kB
Inactive:       11114396 kB
Active(anon):       2588 kB
Inactive(anon):  9467960 kB
Active(file):     872728 kB
Inactive(file):  1646436 kB
Unevictable:           0 kB
Mlocked:               0 kB
SwapTotal:      16777212 kB
SwapFree:       16777184 kB
Dirty:                20 kB
Writeback:             0 kB
AnonPages:       9440552 kB
Mapped:            62884 kB
Shmem:             30580 kB
KReclaimable:     135180 kB
Slab:            1340076 kB
SReclaimable:     135180 kB
SUnreclaim:      1204896 kB
KernelStack:       23104 kB
PageTables:        23212 kB
NFS_Unstable:          0 kB
Bounce:                0 kB
WritebackTmp:          0 kB
CommitLimit:    280438864 kB
Committed_AS:   156988192 kB
VmallocTotal:   13743895347199 kB
VmallocUsed:     1464868 kB
VmallocChunk:          0 kB
Percpu:            81024 kB
HardwareCorrupted:     0 kB
AnonHugePages:   9390080 kB
ShmemHugePages:        0 kB
ShmemPmdMapped:        0 kB
FileHugePages:         0 kB
FilePmdMapped:         0 kB
HugePages_Total:       0
HugePages_Free:        0
HugePages_Rsvd:        0
HugePages_Surp:        0
Hugepagesize:       2048 kB
Hugetlb:               0 kB
DirectMap4k:     9441276 kB
DirectMap2M:    342382592 kB
DirectMap1G:    186646528 kB
2025-02-03T15:05:29-0600
MemTotal:       527323304 kB
MemFree:        510688652 kB
MemAvailable:   510427340 kB
Buffers:            2668 kB
Cached:          2547076 kB
SwapCached:           20 kB
Active:           875320 kB
Inactive:       11835328 kB
Active(anon):       2592 kB
Inactive(anon): 10188892 kB
Active(file):     872728 kB
Inactive(file):  1646436 kB
Unevictable:           0 kB
Mlocked:               0 kB
SwapTotal:      16777212 kB
SwapFree:       16777184 kB
Dirty:                12 kB
Writeback:             0 kB
AnonPages:      10161456 kB
Mapped:            62884 kB
Shmem:             30580 kB
KReclaimable:     135180 kB
Slab:            1340140 kB
SReclaimable:     135180 kB
SUnreclaim:      1204960 kB
KernelStack:       23104 kB
PageTables:        24636 kB
NFS_Unstable:          0 kB
Bounce:                0 kB
WritebackTmp:          0 kB
CommitLimit:    280438864 kB
Committed_AS:   156988192 kB
VmallocTotal:   13743895347199 kB
VmallocUsed:     1464900 kB
VmallocChunk:          0 kB
Percpu:            81024 kB
HardwareCorrupted:     0 kB
AnonHugePages:  10110976 kB
ShmemHugePages:        0 kB
ShmemPmdMapped:        0 kB
FileHugePages:         0 kB
FilePmdMapped:         0 kB
HugePages_Total:       0
HugePages_Free:        0
HugePages_Rsvd:        0
HugePages_Surp:        0
Hugepagesize:       2048 kB
Hugetlb:               0 kB
DirectMap4k:     9441276 kB
DirectMap2M:    342382592 kB
DirectMap1G:    186646528 kB
2025-02-03T15:05:30-0600
MemTotal:       527323304 kB
MemFree:        509966500 kB
MemAvailable:   509705192 kB
Buffers:            2668 kB
Cached:          2547080 kB
SwapCached:           20 kB
Active:           875316 kB
Inactive:       12556172 kB
Active(anon):       2588 kB
Inactive(anon): 10909732 kB
Active(file):     872728 kB
Inactive(file):  1646440 kB
Unevictable:           0 kB
Mlocked:               0 kB
SwapTotal:      16777212 kB
SwapFree:       16777184 kB
Dirty:                16 kB
Writeback:             0 kB
AnonPages:      10882316 kB
Mapped:            62884 kB
Shmem:             30580 kB
KReclaimable:     135180 kB
Slab:            1340028 kB
SReclaimable:     135180 kB
SUnreclaim:      1204848 kB
KernelStack:       23120 kB
PageTables:        26060 kB
NFS_Unstable:          0 kB
Bounce:                0 kB
WritebackTmp:          0 kB
CommitLimit:    280438864 kB
Committed_AS:   156988192 kB
VmallocTotal:   13743895347199 kB
VmallocUsed:     1464900 kB
VmallocChunk:          0 kB
Percpu:            81024 kB
HardwareCorrupted:     0 kB
AnonHugePages:  10831872 kB
ShmemHugePages:        0 kB
ShmemPmdMapped:        0 kB
FileHugePages:         0 kB
FilePmdMapped:         0 kB
HugePages_Total:       0
HugePages_Free:        0
HugePages_Rsvd:        0
HugePages_Surp:        0
Hugepagesize:       2048 kB
Hugetlb:               0 kB
DirectMap4k:     9441276 kB
DirectMap2M:    342382592 kB
DirectMap1G:    186646528 kB
2025-02-03T15:05:31-0600
MemTotal:       527323304 kB
MemFree:        509244056 kB
MemAvailable:   508982752 kB
Buffers:            2668 kB
Cached:          2547084 kB
SwapCached:           20 kB
Active:           875312 kB
Inactive:       13277108 kB
Active(anon):       2584 kB
Inactive(anon): 11630664 kB
Active(file):     872728 kB
Inactive(file):  1646444 kB
Unevictable:           0 kB
Mlocked:               0 kB
SwapTotal:      16777212 kB
SwapFree:       16777184 kB
Dirty:                20 kB
Writeback:             0 kB
AnonPages:      11603212 kB
Mapped:            62884 kB
Shmem:             30580 kB
KReclaimable:     135180 kB
Slab:            1340124 kB
SReclaimable:     135180 kB
SUnreclaim:      1204944 kB
KernelStack:       23120 kB
PageTables:        27404 kB
NFS_Unstable:          0 kB
Bounce:                0 kB
WritebackTmp:          0 kB
CommitLimit:    280438864 kB
Committed_AS:   156988192 kB
VmallocTotal:   13743895347199 kB
VmallocUsed:     1464900 kB
VmallocChunk:          0 kB
Percpu:            81024 kB
HardwareCorrupted:     0 kB
AnonHugePages:  11552768 kB
ShmemHugePages:        0 kB
ShmemPmdMapped:        0 kB
FileHugePages:         0 kB
FilePmdMapped:         0 kB
HugePages_Total:       0
HugePages_Free:        0
HugePages_Rsvd:        0
HugePages_Surp:        0
Hugepagesize:       2048 kB
Hugetlb:               0 kB
DirectMap4k:     9441276 kB
DirectMap2M:    342382592 kB
DirectMap1G:    186646528 kB
2025-02-03T15:05:32-0600
MemTotal:       527323304 kB
MemFree:        508522044 kB
MemAvailable:   508260740 kB
Buffers:            2668 kB
Cached:          2547084 kB
SwapCached:           20 kB
Active:           875316 kB
Inactive:       13997968 kB
Active(anon):       2588 kB
Inactive(anon): 12351524 kB
Active(file):     872728 kB
Inactive(file):  1646444 kB
Unevictable:           0 kB
Mlocked:               0 kB
SwapTotal:      16777212 kB
SwapFree:       16777184 kB
Dirty:                20 kB
Writeback:             0 kB
AnonPages:      12324108 kB
Mapped:            62884 kB
Shmem:             30580 kB
KReclaimable:     135180 kB
Slab:            1339964 kB
SReclaimable:     135180 kB
SUnreclaim:      1204784 kB
KernelStack:       23120 kB
PageTables:        28828 kB
NFS_Unstable:          0 kB
Bounce:                0 kB
WritebackTmp:          0 kB
CommitLimit:    280438864 kB
Committed_AS:   157009656 kB
VmallocTotal:   13743895347199 kB
VmallocUsed:     1464868 kB
VmallocChunk:          0 kB
Percpu:            81024 kB
HardwareCorrupted:     0 kB
AnonHugePages:  12273664 kB
ShmemHugePages:        0 kB
ShmemPmdMapped:        0 kB
FileHugePages:         0 kB
FilePmdMapped:         0 kB
HugePages_Total:       0
HugePages_Free:        0
HugePages_Rsvd:        0
HugePages_Surp:        0
Hugepagesize:       2048 kB
Hugetlb:               0 kB
DirectMap4k:     9441276 kB
DirectMap2M:    342382592 kB
DirectMap1G:    186646528 kB
2025-02-03T15:05:33-0600
MemTotal:       527323304 kB
MemFree:        507799528 kB
MemAvailable:   507538228 kB
Buffers:            2668 kB
Cached:          2547088 kB
SwapCached:           20 kB
Active:           875316 kB
Inactive:       14718872 kB
Active(anon):       2588 kB
Inactive(anon): 13072424 kB
Active(file):     872728 kB
Inactive(file):  1646448 kB
Unevictable:           0 kB
Mlocked:               0 kB
SwapTotal:      16777212 kB
SwapFree:       16777184 kB
Dirty:                24 kB
Writeback:             0 kB
AnonPages:      13045004 kB
Mapped:            62884 kB
Shmem:             30580 kB
KReclaimable:     135180 kB
Slab:            1340068 kB
SReclaimable:     135180 kB
SUnreclaim:      1204888 kB
KernelStack:       23120 kB
PageTables:        30164 kB
NFS_Unstable:          0 kB
Bounce:                0 kB
WritebackTmp:          0 kB
CommitLimit:    280438864 kB
Committed_AS:   157009656 kB
VmallocTotal:   13743895347199 kB
VmallocUsed:     1464900 kB
VmallocChunk:          0 kB
Percpu:            81024 kB
HardwareCorrupted:     0 kB
AnonHugePages:  12994560 kB
ShmemHugePages:        0 kB
ShmemPmdMapped:        0 kB
FileHugePages:         0 kB
FilePmdMapped:         0 kB
HugePages_Total:       0
HugePages_Free:        0
HugePages_Rsvd:        0
HugePages_Surp:        0
Hugepagesize:       2048 kB
Hugetlb:               0 kB
DirectMap4k:     9441276 kB
DirectMap2M:    342382592 kB
DirectMap1G:    186646528 kB
2025-02-03T15:05:34-0600
MemTotal:       527323304 kB
MemFree:        507077292 kB
MemAvailable:   506815992 kB
Buffers:            2668 kB
Cached:          2547088 kB
SwapCached:           20 kB
Active:           875316 kB
Inactive:       15439756 kB
Active(anon):       2588 kB
Inactive(anon): 13793308 kB
Active(file):     872728 kB
Inactive(file):  1646448 kB
Unevictable:           0 kB
Mlocked:               0 kB
SwapTotal:      16777212 kB
SwapFree:       16777184 kB
Dirty:                 4 kB
Writeback:             0 kB
AnonPages:      13765904 kB
Mapped:            62884 kB
Shmem:             30580 kB
KReclaimable:     135180 kB
Slab:            1340044 kB
SReclaimable:     135180 kB
SUnreclaim:      1204864 kB
KernelStack:       23120 kB
PageTables:        31596 kB
NFS_Unstable:          0 kB
Bounce:                0 kB
WritebackTmp:          0 kB
CommitLimit:    280438864 kB
Committed_AS:   157009656 kB
VmallocTotal:   13743895347199 kB
VmallocUsed:     1464900 kB
VmallocChunk:          0 kB
Percpu:            81024 kB
HardwareCorrupted:     0 kB
AnonHugePages:  13715456 kB
ShmemHugePages:        0 kB
ShmemPmdMapped:        0 kB
FileHugePages:         0 kB
FilePmdMapped:         0 kB
HugePages_Total:       0
HugePages_Free:        0
HugePages_Rsvd:        0
HugePages_Surp:        0
Hugepagesize:       2048 kB
Hugetlb:               0 kB
DirectMap4k:     9441276 kB
DirectMap2M:    342382592 kB
DirectMap1G:    186646528 kB
2025-02-03T15:05:35-0600
MemTotal:       527323304 kB
MemFree:        506354712 kB
MemAvailable:   506093412 kB
Buffers:            2668 kB
Cached:          2547088 kB
SwapCached:           20 kB
Active:           875316 kB
Inactive:       16160692 kB
Active(anon):       2588 kB
Inactive(anon): 14514244 kB
Active(file):     872728 kB
Inactive(file):  1646448 kB
Unevictable:           0 kB
Mlocked:               0 kB
SwapTotal:      16777212 kB
SwapFree:       16777184 kB
Dirty:                12 kB
Writeback:             0 kB
AnonPages:      14486796 kB
Mapped:            62884 kB
Shmem:             30580 kB
KReclaimable:     135180 kB
Slab:            1340172 kB
SReclaimable:     135180 kB
SUnreclaim:      1204992 kB
KernelStack:       23120 kB
PageTables:        33024 kB
NFS_Unstable:          0 kB
Bounce:                0 kB
WritebackTmp:          0 kB
CommitLimit:    280438864 kB
Committed_AS:   157009656 kB
VmallocTotal:   13743895347199 kB
VmallocUsed:     1464916 kB
VmallocChunk:          0 kB
Percpu:            81024 kB
HardwareCorrupted:     0 kB
AnonHugePages:  14436352 kB
ShmemHugePages:        0 kB
ShmemPmdMapped:        0 kB
FileHugePages:         0 kB
FilePmdMapped:         0 kB
HugePages_Total:       0
HugePages_Free:        0
HugePages_Rsvd:        0
HugePages_Surp:        0
Hugepagesize:       2048 kB
Hugetlb:               0 kB
DirectMap4k:     9441276 kB
DirectMap2M:    342382592 kB
DirectMap1G:    186646528 kB
2025-02-03T15:05:36-0600
MemTotal:       527323304 kB
MemFree:        505632736 kB
MemAvailable:   505371440 kB
Buffers:            2668 kB
Cached:          2547092 kB
SwapCached:           20 kB
Active:           875316 kB
Inactive:       16881592 kB
Active(anon):       2588 kB
Inactive(anon): 15235140 kB
Active(file):     872728 kB
Inactive(file):  1646452 kB
Unevictable:           0 kB
Mlocked:               0 kB
SwapTotal:      16777212 kB
SwapFree:       16777184 kB
Dirty:                16 kB
Writeback:             0 kB
AnonPages:      15207692 kB
Mapped:            62884 kB
Shmem:             30580 kB
KReclaimable:     135180 kB
Slab:            1340140 kB
SReclaimable:     135180 kB
SUnreclaim:      1204960 kB
KernelStack:       23120 kB
PageTables:        34356 kB
NFS_Unstable:          0 kB
Bounce:                0 kB
WritebackTmp:          0 kB
CommitLimit:    280438864 kB
Committed_AS:   157009656 kB
VmallocTotal:   13743895347199 kB
VmallocUsed:     1464868 kB
VmallocChunk:          0 kB
Percpu:            81024 kB
HardwareCorrupted:     0 kB
AnonHugePages:  15157248 kB
ShmemHugePages:        0 kB
ShmemPmdMapped:        0 kB
FileHugePages:         0 kB
FilePmdMapped:         0 kB
HugePages_Total:       0
HugePages_Free:        0
HugePages_Rsvd:        0
HugePages_Surp:        0
Hugepagesize:       2048 kB
Hugetlb:               0 kB
DirectMap4k:     9441276 kB
DirectMap2M:    342382592 kB
DirectMap1G:    186646528 kB
2025-02-03T15:05:37-0600
MemTotal:       527323304 kB
MemFree:        504910192 kB
MemAvailable:   504648896 kB
Buffers:            2668 kB
Cached:          2547092 kB
SwapCached:           20 kB
Active:           875312 kB
Inactive:       17602488 kB
Active(anon):       2584 kB
Inactive(anon): 15956036 kB
Active(file):     872728 kB
Inactive(file):  1646452 kB
Unevictable:           0 kB
Mlocked:               0 kB
SwapTotal:      16777212 kB
SwapFree:       16777184 kB
Dirty:                16 kB
Writeback:             0 kB
AnonPages:      15928588 kB
Mapped:            62884 kB
Shmem:             30580 kB
KReclaimable:     135180 kB
Slab:            1340148 kB
SReclaimable:     135180 kB
SUnreclaim:      1204968 kB
KernelStack:       23120 kB
PageTables:        35780 kB
NFS_Unstable:          0 kB
Bounce:                0 kB
WritebackTmp:          0 kB
CommitLimit:    280438864 kB
Committed_AS:   157009656 kB
VmallocTotal:   13743895347199 kB
VmallocUsed:     1464900 kB
VmallocChunk:          0 kB
Percpu:            81024 kB
HardwareCorrupted:     0 kB
AnonHugePages:  15878144 kB
ShmemHugePages:        0 kB
ShmemPmdMapped:        0 kB
FileHugePages:         0 kB
FilePmdMapped:         0 kB
HugePages_Total:       0
HugePages_Free:        0
HugePages_Rsvd:        0
HugePages_Surp:        0
Hugepagesize:       2048 kB
Hugetlb:               0 kB
DirectMap4k:     9441276 kB
DirectMap2M:    342382592 kB
DirectMap1G:    186646528 kB
2025-02-03T15:05:38-0600
MemTotal:       527323304 kB
MemFree:        504187812 kB
MemAvailable:   503926516 kB
Buffers:            2668 kB
Cached:          2547092 kB
SwapCached:           20 kB
Active:           875312 kB
Inactive:       18323428 kB
Active(anon):       2584 kB
Inactive(anon): 16676976 kB
Active(file):     872728 kB
Inactive(file):  1646452 kB
Unevictable:           0 kB
Mlocked:               0 kB
SwapTotal:      16777212 kB
SwapFree:       16777184 kB
Dirty:                16 kB
Writeback:             0 kB
AnonPages:      16649560 kB
Mapped:            62884 kB
Shmem:             30580 kB
KReclaimable:     135180 kB
Slab:            1340292 kB
SReclaimable:     135180 kB
SUnreclaim:      1205112 kB
KernelStack:       23136 kB
PageTables:        37244 kB
NFS_Unstable:          0 kB
Bounce:                0 kB
WritebackTmp:          0 kB
CommitLimit:    280438864 kB
Committed_AS:   157009656 kB
VmallocTotal:   13743895347199 kB
VmallocUsed:     1464884 kB
VmallocChunk:          0 kB
Percpu:            81024 kB
HardwareCorrupted:     0 kB
AnonHugePages:  16599040 kB
ShmemHugePages:        0 kB
ShmemPmdMapped:        0 kB
FileHugePages:         0 kB
FilePmdMapped:         0 kB
HugePages_Total:       0
HugePages_Free:        0
HugePages_Rsvd:        0
HugePages_Surp:        0
Hugepagesize:       2048 kB
Hugetlb:               0 kB
DirectMap4k:     9441276 kB
DirectMap2M:    342382592 kB
DirectMap1G:    186646528 kB
2025-02-03T15:05:39-0600
MemTotal:       527323304 kB
MemFree:        503465716 kB
MemAvailable:   503204424 kB
Buffers:            2668 kB
Cached:          2547096 kB
SwapCached:           20 kB
Active:           875316 kB
Inactive:       19044280 kB
Active(anon):       2588 kB
Inactive(anon): 17397824 kB
Active(file):     872728 kB
Inactive(file):  1646456 kB
Unevictable:           0 kB
Mlocked:               0 kB
SwapTotal:      16777212 kB
SwapFree:       16777184 kB
Dirty:                20 kB
Writeback:             0 kB
AnonPages:      17370380 kB
Mapped:            62884 kB
Shmem:             30580 kB
KReclaimable:     135180 kB
Slab:            1340028 kB
SReclaimable:     135180 kB
SUnreclaim:      1204848 kB
KernelStack:       23120 kB
PageTables:        38544 kB
NFS_Unstable:          0 kB
Bounce:                0 kB
WritebackTmp:          0 kB
CommitLimit:    280438864 kB
Committed_AS:   157009656 kB
VmallocTotal:   13743895347199 kB
VmallocUsed:     1464900 kB
VmallocChunk:          0 kB
Percpu:            81024 kB
HardwareCorrupted:     0 kB
AnonHugePages:  17319936 kB
ShmemHugePages:        0 kB
ShmemPmdMapped:        0 kB
FileHugePages:         0 kB
FilePmdMapped:         0 kB
HugePages_Total:       0
HugePages_Free:        0
HugePages_Rsvd:        0
HugePages_Surp:        0
Hugepagesize:       2048 kB
Hugetlb:               0 kB
DirectMap4k:     9441276 kB
DirectMap2M:    342382592 kB
DirectMap1G:    186646528 kB
2025-02-03T15:05:40-0600
MemTotal:       527323304 kB
MemFree:        502743504 kB
MemAvailable:   502482212 kB
Buffers:            2668 kB
Cached:          2547096 kB
SwapCached:           20 kB
Active:           875316 kB
Inactive:       19765176 kB
Active(anon):       2588 kB
Inactive(anon): 18118720 kB
Active(file):     872728 kB
Inactive(file):  1646456 kB
Unevictable:           0 kB
Mlocked:               0 kB
SwapTotal:      16777212 kB
SwapFree:       16777184 kB
Dirty:                32 kB
Writeback:             0 kB
AnonPages:      18091276 kB
Mapped:            62884 kB
Shmem:             30580 kB
KReclaimable:     135180 kB
Slab:            1340020 kB
SReclaimable:     135180 kB
SUnreclaim:      1204840 kB
KernelStack:       23120 kB
PageTables:        39980 kB
NFS_Unstable:          0 kB
Bounce:                0 kB
WritebackTmp:          0 kB
CommitLimit:    280438864 kB
Committed_AS:   156987692 kB
VmallocTotal:   13743895347199 kB
VmallocUsed:     1464900 kB
VmallocChunk:          0 kB
Percpu:            81024 kB
HardwareCorrupted:     0 kB
AnonHugePages:  18040832 kB
ShmemHugePages:        0 kB
ShmemPmdMapped:        0 kB
FileHugePages:         0 kB
FilePmdMapped:         0 kB
HugePages_Total:       0
HugePages_Free:        0
HugePages_Rsvd:        0
HugePages_Surp:        0
Hugepagesize:       2048 kB
Hugetlb:               0 kB
DirectMap4k:     9441276 kB
DirectMap2M:    342382592 kB
DirectMap1G:    186646528 kB
2025-02-03T15:05:41-0600
MemTotal:       527323304 kB
MemFree:        502018988 kB
MemAvailable:   501757696 kB
Buffers:            2668 kB
Cached:          2547096 kB
SwapCached:           20 kB
Active:           875324 kB
Inactive:       20486400 kB
Active(anon):       2596 kB
Inactive(anon): 18839944 kB
Active(file):     872728 kB
Inactive(file):  1646456 kB
Unevictable:           0 kB
Mlocked:               0 kB
SwapTotal:      16777212 kB
SwapFree:       16777184 kB
Dirty:                12 kB
Writeback:             0 kB
AnonPages:      18812064 kB
Mapped:            62920 kB
Shmem:             30580 kB
KReclaimable:     135180 kB
Slab:            1340156 kB
SReclaimable:     135180 kB
SUnreclaim:      1204976 kB
KernelStack:       23104 kB
PageTables:        41372 kB
NFS_Unstable:          0 kB
Bounce:                0 kB
WritebackTmp:          0 kB
CommitLimit:    280438864 kB
Committed_AS:   156965996 kB
VmallocTotal:   13743895347199 kB
VmallocUsed:     1464900 kB
VmallocChunk:          0 kB
Percpu:            81024 kB
HardwareCorrupted:     0 kB
AnonHugePages:  18761728 kB
ShmemHugePages:        0 kB
ShmemPmdMapped:        0 kB
FileHugePages:         0 kB
FilePmdMapped:         0 kB
HugePages_Total:       0
HugePages_Free:        0
HugePages_Rsvd:        0
HugePages_Surp:        0
Hugepagesize:       2048 kB
Hugetlb:               0 kB
DirectMap4k:     9441276 kB
DirectMap2M:    342382592 kB
DirectMap1G:    186646528 kB
2025-02-03T15:05:42-0600
MemTotal:       527323304 kB
MemFree:        501296176 kB
MemAvailable:   501034888 kB
Buffers:            2668 kB
Cached:          2547100 kB
SwapCached:           20 kB
Active:           875324 kB
Inactive:       21209624 kB
Active(anon):       2596 kB
Inactive(anon): 19563164 kB
Active(file):     872728 kB
Inactive(file):  1646460 kB
Unevictable:           0 kB
Mlocked:               0 kB
SwapTotal:      16777212 kB
SwapFree:       16777184 kB
Dirty:                16 kB
Writeback:             0 kB
AnonPages:      19535308 kB
Mapped:            62976 kB
Shmem:             30580 kB
KReclaimable:     135180 kB
Slab:            1340284 kB
SReclaimable:     135180 kB
SUnreclaim:      1205104 kB
KernelStack:       23136 kB
PageTables:        42992 kB
NFS_Unstable:          0 kB
Bounce:                0 kB
WritebackTmp:          0 kB
CommitLimit:    280438864 kB
Committed_AS:   156965996 kB
VmallocTotal:   13743895347199 kB
VmallocUsed:     1464900 kB
VmallocChunk:          0 kB
Percpu:            81024 kB
HardwareCorrupted:     0 kB
AnonHugePages:  19484672 kB
ShmemHugePages:        0 kB
ShmemPmdMapped:        0 kB
FileHugePages:         0 kB
FilePmdMapped:         0 kB
HugePages_Total:       0
HugePages_Free:        0
HugePages_Rsvd:        0
HugePages_Surp:        0
Hugepagesize:       2048 kB
Hugetlb:               0 kB
DirectMap4k:     9441276 kB
DirectMap2M:    342382592 kB
DirectMap1G:    186646528 kB
2025-02-03T15:05:43-0600
MemTotal:       527323304 kB
MemFree:        500572428 kB
MemAvailable:   500311140 kB
Buffers:            2668 kB
Cached:          2547100 kB
SwapCached:           20 kB
Active:           875324 kB
Inactive:       21930264 kB
Active(anon):       2596 kB
Inactive(anon): 20283804 kB
Active(file):     872728 kB
Inactive(file):  1646460 kB
Unevictable:           0 kB
Mlocked:               0 kB
SwapTotal:      16777212 kB
SwapFree:       16777184 kB
Dirty:                16 kB
Writeback:             0 kB
AnonPages:      20255968 kB
Mapped:            62924 kB
Shmem:             30580 kB
KReclaimable:     135180 kB
Slab:            1340252 kB
SReclaimable:     135180 kB
SUnreclaim:      1205072 kB
KernelStack:       23120 kB
PageTables:        44568 kB
NFS_Unstable:          0 kB
Bounce:                0 kB
WritebackTmp:          0 kB
CommitLimit:    280438864 kB
Committed_AS:   156987560 kB
VmallocTotal:   13743895347199 kB
VmallocUsed:     1464900 kB
VmallocChunk:          0 kB
Percpu:            81024 kB
HardwareCorrupted:     0 kB
AnonHugePages:  20205568 kB
ShmemHugePages:        0 kB
ShmemPmdMapped:        0 kB
FileHugePages:         0 kB
FilePmdMapped:         0 kB
HugePages_Total:       0
HugePages_Free:        0
HugePages_Rsvd:        0
HugePages_Surp:        0
Hugepagesize:       2048 kB
Hugetlb:               0 kB
DirectMap4k:     9441276 kB
DirectMap2M:    342382592 kB
DirectMap1G:    186646528 kB
2025-02-03T15:05:44-0600
MemTotal:       527323304 kB
MemFree:        499850272 kB
MemAvailable:   499588988 kB
Buffers:            2668 kB
Cached:          2547104 kB
SwapCached:           20 kB
Active:           875324 kB
Inactive:       22653208 kB
Active(anon):       2596 kB
Inactive(anon): 21006744 kB
Active(file):     872728 kB
Inactive(file):  1646464 kB
Unevictable:           0 kB
Mlocked:               0 kB
SwapTotal:      16777212 kB
SwapFree:       16777184 kB
Dirty:                20 kB
Writeback:             0 kB
AnonPages:      20978900 kB
Mapped:            62948 kB
Shmem:             30580 kB
KReclaimable:     135180 kB
Slab:            1340068 kB
SReclaimable:     135180 kB
SUnreclaim:      1204888 kB
KernelStack:       23104 kB
PageTables:        45572 kB
NFS_Unstable:          0 kB
Bounce:                0 kB
WritebackTmp:          0 kB
CommitLimit:    280438864 kB
Committed_AS:   156987560 kB
VmallocTotal:   13743895347199 kB
VmallocUsed:     1464900 kB
VmallocChunk:          0 kB
Percpu:            81024 kB
HardwareCorrupted:     0 kB
AnonHugePages:  20928512 kB
ShmemHugePages:        0 kB
ShmemPmdMapped:        0 kB
FileHugePages:         0 kB
FilePmdMapped:         0 kB
HugePages_Total:       0
HugePages_Free:        0
HugePages_Rsvd:        0
HugePages_Surp:        0
Hugepagesize:       2048 kB
Hugetlb:               0 kB
DirectMap4k:     9441276 kB
DirectMap2M:    342382592 kB
DirectMap1G:    186646528 kB
2025-02-03T15:05:45-0600
MemTotal:       527323304 kB
MemFree:        499126032 kB
MemAvailable:   498864748 kB
Buffers:            2668 kB
Cached:          2547104 kB
SwapCached:           20 kB
Active:           875324 kB
Inactive:       23376164 kB
Active(anon):       2596 kB
Inactive(anon): 21729700 kB
Active(file):     872728 kB
Inactive(file):  1646464 kB
Unevictable:           0 kB
Mlocked:               0 kB
SwapTotal:      16777212 kB
SwapFree:       16777184 kB
Dirty:                 4 kB
Writeback:             0 kB
AnonPages:      21701824 kB
Mapped:            62908 kB
Shmem:             30580 kB
KReclaimable:     135180 kB
Slab:            1340028 kB
SReclaimable:     135180 kB
SUnreclaim:      1204848 kB
KernelStack:       23120 kB
PageTables:        47012 kB
NFS_Unstable:          0 kB
Bounce:                0 kB
WritebackTmp:          0 kB
CommitLimit:    280438864 kB
Committed_AS:   156987560 kB
VmallocTotal:   13743895347199 kB
VmallocUsed:     1464900 kB
VmallocChunk:          0 kB
Percpu:            81024 kB
HardwareCorrupted:     0 kB
AnonHugePages:  21651456 kB
ShmemHugePages:        0 kB
ShmemPmdMapped:        0 kB
FileHugePages:         0 kB
FilePmdMapped:         0 kB
HugePages_Total:       0
HugePages_Free:        0
HugePages_Rsvd:        0
HugePages_Surp:        0
Hugepagesize:       2048 kB
Hugetlb:               0 kB
DirectMap4k:     9441276 kB
DirectMap2M:    342382592 kB
DirectMap1G:    186646528 kB
2025-02-03T15:05:46-0600
MemTotal:       527323304 kB
MemFree:        498403988 kB
MemAvailable:   498142704 kB
Buffers:            2668 kB
Cached:          2547104 kB
SwapCached:           20 kB
Active:           875324 kB
Inactive:       24097016 kB
Active(anon):       2596 kB
Inactive(anon): 22450552 kB
Active(file):     872728 kB
Inactive(file):  1646464 kB
Unevictable:           0 kB
Mlocked:               0 kB
SwapTotal:      16777212 kB
SwapFree:       16777184 kB
Dirty:                12 kB
Writeback:             0 kB
AnonPages:      22422652 kB
Mapped:            62924 kB
Shmem:             30580 kB
KReclaimable:     135180 kB
Slab:            1339860 kB
SReclaimable:     135180 kB
SUnreclaim:      1204680 kB
KernelStack:       23088 kB
PageTables:        48728 kB
NFS_Unstable:          0 kB
Bounce:                0 kB
WritebackTmp:          0 kB
CommitLimit:    280438864 kB
Committed_AS:   156987560 kB
VmallocTotal:   13743895347199 kB
VmallocUsed:     1464900 kB
VmallocChunk:          0 kB
Percpu:            81024 kB
HardwareCorrupted:     0 kB
AnonHugePages:  22372352 kB
ShmemHugePages:        0 kB
ShmemPmdMapped:        0 kB
FileHugePages:         0 kB
FilePmdMapped:         0 kB
HugePages_Total:       0
HugePages_Free:        0
HugePages_Rsvd:        0
HugePages_Surp:        0
Hugepagesize:       2048 kB
Hugetlb:               0 kB
DirectMap4k:     9441276 kB
DirectMap2M:    342382592 kB
DirectMap1G:    186646528 kB
2025-02-03T15:05:47-0600
MemTotal:       527323304 kB
MemFree:        497679304 kB
MemAvailable:   497418024 kB
Buffers:            2668 kB
Cached:          2547108 kB
SwapCached:           20 kB
Active:           875324 kB
Inactive:       24820028 kB
Active(anon):       2596 kB
Inactive(anon): 23173560 kB
Active(file):     872728 kB
Inactive(file):  1646468 kB
Unevictable:           0 kB
Mlocked:               0 kB
SwapTotal:      16777212 kB
SwapFree:       16777184 kB
Dirty:                16 kB
Writeback:             0 kB
AnonPages:      23145680 kB
Mapped:            62948 kB
Shmem:             30580 kB
KReclaimable:     135180 kB
Slab:            1339892 kB
SReclaimable:     135180 kB
SUnreclaim:      1204712 kB
KernelStack:       23104 kB
PageTables:        50192 kB
NFS_Unstable:          0 kB
Bounce:                0 kB
WritebackTmp:          0 kB
CommitLimit:    280438864 kB
Committed_AS:   156987560 kB
VmallocTotal:   13743895347199 kB
VmallocUsed:     1464900 kB
VmallocChunk:          0 kB
Percpu:            81024 kB
HardwareCorrupted:     0 kB
AnonHugePages:  23095296 kB
ShmemHugePages:        0 kB
ShmemPmdMapped:        0 kB
FileHugePages:         0 kB
FilePmdMapped:         0 kB
HugePages_Total:       0
HugePages_Free:        0
HugePages_Rsvd:        0
HugePages_Surp:        0
Hugepagesize:       2048 kB
Hugetlb:               0 kB
DirectMap4k:     9441276 kB
DirectMap2M:    342382592 kB
DirectMap1G:    186646528 kB
2025-02-03T15:05:48-0600
MemTotal:       527323304 kB
MemFree:        496956732 kB
MemAvailable:   496695452 kB
Buffers:            2668 kB
Cached:          2547108 kB
SwapCached:           20 kB
Active:           875320 kB
Inactive:       25541100 kB
Active(anon):       2592 kB
Inactive(anon): 23894632 kB
Active(file):     872728 kB
Inactive(file):  1646468 kB
Unevictable:           0 kB
Mlocked:               0 kB
SwapTotal:      16777212 kB
SwapFree:       16777184 kB
Dirty:                16 kB
Writeback:             0 kB
AnonPages:      23866728 kB
Mapped:            62900 kB
Shmem:             30580 kB
KReclaimable:     135180 kB
Slab:            1340436 kB
SReclaimable:     135180 kB
SUnreclaim:      1205256 kB
KernelStack:       23136 kB
PageTables:        51616 kB
NFS_Unstable:          0 kB
Bounce:                0 kB
WritebackTmp:          0 kB
CommitLimit:    280438864 kB
Committed_AS:   156966100 kB
VmallocTotal:   13743895347199 kB
VmallocUsed:     1464884 kB
VmallocChunk:          0 kB
Percpu:            81024 kB
HardwareCorrupted:     0 kB
AnonHugePages:  23816192 kB
ShmemHugePages:        0 kB
ShmemPmdMapped:        0 kB
FileHugePages:         0 kB
FilePmdMapped:         0 kB
HugePages_Total:       0
HugePages_Free:        0
HugePages_Rsvd:        0
HugePages_Surp:        0
Hugepagesize:       2048 kB
Hugetlb:               0 kB
DirectMap4k:     9441276 kB
DirectMap2M:    342382592 kB
DirectMap1G:    186646528 kB
2025-02-03T15:05:49-0600
MemTotal:       527323304 kB
MemFree:        496234824 kB
MemAvailable:   495973548 kB
Buffers:            2668 kB
Cached:          2547112 kB
SwapCached:           20 kB
Active:           875320 kB
Inactive:       26261832 kB
Active(anon):       2592 kB
Inactive(anon): 24615360 kB
Active(file):     872728 kB
Inactive(file):  1646472 kB
Unevictable:           0 kB
Mlocked:               0 kB
SwapTotal:      16777212 kB
SwapFree:       16777184 kB
Dirty:                20 kB
Writeback:             0 kB
AnonPages:      24587452 kB
Mapped:            62928 kB
Shmem:             30580 kB
KReclaimable:     135180 kB
Slab:            1339852 kB
SReclaimable:     135180 kB
SUnreclaim:      1204672 kB
KernelStack:       23104 kB
PageTables:        52968 kB
NFS_Unstable:          0 kB
Bounce:                0 kB
WritebackTmp:          0 kB
CommitLimit:    280438864 kB
Committed_AS:   156966100 kB
VmallocTotal:   13743895347199 kB
VmallocUsed:     1464900 kB
VmallocChunk:          0 kB
Percpu:            81024 kB
HardwareCorrupted:     0 kB
AnonHugePages:  24537088 kB
ShmemHugePages:        0 kB
ShmemPmdMapped:        0 kB
FileHugePages:         0 kB
FilePmdMapped:         0 kB
HugePages_Total:       0
HugePages_Free:        0
HugePages_Rsvd:        0
HugePages_Surp:        0
Hugepagesize:       2048 kB
Hugetlb:               0 kB
DirectMap4k:     9441276 kB
DirectMap2M:    342382592 kB
DirectMap1G:    186646528 kB
2025-02-03T15:05:50-0600
MemTotal:       527323304 kB
MemFree:        495510352 kB
MemAvailable:   495249080 kB
Buffers:            2668 kB
Cached:          2547116 kB
SwapCached:           20 kB
Active:           875316 kB
Inactive:       26984420 kB
Active(anon):       2588 kB
Inactive(anon): 25337944 kB
Active(file):     872728 kB
Inactive(file):  1646476 kB
Unevictable:           0 kB
Mlocked:               0 kB
SwapTotal:      16777212 kB
SwapFree:       16777184 kB
Dirty:                24 kB
Writeback:             0 kB
AnonPages:      25310528 kB
Mapped:            62884 kB
Shmem:             30580 kB
KReclaimable:     135180 kB
Slab:            1339820 kB
SReclaimable:     135180 kB
SUnreclaim:      1204640 kB
KernelStack:       23120 kB
PageTables:        54348 kB
NFS_Unstable:          0 kB
Bounce:                0 kB
WritebackTmp:          0 kB
CommitLimit:    280438864 kB
Committed_AS:   156966100 kB
VmallocTotal:   13743895347199 kB
VmallocUsed:     1464900 kB
VmallocChunk:          0 kB
Percpu:            81024 kB
HardwareCorrupted:     0 kB
AnonHugePages:  25260032 kB
ShmemHugePages:        0 kB
ShmemPmdMapped:        0 kB
FileHugePages:         0 kB
FilePmdMapped:         0 kB
HugePages_Total:       0
HugePages_Free:        0
HugePages_Rsvd:        0
HugePages_Surp:        0
Hugepagesize:       2048 kB
Hugetlb:               0 kB
DirectMap4k:     9441276 kB
DirectMap2M:    342382592 kB
DirectMap1G:    186646528 kB
2025-02-03T15:05:51-0600
MemTotal:       527323304 kB
MemFree:        494788608 kB
MemAvailable:   494527336 kB
Buffers:            2668 kB
Cached:          2547116 kB
SwapCached:           20 kB
Active:           875312 kB
Inactive:       27705536 kB
Active(anon):       2584 kB
Inactive(anon): 26059060 kB
Active(file):     872728 kB
Inactive(file):  1646476 kB
Unevictable:           0 kB
Mlocked:               0 kB
SwapTotal:      16777212 kB
SwapFree:       16777184 kB
Dirty:                32 kB
Writeback:             0 kB
AnonPages:      26031104 kB
Mapped:            62884 kB
Shmem:             30580 kB
KReclaimable:     135180 kB
Slab:            1340316 kB
SReclaimable:     135180 kB
SUnreclaim:      1205136 kB
KernelStack:       23056 kB
PageTables:        55460 kB
NFS_Unstable:          0 kB
Bounce:                0 kB
WritebackTmp:          0 kB
CommitLimit:    280438864 kB
Committed_AS:   156966100 kB
VmallocTotal:   13743895347199 kB
VmallocUsed:     1464900 kB
VmallocChunk:          0 kB
Percpu:            81024 kB
HardwareCorrupted:     0 kB
AnonHugePages:  25980928 kB
ShmemHugePages:        0 kB
ShmemPmdMapped:        0 kB
FileHugePages:         0 kB
FilePmdMapped:         0 kB
HugePages_Total:       0
HugePages_Free:        0
HugePages_Rsvd:        0
HugePages_Surp:        0
Hugepagesize:       2048 kB
Hugetlb:               0 kB
DirectMap4k:     9441276 kB
DirectMap2M:    342382592 kB
DirectMap1G:    186646528 kB
2025-02-03T15:05:52-0600
MemTotal:       527323304 kB
MemFree:        494065700 kB
MemAvailable:   493804428 kB
Buffers:            2668 kB
Cached:          2547116 kB
SwapCached:           20 kB
Active:           875324 kB
Inactive:       28426568 kB
Active(anon):       2596 kB
Inactive(anon): 26780092 kB
Active(file):     872728 kB
Inactive(file):  1646476 kB
Unevictable:           0 kB
Mlocked:               0 kB
SwapTotal:      16777212 kB
SwapFree:       16777184 kB
Dirty:                12 kB
Writeback:             0 kB
AnonPages:      26752176 kB
Mapped:            62972 kB
Shmem:             30580 kB
KReclaimable:     135180 kB
Slab:            1339908 kB
SReclaimable:     135180 kB
SUnreclaim:      1204728 kB
KernelStack:       23088 kB
PageTables:        57120 kB
NFS_Unstable:          0 kB
Bounce:                0 kB
WritebackTmp:          0 kB
CommitLimit:    280438864 kB
Committed_AS:   156966100 kB
VmallocTotal:   13743895347199 kB
VmallocUsed:     1464900 kB
VmallocChunk:          0 kB
Percpu:            81024 kB
HardwareCorrupted:     0 kB
AnonHugePages:  26701824 kB
ShmemHugePages:        0 kB
ShmemPmdMapped:        0 kB
FileHugePages:         0 kB
FilePmdMapped:         0 kB
HugePages_Total:       0
HugePages_Free:        0
HugePages_Rsvd:        0
HugePages_Surp:        0
Hugepagesize:       2048 kB
Hugetlb:               0 kB
DirectMap4k:     9441276 kB
DirectMap2M:    342382592 kB
DirectMap1G:    186646528 kB
2025-02-03T15:05:53-0600
MemTotal:       527323304 kB
MemFree:        493341232 kB
MemAvailable:   493079964 kB
Buffers:            2668 kB
Cached:          2547120 kB
SwapCached:           20 kB
Active:           875312 kB
Inactive:       29147172 kB
Active(anon):       2584 kB
Inactive(anon): 27500692 kB
Active(file):     872728 kB
Inactive(file):  1646480 kB
Unevictable:           0 kB
Mlocked:               0 kB
SwapTotal:      16777212 kB
SwapFree:       16777184 kB
Dirty:                16 kB
Writeback:             0 kB
AnonPages:      27473252 kB
Mapped:            62884 kB
Shmem:             30580 kB
KReclaimable:     135180 kB
Slab:            1339884 kB
SReclaimable:     135180 kB
SUnreclaim:      1204704 kB
KernelStack:       23120 kB
PageTables:        58572 kB
NFS_Unstable:          0 kB
Bounce:                0 kB
WritebackTmp:          0 kB
CommitLimit:    280438864 kB
Committed_AS:   156987696 kB
VmallocTotal:   13743895347199 kB
VmallocUsed:     1464900 kB
VmallocChunk:          0 kB
Percpu:            81024 kB
HardwareCorrupted:     0 kB
AnonHugePages:  27422720 kB
ShmemHugePages:        0 kB
ShmemPmdMapped:        0 kB
FileHugePages:         0 kB
FilePmdMapped:         0 kB
HugePages_Total:       0
HugePages_Free:        0
HugePages_Rsvd:        0
HugePages_Surp:        0
Hugepagesize:       2048 kB
Hugetlb:               0 kB
DirectMap4k:     9441276 kB
DirectMap2M:    342382592 kB
DirectMap1G:    186646528 kB
2025-02-03T15:05:54-0600
MemTotal:       527323304 kB
MemFree:        492618848 kB
MemAvailable:   492357580 kB
Buffers:            2668 kB
Cached:          2547120 kB
SwapCached:           20 kB
Active:           875316 kB
Inactive:       29870088 kB
Active(anon):       2588 kB
Inactive(anon): 28223608 kB
Active(file):     872728 kB
Inactive(file):  1646480 kB
Unevictable:           0 kB
Mlocked:               0 kB
SwapTotal:      16777212 kB
SwapFree:       16777184 kB
Dirty:                16 kB
Writeback:             0 kB
AnonPages:      28196160 kB
Mapped:            62884 kB
Shmem:             30580 kB
KReclaimable:     135180 kB
Slab:            1339948 kB
SReclaimable:     135180 kB
SUnreclaim:      1204768 kB
KernelStack:       23120 kB
PageTables:        59880 kB
NFS_Unstable:          0 kB
Bounce:                0 kB
WritebackTmp:          0 kB
CommitLimit:    280438864 kB
Committed_AS:   156966160 kB
VmallocTotal:   13743895347199 kB
VmallocUsed:     1464900 kB
VmallocChunk:          0 kB
Percpu:            81024 kB
HardwareCorrupted:     0 kB
AnonHugePages:  28145664 kB
ShmemHugePages:        0 kB
ShmemPmdMapped:        0 kB
FileHugePages:         0 kB
FilePmdMapped:         0 kB
HugePages_Total:       0
HugePages_Free:        0
HugePages_Rsvd:        0
HugePages_Surp:        0
Hugepagesize:       2048 kB
Hugetlb:               0 kB
DirectMap4k:     9441276 kB
DirectMap2M:    342382592 kB
DirectMap1G:    186646528 kB
2025-02-03T15:05:55-0600
MemTotal:       527323304 kB
MemFree:        491896740 kB
MemAvailable:   491635472 kB
Buffers:            2668 kB
Cached:          2547120 kB
SwapCached:           20 kB
Active:           875316 kB
Inactive:       30590976 kB
Active(anon):       2588 kB
Inactive(anon): 28944496 kB
Active(file):     872728 kB
Inactive(file):  1646480 kB
Unevictable:           0 kB
Mlocked:               0 kB
SwapTotal:      16777212 kB
SwapFree:       16777184 kB
Dirty:                16 kB
Writeback:             0 kB
AnonPages:      28917056 kB
Mapped:            62884 kB
Shmem:             30580 kB
KReclaimable:     135180 kB
Slab:            1339852 kB
SReclaimable:     135180 kB
SUnreclaim:      1204672 kB
KernelStack:       23104 kB
PageTables:        61312 kB
NFS_Unstable:          0 kB
Bounce:                0 kB
WritebackTmp:          0 kB
CommitLimit:    280438864 kB
Committed_AS:   156966160 kB
VmallocTotal:   13743895347199 kB
VmallocUsed:     1464900 kB
VmallocChunk:          0 kB
Percpu:            81024 kB
HardwareCorrupted:     0 kB
AnonHugePages:  28866560 kB
ShmemHugePages:        0 kB
ShmemPmdMapped:        0 kB
FileHugePages:         0 kB
FilePmdMapped:         0 kB
HugePages_Total:       0
HugePages_Free:        0
HugePages_Rsvd:        0
HugePages_Surp:        0
Hugepagesize:       2048 kB
Hugetlb:               0 kB
DirectMap4k:     9441276 kB
DirectMap2M:    342382592 kB
DirectMap1G:    186646528 kB
2025-02-03T15:05:56-0600
MemTotal:       527323304 kB
MemFree:        491174276 kB
MemAvailable:   490913012 kB
Buffers:            2668 kB
Cached:          2547124 kB
SwapCached:           20 kB
Active:           875316 kB
Inactive:       31312232 kB
Active(anon):       2588 kB
Inactive(anon): 29665748 kB
Active(file):     872728 kB
Inactive(file):  1646484 kB
Unevictable:           0 kB
Mlocked:               0 kB
SwapTotal:      16777212 kB
SwapFree:       16777184 kB
Dirty:                16 kB
Writeback:             0 kB
AnonPages:      29638300 kB
Mapped:            62884 kB
Shmem:             30580 kB
KReclaimable:     135180 kB
Slab:            1339844 kB
SReclaimable:     135180 kB
SUnreclaim:      1204664 kB
KernelStack:       23088 kB
PageTables:        62556 kB
NFS_Unstable:          0 kB
Bounce:                0 kB
WritebackTmp:          0 kB
CommitLimit:    280438864 kB
Committed_AS:   156966160 kB
VmallocTotal:   13743895347199 kB
VmallocUsed:     1464900 kB
VmallocChunk:          0 kB
Percpu:            81024 kB
HardwareCorrupted:     0 kB
AnonHugePages:  29587456 kB
ShmemHugePages:        0 kB
ShmemPmdMapped:        0 kB
FileHugePages:         0 kB
FilePmdMapped:         0 kB
HugePages_Total:       0
HugePages_Free:        0
HugePages_Rsvd:        0
HugePages_Surp:        0
Hugepagesize:       2048 kB
Hugetlb:               0 kB
DirectMap4k:     9441276 kB
DirectMap2M:    342382592 kB
DirectMap1G:    186646528 kB
2025-02-03T15:05:57-0600
MemTotal:       527323304 kB
MemFree:        490449968 kB
MemAvailable:   490188704 kB
Buffers:            2668 kB
Cached:          2547124 kB
SwapCached:           20 kB
Active:           875316 kB
Inactive:       32033068 kB
Active(anon):       2588 kB
Inactive(anon): 30386584 kB
Active(file):     872728 kB
Inactive(file):  1646484 kB
Unevictable:           0 kB
Mlocked:               0 kB
SwapTotal:      16777212 kB
SwapFree:       16777184 kB
Dirty:                16 kB
Writeback:             0 kB
AnonPages:      30359136 kB
Mapped:            62884 kB
Shmem:             30580 kB
KReclaimable:     135180 kB
Slab:            1339892 kB
SReclaimable:     135180 kB
SUnreclaim:      1204712 kB
KernelStack:       23072 kB
PageTables:        63944 kB
NFS_Unstable:          0 kB
Bounce:                0 kB
WritebackTmp:          0 kB
CommitLimit:    280438864 kB
Committed_AS:   156966160 kB
VmallocTotal:   13743895347199 kB
VmallocUsed:     1464900 kB
VmallocChunk:          0 kB
Percpu:            81024 kB
HardwareCorrupted:     0 kB
AnonHugePages:  30308352 kB
ShmemHugePages:        0 kB
ShmemPmdMapped:        0 kB
FileHugePages:         0 kB
FilePmdMapped:         0 kB
HugePages_Total:       0
HugePages_Free:        0
HugePages_Rsvd:        0
HugePages_Surp:        0
Hugepagesize:       2048 kB
Hugetlb:               0 kB
DirectMap4k:     9441276 kB
DirectMap2M:    342382592 kB
DirectMap1G:    186646528 kB
2025-02-03T15:05:58-0600
MemTotal:       527323304 kB
MemFree:        489729784 kB
MemAvailable:   489468520 kB
Buffers:            2668 kB
Cached:          2547124 kB
SwapCached:           20 kB
Active:           875312 kB
Inactive:       32753652 kB
Active(anon):       2584 kB
Inactive(anon): 31107168 kB
Active(file):     872728 kB
Inactive(file):  1646484 kB
Unevictable:           0 kB
Mlocked:               0 kB
SwapTotal:      16777212 kB
SwapFree:       16777184 kB
Dirty:                16 kB
Writeback:             0 kB
AnonPages:      31079716 kB
Mapped:            62884 kB
Shmem:             30580 kB
KReclaimable:     135180 kB
Slab:            1339860 kB
SReclaimable:     135180 kB
SUnreclaim:      1204680 kB
KernelStack:       23120 kB
PageTables:        65496 kB
NFS_Unstable:          0 kB
Bounce:                0 kB
WritebackTmp:          0 kB
CommitLimit:    280438864 kB
Committed_AS:   156966160 kB
VmallocTotal:   13743895347199 kB
VmallocUsed:     1464900 kB
VmallocChunk:          0 kB
Percpu:            81024 kB
HardwareCorrupted:     0 kB
AnonHugePages:  31029248 kB
ShmemHugePages:        0 kB
ShmemPmdMapped:        0 kB
FileHugePages:         0 kB
FilePmdMapped:         0 kB
HugePages_Total:       0
HugePages_Free:        0
HugePages_Rsvd:        0
HugePages_Surp:        0
Hugepagesize:       2048 kB
Hugetlb:               0 kB
DirectMap4k:     9441276 kB
DirectMap2M:    342382592 kB
DirectMap1G:    186646528 kB
2025-02-03T15:05:59-0600
MemTotal:       527323304 kB
MemFree:        489005436 kB
MemAvailable:   488744176 kB
Buffers:            2668 kB
Cached:          2547128 kB
SwapCached:           20 kB
Active:           875312 kB
Inactive:       33476596 kB
Active(anon):       2584 kB
Inactive(anon): 31830108 kB
Active(file):     872728 kB
Inactive(file):  1646488 kB
Unevictable:           0 kB
Mlocked:               0 kB
SwapTotal:      16777212 kB
SwapFree:       16777184 kB
Dirty:                20 kB
Writeback:             0 kB
AnonPages:      31802628 kB
Mapped:            62884 kB
Shmem:             30580 kB
KReclaimable:     135180 kB
Slab:            1340036 kB
SReclaimable:     135180 kB
SUnreclaim:      1204856 kB
KernelStack:       23104 kB
PageTables:        66800 kB
NFS_Unstable:          0 kB
Bounce:                0 kB
WritebackTmp:          0 kB
CommitLimit:    280438864 kB
Committed_AS:   156966160 kB
VmallocTotal:   13743895347199 kB
VmallocUsed:     1464900 kB
VmallocChunk:          0 kB
Percpu:            81024 kB
HardwareCorrupted:     0 kB
AnonHugePages:  31752192 kB
ShmemHugePages:        0 kB
ShmemPmdMapped:        0 kB
FileHugePages:         0 kB
FilePmdMapped:         0 kB
HugePages_Total:       0
HugePages_Free:        0
HugePages_Rsvd:        0
HugePages_Surp:        0
Hugepagesize:       2048 kB
Hugetlb:               0 kB
DirectMap4k:     9441276 kB
DirectMap2M:    342382592 kB
DirectMap1G:    186646528 kB
2025-02-03T15:06:00-0600
MemTotal:       527323304 kB
MemFree:        488282616 kB
MemAvailable:   488021356 kB
Buffers:            2668 kB
Cached:          2547128 kB
SwapCached:           20 kB
Active:           875336 kB
Inactive:       34198312 kB
Active(anon):       2608 kB
Inactive(anon): 32551824 kB
Active(file):     872728 kB
Inactive(file):  1646488 kB
Unevictable:           0 kB
Mlocked:               0 kB
SwapTotal:      16777212 kB
SwapFree:       16777184 kB
Dirty:                20 kB
Writeback:             0 kB
AnonPages:      32523940 kB
Mapped:            63208 kB
Shmem:             30580 kB
KReclaimable:     135180 kB
Slab:            1340260 kB
SReclaimable:     135180 kB
SUnreclaim:      1205080 kB
KernelStack:       23120 kB
PageTables:        68356 kB
NFS_Unstable:          0 kB
Bounce:                0 kB
WritebackTmp:          0 kB
CommitLimit:    280438864 kB
Committed_AS:   156966160 kB
VmallocTotal:   13743895347199 kB
VmallocUsed:     1464900 kB
VmallocChunk:          0 kB
Percpu:            81024 kB
HardwareCorrupted:     0 kB
AnonHugePages:  32473088 kB
ShmemHugePages:        0 kB
ShmemPmdMapped:        0 kB
FileHugePages:         0 kB
FilePmdMapped:         0 kB
HugePages_Total:       0
HugePages_Free:        0
HugePages_Rsvd:        0
HugePages_Surp:        0
Hugepagesize:       2048 kB
Hugetlb:               0 kB
DirectMap4k:     9441276 kB
DirectMap2M:    342382592 kB
DirectMap1G:    186646528 kB
2025-02-03T15:06:01-0600
MemTotal:       527323304 kB
MemFree:        487556684 kB
MemAvailable:   487295428 kB
Buffers:            2668 kB
Cached:          2547132 kB
SwapCached:           20 kB
Active:           875324 kB
Inactive:       34920960 kB
Active(anon):       2596 kB
Inactive(anon): 33274468 kB
Active(file):     872728 kB
Inactive(file):  1646492 kB
Unevictable:           0 kB
Mlocked:               0 kB
SwapTotal:      16777212 kB
SwapFree:       16777184 kB
Dirty:                 4 kB
Writeback:             0 kB
AnonPages:      33247108 kB
Mapped:            62976 kB
Shmem:             30580 kB
KReclaimable:     135180 kB
Slab:            1340772 kB
SReclaimable:     135180 kB
SUnreclaim:      1205592 kB
KernelStack:       23168 kB
PageTables:        69872 kB
NFS_Unstable:          0 kB
Bounce:                0 kB
WritebackTmp:          0 kB
CommitLimit:    280438864 kB
Committed_AS:   156987616 kB
VmallocTotal:   13743895347199 kB
VmallocUsed:     1464900 kB
VmallocChunk:          0 kB
Percpu:            81024 kB
HardwareCorrupted:     0 kB
AnonHugePages:  33196032 kB
ShmemHugePages:        0 kB
ShmemPmdMapped:        0 kB
FileHugePages:         0 kB
FilePmdMapped:         0 kB
HugePages_Total:       0
HugePages_Free:        0
HugePages_Rsvd:        0
HugePages_Surp:        0
Hugepagesize:       2048 kB
Hugetlb:               0 kB
DirectMap4k:     9441276 kB
DirectMap2M:    342382592 kB
DirectMap1G:    186646528 kB
2025-02-03T15:06:02-0600
MemTotal:       527323304 kB
MemFree:        487163276 kB
MemAvailable:   486902020 kB
Buffers:            2668 kB
Cached:          2547132 kB
SwapCached:           20 kB
Active:           875324 kB
Inactive:       35313896 kB
Active(anon):       2596 kB
Inactive(anon): 33667404 kB
Active(file):     872728 kB
Inactive(file):  1646492 kB
Unevictable:           0 kB
Mlocked:               0 kB
SwapTotal:      16777212 kB
SwapFree:       16777184 kB
Dirty:                12 kB
Writeback:             0 kB
AnonPages:      33640036 kB
Mapped:            62952 kB
Shmem:             30580 kB
KReclaimable:     135180 kB
Slab:            1341004 kB
SReclaimable:     135180 kB
SUnreclaim:      1205824 kB
KernelStack:       23152 kB
PageTables:        70864 kB
NFS_Unstable:          0 kB
Bounce:                0 kB
WritebackTmp:          0 kB
CommitLimit:    280438864 kB
Committed_AS:   274182940 kB
VmallocTotal:   13743895347199 kB
VmallocUsed:     1464932 kB
VmallocChunk:          0 kB
Percpu:            81024 kB
HardwareCorrupted:     0 kB
AnonHugePages:  33587200 kB
ShmemHugePages:        0 kB
ShmemPmdMapped:        0 kB
FileHugePages:         0 kB
FilePmdMapped:         0 kB
HugePages_Total:       0
HugePages_Free:        0
HugePages_Rsvd:        0
HugePages_Surp:        0
Hugepagesize:       2048 kB
Hugetlb:               0 kB
DirectMap4k:     9441276 kB
DirectMap2M:    342382592 kB
DirectMap1G:    186646528 kB
2025-02-03T15:06:03-0600
MemTotal:       527323304 kB
MemFree:        487164760 kB
MemAvailable:   486903504 kB
Buffers:            2668 kB
Cached:          2547132 kB
SwapCached:           20 kB
Active:           875324 kB
Inactive:       35313808 kB
Active(anon):       2596 kB
Inactive(anon): 33667316 kB
Active(file):     872728 kB
Inactive(file):  1646492 kB
Unevictable:           0 kB
Mlocked:               0 kB
SwapTotal:      16777212 kB
SwapFree:       16777184 kB
Dirty:                12 kB
Writeback:             0 kB
AnonPages:      33639456 kB
Mapped:            62984 kB
Shmem:             30580 kB
KReclaimable:     135180 kB
Slab:            1340220 kB
SReclaimable:     135180 kB
SUnreclaim:      1205040 kB
KernelStack:       23104 kB
PageTables:        70788 kB
NFS_Unstable:          0 kB
Bounce:                0 kB
WritebackTmp:          0 kB
CommitLimit:    280438864 kB
Committed_AS:   274182940 kB
VmallocTotal:   13743895347199 kB
VmallocUsed:     1464916 kB
VmallocChunk:          0 kB
Percpu:            81024 kB
HardwareCorrupted:     0 kB
AnonHugePages:  33587200 kB
ShmemHugePages:        0 kB
ShmemPmdMapped:        0 kB
FileHugePages:         0 kB
FilePmdMapped:         0 kB
HugePages_Total:       0
HugePages_Free:        0
HugePages_Rsvd:        0
HugePages_Surp:        0
Hugepagesize:       2048 kB
Hugetlb:               0 kB
DirectMap4k:     9441276 kB
DirectMap2M:    342382592 kB
DirectMap1G:    186646528 kB
2025-02-03T15:06:04-0600
MemTotal:       527323304 kB
MemFree:        487164796 kB
MemAvailable:   486903544 kB
Buffers:            2668 kB
Cached:          2547136 kB
SwapCached:           20 kB
Active:           875316 kB
Inactive:       35313448 kB
Active(anon):       2588 kB
Inactive(anon): 33666952 kB
Active(file):     872728 kB
Inactive(file):  1646496 kB
Unevictable:           0 kB
Mlocked:               0 kB
SwapTotal:      16777212 kB
SwapFree:       16777184 kB
Dirty:                16 kB
Writeback:             0 kB
AnonPages:      33639572 kB
Mapped:            62892 kB
Shmem:             30580 kB
KReclaimable:     135180 kB
Slab:            1340028 kB
SReclaimable:     135180 kB
SUnreclaim:      1204848 kB
KernelStack:       23120 kB
PageTables:        70736 kB
NFS_Unstable:          0 kB
Bounce:                0 kB
WritebackTmp:          0 kB
CommitLimit:    280438864 kB
Committed_AS:   274204460 kB
VmallocTotal:   13743895347199 kB
VmallocUsed:     1464916 kB
VmallocChunk:          0 kB
Percpu:            81024 kB
HardwareCorrupted:     0 kB
AnonHugePages:  33587200 kB
ShmemHugePages:        0 kB
ShmemPmdMapped:        0 kB
FileHugePages:         0 kB
FilePmdMapped:         0 kB
HugePages_Total:       0
HugePages_Free:        0
HugePages_Rsvd:        0
HugePages_Surp:        0
Hugepagesize:       2048 kB
Hugetlb:               0 kB
DirectMap4k:     9441276 kB
DirectMap2M:    342382592 kB
DirectMap1G:    186646528 kB
2025-02-03T15:06:05-0600
MemTotal:       527323304 kB
MemFree:        487165240 kB
MemAvailable:   486903988 kB
Buffers:            2668 kB
Cached:          2547136 kB
SwapCached:           20 kB
Active:           875324 kB
Inactive:       35313828 kB
Active(anon):       2596 kB
Inactive(anon): 33667332 kB
Active(file):     872728 kB
Inactive(file):  1646496 kB
Unevictable:           0 kB
Mlocked:               0 kB
SwapTotal:      16777212 kB
SwapFree:       16777184 kB
Dirty:                16 kB
Writeback:             0 kB
AnonPages:      33639500 kB
Mapped:            62900 kB
Shmem:             30580 kB
KReclaimable:     135180 kB
Slab:            1339892 kB
SReclaimable:     135180 kB
SUnreclaim:      1204712 kB
KernelStack:       23104 kB
PageTables:        70792 kB
NFS_Unstable:          0 kB
Bounce:                0 kB
WritebackTmp:          0 kB
CommitLimit:    280438864 kB
Committed_AS:   274204460 kB
VmallocTotal:   13743895347199 kB
VmallocUsed:     1464916 kB
VmallocChunk:          0 kB
Percpu:            81024 kB
HardwareCorrupted:     0 kB
AnonHugePages:  33587200 kB
ShmemHugePages:        0 kB
ShmemPmdMapped:        0 kB
FileHugePages:         0 kB
FilePmdMapped:         0 kB
HugePages_Total:       0
HugePages_Free:        0
HugePages_Rsvd:        0
HugePages_Surp:        0
Hugepagesize:       2048 kB
Hugetlb:               0 kB
DirectMap4k:     9441276 kB
DirectMap2M:    342382592 kB
DirectMap1G:    186646528 kB
2025-02-03T15:06:06-0600
MemTotal:       527323304 kB
MemFree:        487164796 kB
MemAvailable:   486903544 kB
Buffers:            2668 kB
Cached:          2547136 kB
SwapCached:           20 kB
Active:           875316 kB
Inactive:       35313492 kB
Active(anon):       2588 kB
Inactive(anon): 33666996 kB
Active(file):     872728 kB
Inactive(file):  1646496 kB
Unevictable:           0 kB
Mlocked:               0 kB
SwapTotal:      16777212 kB
SwapFree:       16777184 kB
Dirty:                16 kB
Writeback:             0 kB
AnonPages:      33639568 kB
Mapped:            62892 kB
Shmem:             30580 kB
KReclaimable:     135180 kB
Slab:            1340004 kB
SReclaimable:     135180 kB
SUnreclaim:      1204824 kB
KernelStack:       23120 kB
PageTables:        70732 kB
NFS_Unstable:          0 kB
Bounce:                0 kB
WritebackTmp:          0 kB
CommitLimit:    280438864 kB
Committed_AS:   274204460 kB
VmallocTotal:   13743895347199 kB
VmallocUsed:     1464916 kB
VmallocChunk:          0 kB
Percpu:            81024 kB
HardwareCorrupted:     0 kB
AnonHugePages:  33587200 kB
ShmemHugePages:        0 kB
ShmemPmdMapped:        0 kB
FileHugePages:         0 kB
FilePmdMapped:         0 kB
HugePages_Total:       0
HugePages_Free:        0
HugePages_Rsvd:        0
HugePages_Surp:        0
Hugepagesize:       2048 kB
Hugetlb:               0 kB
DirectMap4k:     9441276 kB
DirectMap2M:    342382592 kB
DirectMap1G:    186646528 kB
2025-02-03T15:06:07-0600
MemTotal:       527323304 kB
MemFree:        487164788 kB
MemAvailable:   486903528 kB
Buffers:            2668 kB
Cached:          2547128 kB
SwapCached:           20 kB
Active:           875320 kB
Inactive:       35313892 kB
Active(anon):       2592 kB
Inactive(anon): 33667404 kB
Active(file):     872728 kB
Inactive(file):  1646488 kB
Unevictable:           0 kB
Mlocked:               0 kB
SwapTotal:      16777212 kB
SwapFree:       16777184 kB
Dirty:                20 kB
Writeback:             0 kB
AnonPages:      33639536 kB
Mapped:            62900 kB
Shmem:             30580 kB
KReclaimable:     135180 kB
Slab:            1340068 kB
SReclaimable:     135180 kB
SUnreclaim:      1204888 kB
KernelStack:       23120 kB
PageTables:        70820 kB
NFS_Unstable:          0 kB
Bounce:                0 kB
WritebackTmp:          0 kB
CommitLimit:    280438864 kB
Committed_AS:   274182856 kB
VmallocTotal:   13743895347199 kB
VmallocUsed:     1464932 kB
VmallocChunk:          0 kB
Percpu:            81024 kB
HardwareCorrupted:     0 kB
AnonHugePages:  33587200 kB
ShmemHugePages:        0 kB
ShmemPmdMapped:        0 kB
FileHugePages:         0 kB
FilePmdMapped:         0 kB
HugePages_Total:       0
HugePages_Free:        0
HugePages_Rsvd:        0
HugePages_Surp:        0
Hugepagesize:       2048 kB
Hugetlb:               0 kB
DirectMap4k:     9441276 kB
DirectMap2M:    342382592 kB
DirectMap1G:    186646528 kB
2025-02-03T15:06:08-0600
MemTotal:       527323304 kB
MemFree:        487164692 kB
MemAvailable:   486903432 kB
Buffers:            2668 kB
Cached:          2547128 kB
SwapCached:           20 kB
Active:           875316 kB
Inactive:       35313488 kB
Active(anon):       2588 kB
Inactive(anon): 33667000 kB
Active(file):     872728 kB
Inactive(file):  1646488 kB
Unevictable:           0 kB
Mlocked:               0 kB
SwapTotal:      16777212 kB
SwapFree:       16777184 kB
Dirty:                20 kB
Writeback:             0 kB
AnonPages:      33639584 kB
Mapped:            62892 kB
Shmem:             30580 kB
KReclaimable:     135180 kB
Slab:            1340068 kB
SReclaimable:     135180 kB
SUnreclaim:      1204888 kB
KernelStack:       23120 kB
PageTables:        70736 kB
NFS_Unstable:          0 kB
Bounce:                0 kB
WritebackTmp:          0 kB
CommitLimit:    280438864 kB
Committed_AS:   274182856 kB
VmallocTotal:   13743895347199 kB
VmallocUsed:     1464900 kB
VmallocChunk:          0 kB
Percpu:            81024 kB
HardwareCorrupted:     0 kB
AnonHugePages:  33587200 kB
ShmemHugePages:        0 kB
ShmemPmdMapped:        0 kB
FileHugePages:         0 kB
FilePmdMapped:         0 kB
HugePages_Total:       0
HugePages_Free:        0
HugePages_Rsvd:        0
HugePages_Surp:        0
Hugepagesize:       2048 kB
Hugetlb:               0 kB
DirectMap4k:     9441276 kB
DirectMap2M:    342382592 kB
DirectMap1G:    186646528 kB
2025-02-03T15:06:09-0600
MemTotal:       527323304 kB
MemFree:        487164740 kB
MemAvailable:   486903480 kB
Buffers:            2668 kB
Cached:          2547128 kB
SwapCached:           20 kB
Active:           875324 kB
Inactive:       35313824 kB
Active(anon):       2596 kB
Inactive(anon): 33667336 kB
Active(file):     872728 kB
Inactive(file):  1646488 kB
Unevictable:           0 kB
Mlocked:               0 kB
SwapTotal:      16777212 kB
SwapFree:       16777184 kB
Dirty:                20 kB
Writeback:             0 kB
AnonPages:      33639428 kB
Mapped:            62928 kB
Shmem:             30580 kB
KReclaimable:     135180 kB
Slab:            1340228 kB
SReclaimable:     135180 kB
SUnreclaim:      1205048 kB
KernelStack:       23088 kB
PageTables:        70736 kB
NFS_Unstable:          0 kB
Bounce:                0 kB
WritebackTmp:          0 kB
CommitLimit:    280438864 kB
Committed_AS:   274182856 kB
VmallocTotal:   13743895347199 kB
VmallocUsed:     1464916 kB
VmallocChunk:          0 kB
Percpu:            81024 kB
HardwareCorrupted:     0 kB
AnonHugePages:  33587200 kB
ShmemHugePages:        0 kB
ShmemPmdMapped:        0 kB
FileHugePages:         0 kB
FilePmdMapped:         0 kB
HugePages_Total:       0
HugePages_Free:        0
HugePages_Rsvd:        0
HugePages_Surp:        0
Hugepagesize:       2048 kB
Hugetlb:               0 kB
DirectMap4k:     9441276 kB
DirectMap2M:    342382592 kB
DirectMap1G:    186646528 kB
2025-02-03T15:06:10-0600
MemTotal:       527323304 kB
MemFree:        487160036 kB
MemAvailable:   486898780 kB
Buffers:            2668 kB
Cached:          2547132 kB
SwapCached:           20 kB
Active:           875316 kB
Inactive:       35313504 kB
Active(anon):       2588 kB
Inactive(anon): 33667012 kB
Active(file):     872728 kB
Inactive(file):  1646492 kB
Unevictable:           0 kB
Mlocked:               0 kB
SwapTotal:      16777212 kB
SwapFree:       16777184 kB
Dirty:                24 kB
Writeback:             0 kB
AnonPages:      33639540 kB
Mapped:            62892 kB
Shmem:             30580 kB
KReclaimable:     135180 kB
Slab:            1340172 kB
SReclaimable:     135180 kB
SUnreclaim:      1204992 kB
KernelStack:       23120 kB
PageTables:        75364 kB
NFS_Unstable:          0 kB
Bounce:                0 kB
WritebackTmp:          0 kB
CommitLimit:    280438864 kB
Committed_AS:   274182856 kB
VmallocTotal:   13743895347199 kB
VmallocUsed:     1464884 kB
VmallocChunk:          0 kB
Percpu:            81024 kB
HardwareCorrupted:     0 kB
AnonHugePages:  33587200 kB
ShmemHugePages:        0 kB
ShmemPmdMapped:        0 kB
FileHugePages:         0 kB
FilePmdMapped:         0 kB
HugePages_Total:       0
HugePages_Free:        0
HugePages_Rsvd:        0
HugePages_Surp:        0
Hugepagesize:       2048 kB
Hugetlb:               0 kB
DirectMap4k:     9441276 kB
DirectMap2M:    342382592 kB
DirectMap1G:    186646528 kB
2025-02-03T15:06:11-0600
MemTotal:       527323304 kB
MemFree:        487153948 kB
MemAvailable:   486892692 kB
Buffers:            2668 kB
Cached:          2547132 kB
SwapCached:           20 kB
Active:           875324 kB
Inactive:       35313808 kB
Active(anon):       2596 kB
Inactive(anon): 33667316 kB
Active(file):     872728 kB
Inactive(file):  1646492 kB
Unevictable:           0 kB
Mlocked:               0 kB
SwapTotal:      16777212 kB
SwapFree:       16777184 kB
Dirty:                24 kB
Writeback:             0 kB
AnonPages:      33639436 kB
Mapped:            62932 kB
Shmem:             30580 kB
KReclaimable:     135180 kB
Slab:            1340280 kB
SReclaimable:     135180 kB
SUnreclaim:      1205100 kB
KernelStack:       23104 kB
PageTables:        81424 kB
NFS_Unstable:          0 kB
Bounce:                0 kB
WritebackTmp:          0 kB
CommitLimit:    280438864 kB
Committed_AS:   274182856 kB
VmallocTotal:   13743895347199 kB
VmallocUsed:     1464916 kB
VmallocChunk:          0 kB
Percpu:            81024 kB
HardwareCorrupted:     0 kB
AnonHugePages:  33587200 kB
ShmemHugePages:        0 kB
ShmemPmdMapped:        0 kB
FileHugePages:         0 kB
FilePmdMapped:         0 kB
HugePages_Total:       0
HugePages_Free:        0
HugePages_Rsvd:        0
HugePages_Surp:        0
Hugepagesize:       2048 kB
Hugetlb:               0 kB
DirectMap4k:     9441276 kB
DirectMap2M:    342382592 kB
DirectMap1G:    186646528 kB
2025-02-03T15:06:13-0600
MemTotal:       527323304 kB
MemFree:        487147020 kB
MemAvailable:   486885768 kB
Buffers:            2668 kB
Cached:          2547136 kB
SwapCached:           20 kB
Active:           875316 kB
Inactive:       35313748 kB
Active(anon):       2588 kB
Inactive(anon): 33667252 kB
Active(file):     872728 kB
Inactive(file):  1646496 kB
Unevictable:           0 kB
Mlocked:               0 kB
SwapTotal:      16777212 kB
SwapFree:       16777184 kB
Dirty:                32 kB
Writeback:             0 kB
AnonPages:      33639836 kB
Mapped:            62892 kB
Shmem:             30580 kB
KReclaimable:     135180 kB
Slab:            1340368 kB
SReclaimable:     135180 kB
SUnreclaim:      1205188 kB
KernelStack:       23056 kB
PageTables:        87820 kB
NFS_Unstable:          0 kB
Bounce:                0 kB
WritebackTmp:          0 kB
CommitLimit:    280438864 kB
Committed_AS:   274161016 kB
VmallocTotal:   13743895347199 kB
VmallocUsed:     1464916 kB
VmallocChunk:          0 kB
Percpu:            81024 kB
HardwareCorrupted:     0 kB
AnonHugePages:  33587200 kB
ShmemHugePages:        0 kB
ShmemPmdMapped:        0 kB
FileHugePages:         0 kB
FilePmdMapped:         0 kB
HugePages_Total:       0
HugePages_Free:        0
HugePages_Rsvd:        0
HugePages_Surp:        0
Hugepagesize:       2048 kB
Hugetlb:               0 kB
DirectMap4k:     9441276 kB
DirectMap2M:    342382592 kB
DirectMap1G:    186646528 kB
2025-02-03T15:06:14-0600
MemTotal:       527323304 kB
MemFree:        487140876 kB
MemAvailable:   486879612 kB
Buffers:            2668 kB
Cached:          2547124 kB
SwapCached:           20 kB
Active:           875324 kB
Inactive:       35313824 kB
Active(anon):       2596 kB
Inactive(anon): 33667340 kB
Active(file):     872728 kB
Inactive(file):  1646484 kB
Unevictable:           0 kB
Mlocked:               0 kB
SwapTotal:      16777212 kB
SwapFree:       16777184 kB
Dirty:                16 kB
Writeback:             0 kB
AnonPages:      33639480 kB
Mapped:            62984 kB
Shmem:             30580 kB
KReclaimable:     135180 kB
Slab:            1340416 kB
SReclaimable:     135180 kB
SUnreclaim:      1205236 kB
KernelStack:       23120 kB
PageTables:        94516 kB
NFS_Unstable:          0 kB
Bounce:                0 kB
WritebackTmp:          0 kB
CommitLimit:    280438864 kB
Committed_AS:   274161016 kB
VmallocTotal:   13743895347199 kB
VmallocUsed:     1464916 kB
VmallocChunk:          0 kB
Percpu:            81024 kB
HardwareCorrupted:     0 kB
AnonHugePages:  33587200 kB
ShmemHugePages:        0 kB
ShmemPmdMapped:        0 kB
FileHugePages:         0 kB
FilePmdMapped:         0 kB
HugePages_Total:       0
HugePages_Free:        0
HugePages_Rsvd:        0
HugePages_Surp:        0
Hugepagesize:       2048 kB
Hugetlb:               0 kB
DirectMap4k:     9441276 kB
DirectMap2M:    342382592 kB
DirectMap1G:    186646528 kB
2025-02-03T15:06:15-0600
MemTotal:       527323304 kB
MemFree:        487134360 kB
MemAvailable:   486873096 kB
Buffers:            2668 kB
Cached:          2547124 kB
SwapCached:           20 kB
Active:           875312 kB
Inactive:       35313436 kB
Active(anon):       2584 kB
Inactive(anon): 33666952 kB
Active(file):     872728 kB
Inactive(file):  1646484 kB
Unevictable:           0 kB
Mlocked:               0 kB
SwapTotal:      16777212 kB
SwapFree:       16777184 kB
Dirty:                16 kB
Writeback:             0 kB
AnonPages:      33639560 kB
Mapped:            62892 kB
Shmem:             30580 kB
KReclaimable:     135180 kB
Slab:            1340352 kB
SReclaimable:     135180 kB
SUnreclaim:      1205172 kB
KernelStack:       23104 kB
PageTables:       100944 kB
NFS_Unstable:          0 kB
Bounce:                0 kB
WritebackTmp:          0 kB
CommitLimit:    280438864 kB
Committed_AS:   274161016 kB
VmallocTotal:   13743895347199 kB
VmallocUsed:     1464916 kB
VmallocChunk:          0 kB
Percpu:            81024 kB
HardwareCorrupted:     0 kB
AnonHugePages:  33587200 kB
ShmemHugePages:        0 kB
ShmemPmdMapped:        0 kB
FileHugePages:         0 kB
FilePmdMapped:         0 kB
HugePages_Total:       0
HugePages_Free:        0
HugePages_Rsvd:        0
HugePages_Surp:        0
Hugepagesize:       2048 kB
Hugetlb:               0 kB
DirectMap4k:     9441276 kB
DirectMap2M:    342382592 kB
DirectMap1G:    186646528 kB
2025-02-03T15:06:16-0600
MemTotal:       527323304 kB
MemFree:        487128552 kB
MemAvailable:   486867292 kB
Buffers:            2668 kB
Cached:          2547128 kB
SwapCached:           20 kB
Active:           875324 kB
Inactive:       35313696 kB
Active(anon):       2596 kB
Inactive(anon): 33667208 kB
Active(file):     872728 kB
Inactive(file):  1646488 kB
Unevictable:           0 kB
Mlocked:               0 kB
SwapTotal:      16777212 kB
SwapFree:       16777184 kB
Dirty:                20 kB
Writeback:             0 kB
AnonPages:      33639352 kB
Mapped:            62936 kB
Shmem:             30580 kB
KReclaimable:     135180 kB
Slab:            1340496 kB
SReclaimable:     135180 kB
SUnreclaim:      1205316 kB
KernelStack:       23088 kB
PageTables:       107044 kB
NFS_Unstable:          0 kB
Bounce:                0 kB
WritebackTmp:          0 kB
CommitLimit:    280438864 kB
Committed_AS:   274161016 kB
VmallocTotal:   13743895347199 kB
VmallocUsed:     1464932 kB
VmallocChunk:          0 kB
Percpu:            81024 kB
HardwareCorrupted:     0 kB
AnonHugePages:  33587200 kB
ShmemHugePages:        0 kB
ShmemPmdMapped:        0 kB
FileHugePages:         0 kB
FilePmdMapped:         0 kB
HugePages_Total:       0
HugePages_Free:        0
HugePages_Rsvd:        0
HugePages_Surp:        0
Hugepagesize:       2048 kB
Hugetlb:               0 kB
DirectMap4k:     9441276 kB
DirectMap2M:    342382592 kB
DirectMap1G:    186646528 kB
2025-02-03T15:06:17-0600
MemTotal:       527323304 kB
MemFree:        487121756 kB
MemAvailable:   486860492 kB
Buffers:            2668 kB
Cached:          2547124 kB
SwapCached:           20 kB
Active:           875316 kB
Inactive:       35313196 kB
Active(anon):       2588 kB
Inactive(anon): 33666712 kB
Active(file):     872728 kB
Inactive(file):  1646484 kB
Unevictable:           0 kB
Mlocked:               0 kB
SwapTotal:      16777212 kB
SwapFree:       16777184 kB
Dirty:                16 kB
Writeback:             4 kB
AnonPages:      33639292 kB
Mapped:            62892 kB
Shmem:             30580 kB
KReclaimable:     135180 kB
Slab:            1340352 kB
SReclaimable:     135180 kB
SUnreclaim:      1205172 kB
KernelStack:       23040 kB
PageTables:       113364 kB
NFS_Unstable:          0 kB
Bounce:                0 kB
WritebackTmp:          0 kB
CommitLimit:    280438864 kB
Committed_AS:   274160712 kB
VmallocTotal:   13743895347199 kB
VmallocUsed:     1464932 kB
VmallocChunk:          0 kB
Percpu:            81024 kB
HardwareCorrupted:     0 kB
AnonHugePages:  33587200 kB
ShmemHugePages:        0 kB
ShmemPmdMapped:        0 kB
FileHugePages:         0 kB
FilePmdMapped:         0 kB
HugePages_Total:       0
HugePages_Free:        0
HugePages_Rsvd:        0
HugePages_Surp:        0
Hugepagesize:       2048 kB
Hugetlb:               0 kB
DirectMap4k:     9441276 kB
DirectMap2M:    342382592 kB
DirectMap1G:    186646528 kB
2025-02-03T15:06:18-0600
MemTotal:       527323304 kB
MemFree:        487115208 kB
MemAvailable:   486853948 kB
Buffers:            2668 kB
Cached:          2547128 kB
SwapCached:           20 kB
Active:           875324 kB
Inactive:       35313860 kB
Active(anon):       2596 kB
Inactive(anon): 33667372 kB
Active(file):     872728 kB
Inactive(file):  1646488 kB
Unevictable:           0 kB
Mlocked:               0 kB
SwapTotal:      16777212 kB
SwapFree:       16777184 kB
Dirty:                24 kB
Writeback:             0 kB
AnonPages:      33639480 kB
Mapped:            62956 kB
Shmem:             30580 kB
KReclaimable:     135180 kB
Slab:            1340544 kB
SReclaimable:     135180 kB
SUnreclaim:      1205364 kB
KernelStack:       23120 kB
PageTables:       120132 kB
NFS_Unstable:          0 kB
Bounce:                0 kB
WritebackTmp:          0 kB
CommitLimit:    280438864 kB
Committed_AS:   274160712 kB
VmallocTotal:   13743895347199 kB
VmallocUsed:     1464932 kB
VmallocChunk:          0 kB
Percpu:            81024 kB
HardwareCorrupted:     0 kB
AnonHugePages:  33587200 kB
ShmemHugePages:        0 kB
ShmemPmdMapped:        0 kB
FileHugePages:         0 kB
FilePmdMapped:         0 kB
HugePages_Total:       0
HugePages_Free:        0
HugePages_Rsvd:        0
HugePages_Surp:        0
Hugepagesize:       2048 kB
Hugetlb:               0 kB
DirectMap4k:     9441276 kB
DirectMap2M:    342382592 kB
DirectMap1G:    186646528 kB
2025-02-03T15:06:19-0600
MemTotal:       527323304 kB
MemFree:        487108384 kB
MemAvailable:   486847132 kB
Buffers:            2668 kB
Cached:          2547136 kB
SwapCached:           20 kB
Active:           875312 kB
Inactive:       35313476 kB
Active(anon):       2584 kB
Inactive(anon): 33666980 kB
Active(file):     872728 kB
Inactive(file):  1646496 kB
Unevictable:           0 kB
Mlocked:               0 kB
SwapTotal:      16777212 kB
SwapFree:       16777184 kB
Dirty:                36 kB
Writeback:             0 kB
AnonPages:      33639560 kB
Mapped:            62892 kB
Shmem:             30580 kB
KReclaimable:     135180 kB
Slab:            1340544 kB
SReclaimable:     135180 kB
SUnreclaim:      1205364 kB
KernelStack:       23104 kB
PageTables:       126640 kB
NFS_Unstable:          0 kB
Bounce:                0 kB
WritebackTmp:          0 kB
CommitLimit:    280438864 kB
Committed_AS:   274160712 kB
VmallocTotal:   13743895347199 kB
VmallocUsed:     1464948 kB
VmallocChunk:          0 kB
Percpu:            81024 kB
HardwareCorrupted:     0 kB
AnonHugePages:  33587200 kB
ShmemHugePages:        0 kB
ShmemPmdMapped:        0 kB
FileHugePages:         0 kB
FilePmdMapped:         0 kB
HugePages_Total:       0
HugePages_Free:        0
HugePages_Rsvd:        0
HugePages_Surp:        0
Hugepagesize:       2048 kB
Hugetlb:               0 kB
DirectMap4k:     9441276 kB
DirectMap2M:    342382592 kB
DirectMap1G:    186646528 kB
2025-02-03T15:06:20-0600
MemTotal:       527323304 kB
MemFree:        487102256 kB
MemAvailable:   486841000 kB
Buffers:            2668 kB
Cached:          2547132 kB
SwapCached:           20 kB
Active:           875320 kB
Inactive:       35313848 kB
Active(anon):       2592 kB
Inactive(anon): 33667356 kB
Active(file):     872728 kB
Inactive(file):  1646492 kB
Unevictable:           0 kB
Mlocked:               0 kB
SwapTotal:      16777212 kB
SwapFree:       16777184 kB
Dirty:                16 kB
Writeback:             0 kB
AnonPages:      33639440 kB
Mapped:            62900 kB
Shmem:             30580 kB
KReclaimable:     135180 kB
Slab:            1340480 kB
SReclaimable:     135180 kB
SUnreclaim:      1205300 kB
KernelStack:       23104 kB
PageTables:       133160 kB
NFS_Unstable:          0 kB
Bounce:                0 kB
WritebackTmp:          0 kB
CommitLimit:    280438864 kB
Committed_AS:   274160712 kB
VmallocTotal:   13743895347199 kB
VmallocUsed:     1464916 kB
VmallocChunk:          0 kB
Percpu:            81024 kB
HardwareCorrupted:     0 kB
AnonHugePages:  33587200 kB
ShmemHugePages:        0 kB
ShmemPmdMapped:        0 kB
FileHugePages:         0 kB
FilePmdMapped:         0 kB
HugePages_Total:       0
HugePages_Free:        0
HugePages_Rsvd:        0
HugePages_Surp:        0
Hugepagesize:       2048 kB
Hugetlb:               0 kB
DirectMap4k:     9441276 kB
DirectMap2M:    342382592 kB
DirectMap1G:    186646528 kB
2025-02-03T15:06:21-0600
MemTotal:       527323304 kB
MemFree:        487095936 kB
MemAvailable:   486834684 kB
Buffers:            2668 kB
Cached:          2547136 kB
SwapCached:           20 kB
Active:           875320 kB
Inactive:       35313536 kB
Active(anon):       2592 kB
Inactive(anon): 33667040 kB
Active(file):     872728 kB
Inactive(file):  1646496 kB
Unevictable:           0 kB
Mlocked:               0 kB
SwapTotal:      16777212 kB
SwapFree:       16777184 kB
Dirty:                20 kB
Writeback:             0 kB
AnonPages:      33639592 kB
Mapped:            62892 kB
Shmem:             30580 kB
KReclaimable:     135180 kB
Slab:            1340336 kB
SReclaimable:     135180 kB
SUnreclaim:      1205156 kB
KernelStack:       23072 kB
PageTables:       139244 kB
NFS_Unstable:          0 kB
Bounce:                0 kB
WritebackTmp:          0 kB
CommitLimit:    280438864 kB
Committed_AS:   274160712 kB
VmallocTotal:   13743895347199 kB
VmallocUsed:     1464932 kB
VmallocChunk:          0 kB
Percpu:            81024 kB
HardwareCorrupted:     0 kB
AnonHugePages:  33587200 kB
ShmemHugePages:        0 kB
ShmemPmdMapped:        0 kB
FileHugePages:         0 kB
FilePmdMapped:         0 kB
HugePages_Total:       0
HugePages_Free:        0
HugePages_Rsvd:        0
HugePages_Surp:        0
Hugepagesize:       2048 kB
Hugetlb:               0 kB
DirectMap4k:     9441276 kB
DirectMap2M:    342382592 kB
DirectMap1G:    186646528 kB
2025-02-03T15:06:22-0600
MemTotal:       527323304 kB
MemFree:        487089404 kB
MemAvailable:   486828152 kB
Buffers:            2668 kB
Cached:          2547136 kB
SwapCached:           20 kB
Active:           875324 kB
Inactive:       35313880 kB
Active(anon):       2596 kB
Inactive(anon): 33667384 kB
Active(file):     872728 kB
Inactive(file):  1646496 kB
Unevictable:           0 kB
Mlocked:               0 kB
SwapTotal:      16777212 kB
SwapFree:       16777184 kB
Dirty:                20 kB
Writeback:             0 kB
AnonPages:      33639472 kB
Mapped:            62896 kB
Shmem:             30580 kB
KReclaimable:     135180 kB
Slab:            1340472 kB
SReclaimable:     135180 kB
SUnreclaim:      1205292 kB
KernelStack:       23120 kB
PageTables:       145808 kB
NFS_Unstable:          0 kB
Bounce:                0 kB
WritebackTmp:          0 kB
CommitLimit:    280438864 kB
Committed_AS:   274160712 kB
VmallocTotal:   13743895347199 kB
VmallocUsed:     1464948 kB
VmallocChunk:          0 kB
Percpu:            81024 kB
HardwareCorrupted:     0 kB
AnonHugePages:  33587200 kB
ShmemHugePages:        0 kB
ShmemPmdMapped:        0 kB
