MemTotal:       527323304 kB
MemFree:        520789068 kB
MemAvailable:   520526912 kB
Buffers:            2668 kB
Cached:          2547328 kB
SwapCached:           20 kB
Active:           894696 kB
Inactive:        1732516 kB
Active(anon):       2588 kB
Inactive(anon):   105220 kB
Active(file):     892108 kB
Inactive(file):  1627296 kB
Unevictable:           0 kB
Mlocked:               0 kB
SwapTotal:      16777212 kB
SwapFree:       16777184 kB
Dirty:               216 kB
Writeback:             0 kB
AnonPages:         77500 kB
Mapped:            61244 kB
Shmem:             30580 kB
KReclaimable:     133012 kB
Slab:            1338116 kB
SReclaimable:     133012 kB
SUnreclaim:      1205104 kB
KernelStack:       23104 kB
PageTables:         5000 kB
NFS_Unstable:          0 kB
Bounce:                0 kB
WritebackTmp:          0 kB
CommitLimit:    280438864 kB
Committed_AS:     558208 kB
VmallocTotal:   13743895347199 kB
VmallocUsed:     1464916 kB
VmallocChunk:          0 kB
Percpu:            81024 kB
HardwareCorrupted:     0 kB
AnonHugePages:     30720 kB
ShmemHugePages:        0 kB
ShmemPmdMapped:        0 kB
FileHugePages:         0 kB
FilePmdMapped:         0 kB
HugePages_Total:       0
HugePages_Free:        0
HugePages_Rsvd:        0
HugePages_Surp:        0
Hugepagesize:       2048 kB
Hugetlb:               0 kB
DirectMap4k:     9441276 kB
DirectMap2M:    342382592 kB
DirectMap1G:    186646528 kB
2025-02-03T15:14:17-0600
MemTotal:       527323304 kB
MemFree:        520063064 kB
MemAvailable:   519800944 kB
Buffers:            2668 kB
Cached:          2547348 kB
SwapCached:           20 kB
Active:           894732 kB
Inactive:        2457744 kB
Active(anon):       2592 kB
Inactive(anon):   830444 kB
Active(file):     892140 kB
Inactive(file):  1627300 kB
Unevictable:           0 kB
Mlocked:               0 kB
SwapTotal:      16777212 kB
SwapFree:       16777184 kB
Dirty:               248 kB
Writeback:             0 kB
AnonPages:        803132 kB
Mapped:            62228 kB
Shmem:             30580 kB
KReclaimable:     133012 kB
Slab:            1338100 kB
SReclaimable:     133012 kB
SUnreclaim:      1205088 kB
KernelStack:       23056 kB
PageTables:         6404 kB
NFS_Unstable:          0 kB
Bounce:                0 kB
WritebackTmp:          0 kB
CommitLimit:    280438864 kB
Committed_AS:   839553604 kB
VmallocTotal:   13743895347199 kB
VmallocUsed:     1464852 kB
VmallocChunk:          0 kB
Percpu:            81024 kB
HardwareCorrupted:     0 kB
AnonHugePages:    751616 kB
ShmemHugePages:        0 kB
ShmemPmdMapped:        0 kB
FileHugePages:         0 kB
FilePmdMapped:         0 kB
HugePages_Total:       0
HugePages_Free:        0
HugePages_Rsvd:        0
HugePages_Surp:        0
Hugepagesize:       2048 kB
Hugetlb:               0 kB
DirectMap4k:     9441276 kB
DirectMap2M:    342382592 kB
DirectMap1G:    186646528 kB
2025-02-03T15:14:18-0600
MemTotal:       527323304 kB
MemFree:        519340812 kB
MemAvailable:   519078624 kB
Buffers:            2668 kB
Cached:          2547284 kB
SwapCached:           20 kB
Active:           894708 kB
Inactive:        3178784 kB
Active(anon):       2592 kB
Inactive(anon):  1551528 kB
Active(file):     892116 kB
Inactive(file):  1627256 kB
Unevictable:           0 kB
Mlocked:               0 kB
SwapTotal:      16777212 kB
SwapFree:       16777184 kB
Dirty:                 0 kB
Writeback:           164 kB
AnonPages:       1523724 kB
Mapped:            62976 kB
Shmem:             30580 kB
KReclaimable:     133012 kB
Slab:            1338288 kB
SReclaimable:     133012 kB
SUnreclaim:      1205276 kB
KernelStack:       23168 kB
PageTables:         7920 kB
NFS_Unstable:          0 kB
Bounce:                0 kB
WritebackTmp:          0 kB
CommitLimit:    280438864 kB
Committed_AS:   839553604 kB
VmallocTotal:   13743895347199 kB
VmallocUsed:     1464820 kB
VmallocChunk:          0 kB
Percpu:            81024 kB
HardwareCorrupted:     0 kB
AnonHugePages:   1472512 kB
ShmemHugePages:        0 kB
ShmemPmdMapped:        0 kB
FileHugePages:         0 kB
FilePmdMapped:         0 kB
HugePages_Total:       0
HugePages_Free:        0
HugePages_Rsvd:        0
HugePages_Surp:        0
Hugepagesize:       2048 kB
Hugetlb:               0 kB
DirectMap4k:     9441276 kB
DirectMap2M:    342382592 kB
DirectMap1G:    186646528 kB
2025-02-03T15:14:19-0600
MemTotal:       527323304 kB
MemFree:        518620404 kB
MemAvailable:   518358220 kB
Buffers:            2668 kB
Cached:          2547288 kB
SwapCached:           20 kB
Active:           894708 kB
Inactive:        3897356 kB
Active(anon):       2592 kB
Inactive(anon):  2270096 kB
Active(file):     892116 kB
Inactive(file):  1627260 kB
Unevictable:           0 kB
Mlocked:               0 kB
SwapTotal:      16777212 kB
SwapFree:       16777184 kB
Dirty:                16 kB
Writeback:           164 kB
AnonPages:       2242728 kB
Mapped:            62912 kB
Shmem:             30580 kB
KReclaimable:     133012 kB
Slab:            1338384 kB
SReclaimable:     133012 kB
SUnreclaim:      1205372 kB
KernelStack:       23152 kB
PageTables:         9196 kB
NFS_Unstable:          0 kB
Bounce:                0 kB
WritebackTmp:          0 kB
CommitLimit:    280438864 kB
Committed_AS:   839553604 kB
VmallocTotal:   13743895347199 kB
VmallocUsed:     1464820 kB
VmallocChunk:          0 kB
Percpu:            81024 kB
HardwareCorrupted:     0 kB
AnonHugePages:   2191360 kB
ShmemHugePages:        0 kB
ShmemPmdMapped:        0 kB
FileHugePages:         0 kB
FilePmdMapped:         0 kB
HugePages_Total:       0
HugePages_Free:        0
HugePages_Rsvd:        0
HugePages_Surp:        0
Hugepagesize:       2048 kB
Hugetlb:               0 kB
DirectMap4k:     9441276 kB
DirectMap2M:    342382592 kB
DirectMap1G:    186646528 kB
2025-02-03T15:14:20-0600
MemTotal:       527323304 kB
MemFree:        517903152 kB
MemAvailable:   517640968 kB
Buffers:            2668 kB
Cached:          2547288 kB
SwapCached:           20 kB
Active:           894712 kB
Inactive:        4614264 kB
Active(anon):       2596 kB
Inactive(anon):  2987004 kB
Active(file):     892116 kB
Inactive(file):  1627260 kB
Unevictable:           0 kB
Mlocked:               0 kB
SwapTotal:      16777212 kB
SwapFree:       16777184 kB
Dirty:                16 kB
Writeback:             0 kB
AnonPages:       2959104 kB
Mapped:            62932 kB
Shmem:             30580 kB
KReclaimable:     133012 kB
Slab:            1338112 kB
SReclaimable:     133012 kB
SUnreclaim:      1205100 kB
KernelStack:       23088 kB
PageTables:        10508 kB
NFS_Unstable:          0 kB
Bounce:                0 kB
WritebackTmp:          0 kB
CommitLimit:    280438864 kB
Committed_AS:   839553604 kB
VmallocTotal:   13743895347199 kB
VmallocUsed:     1464804 kB
VmallocChunk:          0 kB
Percpu:            81024 kB
HardwareCorrupted:     0 kB
AnonHugePages:   2908160 kB
ShmemHugePages:        0 kB
ShmemPmdMapped:        0 kB
FileHugePages:         0 kB
FilePmdMapped:         0 kB
HugePages_Total:       0
HugePages_Free:        0
HugePages_Rsvd:        0
HugePages_Surp:        0
Hugepagesize:       2048 kB
Hugetlb:               0 kB
DirectMap4k:     9441276 kB
DirectMap2M:    342382592 kB
DirectMap1G:    186646528 kB
2025-02-03T15:14:21-0600
MemTotal:       527323304 kB
MemFree:        517183264 kB
MemAvailable:   516921080 kB
Buffers:            2668 kB
Cached:          2547288 kB
SwapCached:           20 kB
Active:           894704 kB
Inactive:        5332688 kB
Active(anon):       2588 kB
Inactive(anon):  3705428 kB
Active(file):     892116 kB
Inactive(file):  1627260 kB
Unevictable:           0 kB
Mlocked:               0 kB
SwapTotal:      16777212 kB
SwapFree:       16777184 kB
Dirty:                16 kB
Writeback:             0 kB
AnonPages:       3678032 kB
Mapped:            62912 kB
Shmem:             30580 kB
KReclaimable:     133012 kB
Slab:            1337800 kB
SReclaimable:     133012 kB
SUnreclaim:      1204788 kB
KernelStack:       23088 kB
PageTables:        11864 kB
NFS_Unstable:          0 kB
Bounce:                0 kB
WritebackTmp:          0 kB
CommitLimit:    280438864 kB
Committed_AS:   839553604 kB
VmallocTotal:   13743895347199 kB
VmallocUsed:     1464820 kB
VmallocChunk:          0 kB
Percpu:            81024 kB
HardwareCorrupted:     0 kB
AnonHugePages:   3627008 kB
ShmemHugePages:        0 kB
ShmemPmdMapped:        0 kB
FileHugePages:         0 kB
FilePmdMapped:         0 kB
HugePages_Total:       0
HugePages_Free:        0
HugePages_Rsvd:        0
HugePages_Surp:        0
Hugepagesize:       2048 kB
Hugetlb:               0 kB
DirectMap4k:     9441276 kB
DirectMap2M:    342382592 kB
DirectMap1G:    186646528 kB
2025-02-03T15:14:22-0600
MemTotal:       527323304 kB
MemFree:        516460160 kB
MemAvailable:   516197980 kB
Buffers:            2668 kB
Cached:          2547292 kB
SwapCached:           20 kB
Active:           894708 kB
Inactive:        6054120 kB
Active(anon):       2592 kB
Inactive(anon):  4426856 kB
Active(file):     892116 kB
Inactive(file):  1627264 kB
Unevictable:           0 kB
Mlocked:               0 kB
SwapTotal:      16777212 kB
SwapFree:       16777184 kB
Dirty:                20 kB
Writeback:             0 kB
AnonPages:       4399036 kB
Mapped:            62976 kB
Shmem:             30580 kB
KReclaimable:     133012 kB
Slab:            1337760 kB
SReclaimable:     133012 kB
SUnreclaim:      1204748 kB
KernelStack:       23120 kB
PageTables:        13364 kB
NFS_Unstable:          0 kB
Bounce:                0 kB
WritebackTmp:          0 kB
CommitLimit:    280438864 kB
Committed_AS:   839553604 kB
VmallocTotal:   13743895347199 kB
VmallocUsed:     1464820 kB
VmallocChunk:          0 kB
Percpu:            81024 kB
HardwareCorrupted:     0 kB
AnonHugePages:   4347904 kB
ShmemHugePages:        0 kB
ShmemPmdMapped:        0 kB
FileHugePages:         0 kB
FilePmdMapped:         0 kB
HugePages_Total:       0
HugePages_Free:        0
HugePages_Rsvd:        0
HugePages_Surp:        0
Hugepagesize:       2048 kB
Hugetlb:               0 kB
DirectMap4k:     9441276 kB
DirectMap2M:    342382592 kB
DirectMap1G:    186646528 kB
2025-02-03T15:14:23-0600
MemTotal:       527323304 kB
MemFree:        515743940 kB
MemAvailable:   515481760 kB
Buffers:            2668 kB
Cached:          2547292 kB
SwapCached:           20 kB
Active:           894704 kB
Inactive:        6768508 kB
Active(anon):       2588 kB
Inactive(anon):  5141244 kB
Active(file):     892116 kB
Inactive(file):  1627264 kB
Unevictable:           0 kB
Mlocked:               0 kB
SwapTotal:      16777212 kB
SwapFree:       16777184 kB
Dirty:                 0 kB
Writeback:             0 kB
AnonPages:       5113840 kB
Mapped:            62912 kB
Shmem:             30580 kB
KReclaimable:     133012 kB
Slab:            1337632 kB
SReclaimable:     133012 kB
SUnreclaim:      1204620 kB
KernelStack:       23104 kB
PageTables:        14704 kB
NFS_Unstable:          0 kB
Bounce:                0 kB
WritebackTmp:          0 kB
CommitLimit:    280438864 kB
Committed_AS:   839553604 kB
VmallocTotal:   13743895347199 kB
VmallocUsed:     1464836 kB
VmallocChunk:          0 kB
Percpu:            81024 kB
HardwareCorrupted:     0 kB
AnonHugePages:   5062656 kB
ShmemHugePages:        0 kB
ShmemPmdMapped:        0 kB
FileHugePages:         0 kB
FilePmdMapped:         0 kB
HugePages_Total:       0
HugePages_Free:        0
HugePages_Rsvd:        0
HugePages_Surp:        0
Hugepagesize:       2048 kB
Hugetlb:               0 kB
DirectMap4k:     9441276 kB
DirectMap2M:    342382592 kB
DirectMap1G:    186646528 kB
2025-02-03T15:14:24-0600
MemTotal:       527323304 kB
MemFree:        515024120 kB
MemAvailable:   514761940 kB
Buffers:            2668 kB
Cached:          2547292 kB
SwapCached:           20 kB
Active:           894708 kB
Inactive:        7487584 kB
Active(anon):       2592 kB
Inactive(anon):  5860320 kB
Active(file):     892116 kB
Inactive(file):  1627264 kB
Unevictable:           0 kB
Mlocked:               0 kB
SwapTotal:      16777212 kB
SwapFree:       16777184 kB
Dirty:                 8 kB
Writeback:             0 kB
AnonPages:       5832480 kB
Mapped:            62976 kB
Shmem:             30580 kB
KReclaimable:     133012 kB
Slab:            1338248 kB
SReclaimable:     133012 kB
SUnreclaim:      1205236 kB
KernelStack:       23088 kB
PageTables:        16112 kB
NFS_Unstable:          0 kB
Bounce:                0 kB
WritebackTmp:          0 kB
CommitLimit:    280438864 kB
Committed_AS:   839553604 kB
VmallocTotal:   13743895347199 kB
VmallocUsed:     1464836 kB
VmallocChunk:          0 kB
Percpu:            81024 kB
HardwareCorrupted:     0 kB
AnonHugePages:   5781504 kB
ShmemHugePages:        0 kB
ShmemPmdMapped:        0 kB
FileHugePages:         0 kB
FilePmdMapped:         0 kB
HugePages_Total:       0
HugePages_Free:        0
HugePages_Rsvd:        0
HugePages_Surp:        0
Hugepagesize:       2048 kB
Hugetlb:               0 kB
DirectMap4k:     9441276 kB
DirectMap2M:    342382592 kB
DirectMap1G:    186646528 kB
2025-02-03T15:14:25-0600
MemTotal:       527323304 kB
MemFree:        514302188 kB
MemAvailable:   514040012 kB
Buffers:            2668 kB
Cached:          2547296 kB
SwapCached:           20 kB
Active:           894704 kB
Inactive:        8208124 kB
Active(anon):       2588 kB
Inactive(anon):  6580856 kB
Active(file):     892116 kB
Inactive(file):  1627268 kB
Unevictable:           0 kB
Mlocked:               0 kB
SwapTotal:      16777212 kB
SwapFree:       16777184 kB
Dirty:                16 kB
Writeback:             0 kB
AnonPages:       6553440 kB
Mapped:            62912 kB
Shmem:             30580 kB
KReclaimable:     133012 kB
Slab:            1337680 kB
SReclaimable:     133012 kB
SUnreclaim:      1204668 kB
KernelStack:       23088 kB
PageTables:        17376 kB
NFS_Unstable:          0 kB
Bounce:                0 kB
WritebackTmp:          0 kB
CommitLimit:    280438864 kB
Committed_AS:   839553604 kB
VmallocTotal:   13743895347199 kB
VmallocUsed:     1464836 kB
VmallocChunk:          0 kB
Percpu:            81024 kB
HardwareCorrupted:     0 kB
AnonHugePages:   6502400 kB
ShmemHugePages:        0 kB
ShmemPmdMapped:        0 kB
FileHugePages:         0 kB
FilePmdMapped:         0 kB
HugePages_Total:       0
HugePages_Free:        0
HugePages_Rsvd:        0
HugePages_Surp:        0
Hugepagesize:       2048 kB
Hugetlb:               0 kB
DirectMap4k:     9441276 kB
DirectMap2M:    342382592 kB
DirectMap1G:    186646528 kB
2025-02-03T15:14:26-0600
MemTotal:       527323304 kB
MemFree:        513585744 kB
MemAvailable:   513323568 kB
Buffers:            2668 kB
Cached:          2547296 kB
SwapCached:           20 kB
Active:           894712 kB
Inactive:        8923668 kB
Active(anon):       2596 kB
Inactive(anon):  7296400 kB
Active(file):     892116 kB
Inactive(file):  1627268 kB
Unevictable:           0 kB
Mlocked:               0 kB
SwapTotal:      16777212 kB
SwapFree:       16777184 kB
Dirty:                16 kB
Writeback:             0 kB
AnonPages:       7268556 kB
Mapped:            62976 kB
Shmem:             30580 kB
KReclaimable:     133012 kB
Slab:            1337728 kB
SReclaimable:     133012 kB
SUnreclaim:      1204716 kB
KernelStack:       23088 kB
PageTables:        18868 kB
NFS_Unstable:          0 kB
Bounce:                0 kB
WritebackTmp:          0 kB
CommitLimit:    280438864 kB
Committed_AS:   839553604 kB
VmallocTotal:   13743895347199 kB
VmallocUsed:     1464836 kB
VmallocChunk:          0 kB
Percpu:            81024 kB
HardwareCorrupted:     0 kB
AnonHugePages:   7217152 kB
ShmemHugePages:        0 kB
ShmemPmdMapped:        0 kB
FileHugePages:         0 kB
FilePmdMapped:         0 kB
HugePages_Total:       0
HugePages_Free:        0
HugePages_Rsvd:        0
HugePages_Surp:        0
Hugepagesize:       2048 kB
Hugetlb:               0 kB
DirectMap4k:     9441276 kB
DirectMap2M:    342382592 kB
DirectMap1G:    186646528 kB
2025-02-03T15:14:27-0600
MemTotal:       527323304 kB
MemFree:        512865580 kB
MemAvailable:   512603404 kB
Buffers:            2668 kB
Cached:          2547296 kB
SwapCached:           20 kB
Active:           894704 kB
Inactive:        9642076 kB
Active(anon):       2588 kB
Inactive(anon):  8014808 kB
Active(file):     892116 kB
Inactive(file):  1627268 kB
Unevictable:           0 kB
Mlocked:               0 kB
SwapTotal:      16777212 kB
SwapFree:       16777184 kB
Dirty:                16 kB
Writeback:             0 kB
AnonPages:       7987424 kB
Mapped:            62912 kB
Shmem:             30580 kB
KReclaimable:     133012 kB
Slab:            1337696 kB
SReclaimable:     133012 kB
SUnreclaim:      1204684 kB
KernelStack:       23072 kB
PageTables:        20088 kB
NFS_Unstable:          0 kB
Bounce:                0 kB
WritebackTmp:          0 kB
CommitLimit:    280438864 kB
Committed_AS:   839553604 kB
VmallocTotal:   13743895347199 kB
VmallocUsed:     1464836 kB
VmallocChunk:          0 kB
Percpu:            81024 kB
HardwareCorrupted:     0 kB
AnonHugePages:   7936000 kB
ShmemHugePages:        0 kB
ShmemPmdMapped:        0 kB
FileHugePages:         0 kB
FilePmdMapped:         0 kB
HugePages_Total:       0
HugePages_Free:        0
HugePages_Rsvd:        0
HugePages_Surp:        0
Hugepagesize:       2048 kB
Hugetlb:               0 kB
DirectMap4k:     9441276 kB
DirectMap2M:    342382592 kB
DirectMap1G:    186646528 kB
2025-02-03T15:14:28-0600
MemTotal:       527323304 kB
MemFree:        512143740 kB
MemAvailable:   511881568 kB
Buffers:            2668 kB
Cached:          2547300 kB
SwapCached:           20 kB
Active:           894712 kB
Inactive:       10362932 kB
Active(anon):       2596 kB
Inactive(anon):  8735660 kB
Active(file):     892116 kB
Inactive(file):  1627272 kB
Unevictable:           0 kB
Mlocked:               0 kB
SwapTotal:      16777212 kB
SwapFree:       16777184 kB
Dirty:                20 kB
Writeback:             0 kB
AnonPages:       8707784 kB
Mapped:            62920 kB
Shmem:             30580 kB
KReclaimable:     133012 kB
Slab:            1337712 kB
SReclaimable:     133012 kB
SUnreclaim:      1204700 kB
KernelStack:       23072 kB
PageTables:        21580 kB
NFS_Unstable:          0 kB
Bounce:                0 kB
WritebackTmp:          0 kB
CommitLimit:    280438864 kB
Committed_AS:   839553604 kB
VmallocTotal:   13743895347199 kB
VmallocUsed:     1464836 kB
VmallocChunk:          0 kB
Percpu:            81024 kB
HardwareCorrupted:     0 kB
AnonHugePages:   8656896 kB
ShmemHugePages:        0 kB
ShmemPmdMapped:        0 kB
FileHugePages:         0 kB
FilePmdMapped:         0 kB
HugePages_Total:       0
HugePages_Free:        0
HugePages_Rsvd:        0
HugePages_Surp:        0
Hugepagesize:       2048 kB
Hugetlb:               0 kB
DirectMap4k:     9441276 kB
DirectMap2M:    342382592 kB
DirectMap1G:    186646528 kB
2025-02-03T15:14:29-0600
MemTotal:       527323304 kB
MemFree:        511421280 kB
MemAvailable:   511159108 kB
Buffers:            2668 kB
Cached:          2547300 kB
SwapCached:           20 kB
Active:           894704 kB
Inactive:       11083468 kB
Active(anon):       2588 kB
Inactive(anon):  9456196 kB
Active(file):     892116 kB
Inactive(file):  1627272 kB
Unevictable:           0 kB
Mlocked:               0 kB
SwapTotal:      16777212 kB
SwapFree:       16777184 kB
Dirty:                 8 kB
Writeback:             4 kB
AnonPages:       9428776 kB
Mapped:            62912 kB
Shmem:             30580 kB
KReclaimable:     133012 kB
Slab:            1337744 kB
SReclaimable:     133012 kB
SUnreclaim:      1204732 kB
KernelStack:       23040 kB
PageTables:        22936 kB
NFS_Unstable:          0 kB
Bounce:                0 kB
WritebackTmp:          0 kB
CommitLimit:    280438864 kB
Committed_AS:   839575144 kB
VmallocTotal:   13743895347199 kB
VmallocUsed:     1464820 kB
VmallocChunk:          0 kB
Percpu:            81024 kB
HardwareCorrupted:     0 kB
AnonHugePages:   9377792 kB
ShmemHugePages:        0 kB
ShmemPmdMapped:        0 kB
FileHugePages:         0 kB
FilePmdMapped:         0 kB
HugePages_Total:       0
HugePages_Free:        0
HugePages_Rsvd:        0
HugePages_Surp:        0
Hugepagesize:       2048 kB
Hugetlb:               0 kB
DirectMap4k:     9441276 kB
DirectMap2M:    342382592 kB
DirectMap1G:    186646528 kB
2025-02-03T15:14:30-0600
MemTotal:       527323304 kB
MemFree:        510698044 kB
MemAvailable:   510435872 kB
Buffers:            2668 kB
Cached:          2547300 kB
SwapCached:           20 kB
Active:           894704 kB
Inactive:       11805204 kB
Active(anon):       2588 kB
Inactive(anon): 10177932 kB
Active(file):     892116 kB
Inactive(file):  1627272 kB
Unevictable:           0 kB
Mlocked:               0 kB
SwapTotal:      16777212 kB
SwapFree:       16777184 kB
Dirty:                12 kB
Writeback:             0 kB
AnonPages:      10150136 kB
Mapped:            62640 kB
Shmem:             30580 kB
KReclaimable:     133012 kB
Slab:            1337640 kB
SReclaimable:     133012 kB
SUnreclaim:      1204628 kB
KernelStack:       23104 kB
PageTables:        24516 kB
NFS_Unstable:          0 kB
Bounce:                0 kB
WritebackTmp:          0 kB
CommitLimit:    280438864 kB
Committed_AS:   839575144 kB
VmallocTotal:   13743895347199 kB
VmallocUsed:     1464804 kB
VmallocChunk:          0 kB
Percpu:            81024 kB
HardwareCorrupted:     0 kB
AnonHugePages:  10098688 kB
ShmemHugePages:        0 kB
ShmemPmdMapped:        0 kB
FileHugePages:         0 kB
FilePmdMapped:         0 kB
HugePages_Total:       0
HugePages_Free:        0
HugePages_Rsvd:        0
HugePages_Surp:        0
Hugepagesize:       2048 kB
Hugetlb:               0 kB
DirectMap4k:     9441276 kB
DirectMap2M:    342382592 kB
DirectMap1G:    186646528 kB
2025-02-03T15:14:31-0600
MemTotal:       527323304 kB
MemFree:        509976320 kB
MemAvailable:   509714152 kB
Buffers:            2668 kB
Cached:          2547304 kB
SwapCached:           20 kB
Active:           894688 kB
Inactive:       12523572 kB
Active(anon):       2572 kB
Inactive(anon): 10896296 kB
Active(file):     892116 kB
Inactive(file):  1627276 kB
Unevictable:           0 kB
Mlocked:               0 kB
SwapTotal:      16777212 kB
SwapFree:       16777184 kB
Dirty:                16 kB
Writeback:             0 kB
AnonPages:      10868968 kB
Mapped:            62344 kB
Shmem:             30580 kB
KReclaimable:     133012 kB
Slab:            1337552 kB
SReclaimable:     133012 kB
SUnreclaim:      1204540 kB
KernelStack:       23088 kB
PageTables:        25832 kB
NFS_Unstable:          0 kB
Bounce:                0 kB
WritebackTmp:          0 kB
CommitLimit:    280438864 kB
Committed_AS:   839575144 kB
VmallocTotal:   13743895347199 kB
VmallocUsed:     1464820 kB
VmallocChunk:          0 kB
Percpu:            81024 kB
HardwareCorrupted:     0 kB
AnonHugePages:  10817536 kB
ShmemHugePages:        0 kB
ShmemPmdMapped:        0 kB
FileHugePages:         0 kB
FilePmdMapped:         0 kB
HugePages_Total:       0
HugePages_Free:        0
HugePages_Rsvd:        0
HugePages_Surp:        0
Hugepagesize:       2048 kB
Hugetlb:               0 kB
DirectMap4k:     9441276 kB
DirectMap2M:    342382592 kB
DirectMap1G:    186646528 kB
2025-02-03T15:14:32-0600
MemTotal:       527323304 kB
MemFree:        509256560 kB
MemAvailable:   508994392 kB
Buffers:            2668 kB
Cached:          2547304 kB
SwapCached:           20 kB
Active:           894712 kB
Inactive:       13244560 kB
Active(anon):       2596 kB
Inactive(anon): 11617284 kB
Active(file):     892116 kB
Inactive(file):  1627276 kB
Unevictable:           0 kB
Mlocked:               0 kB
SwapTotal:      16777212 kB
SwapFree:       16777184 kB
Dirty:                16 kB
Writeback:             0 kB
AnonPages:      11589380 kB
Mapped:            62984 kB
Shmem:             30580 kB
KReclaimable:     133012 kB
Slab:            1337648 kB
SReclaimable:     133012 kB
SUnreclaim:      1204636 kB
KernelStack:       23072 kB
PageTables:        27224 kB
NFS_Unstable:          0 kB
Bounce:                0 kB
WritebackTmp:          0 kB
CommitLimit:    280438864 kB
Committed_AS:   839575144 kB
VmallocTotal:   13743895347199 kB
VmallocUsed:     1464820 kB
VmallocChunk:          0 kB
Percpu:            81024 kB
HardwareCorrupted:     0 kB
AnonHugePages:  11538432 kB
ShmemHugePages:        0 kB
ShmemPmdMapped:        0 kB
FileHugePages:         0 kB
FilePmdMapped:         0 kB
HugePages_Total:       0
HugePages_Free:        0
HugePages_Rsvd:        0
HugePages_Surp:        0
Hugepagesize:       2048 kB
Hugetlb:               0 kB
DirectMap4k:     9441276 kB
DirectMap2M:    342382592 kB
DirectMap1G:    186646528 kB
2025-02-03T15:14:33-0600
MemTotal:       527323304 kB
MemFree:        508538176 kB
MemAvailable:   508276012 kB
Buffers:            2668 kB
Cached:          2547308 kB
SwapCached:           20 kB
Active:           894704 kB
Inactive:       13960996 kB
Active(anon):       2588 kB
Inactive(anon): 12333716 kB
Active(file):     892116 kB
Inactive(file):  1627280 kB
Unevictable:           0 kB
Mlocked:               0 kB
SwapTotal:      16777212 kB
SwapFree:       16777184 kB
Dirty:                20 kB
Writeback:             0 kB
AnonPages:      12306244 kB
Mapped:            62912 kB
Shmem:             30580 kB
KReclaimable:     133012 kB
Slab:            1337504 kB
SReclaimable:     133012 kB
SUnreclaim:      1204492 kB
KernelStack:       23072 kB
PageTables:        28492 kB
NFS_Unstable:          0 kB
Bounce:                0 kB
WritebackTmp:          0 kB
CommitLimit:    280438864 kB
Committed_AS:   839575144 kB
VmallocTotal:   13743895347199 kB
VmallocUsed:     1464804 kB
VmallocChunk:          0 kB
Percpu:            81024 kB
HardwareCorrupted:     0 kB
AnonHugePages:  12255232 kB
ShmemHugePages:        0 kB
ShmemPmdMapped:        0 kB
FileHugePages:         0 kB
FilePmdMapped:         0 kB
HugePages_Total:       0
HugePages_Free:        0
HugePages_Rsvd:        0
HugePages_Surp:        0
Hugepagesize:       2048 kB
Hugetlb:               0 kB
DirectMap4k:     9441276 kB
DirectMap2M:    342382592 kB
DirectMap1G:    186646528 kB
2025-02-03T15:14:34-0600
MemTotal:       527323304 kB
MemFree:        507815984 kB
MemAvailable:   507553824 kB
Buffers:            2668 kB
Cached:          2547312 kB
SwapCached:           20 kB
Active:           894712 kB
Inactive:       14682260 kB
Active(anon):       2596 kB
Inactive(anon): 13054976 kB
Active(file):     892116 kB
Inactive(file):  1627284 kB
Unevictable:           0 kB
Mlocked:               0 kB
SwapTotal:      16777212 kB
SwapFree:       16777184 kB
Dirty:                 4 kB
Writeback:             0 kB
AnonPages:      13027040 kB
Mapped:            62976 kB
Shmem:             30580 kB
KReclaimable:     133012 kB
Slab:            1337584 kB
SReclaimable:     133012 kB
SUnreclaim:      1204572 kB
KernelStack:       23072 kB
PageTables:        29992 kB
NFS_Unstable:          0 kB
Bounce:                0 kB
WritebackTmp:          0 kB
CommitLimit:    280438864 kB
Committed_AS:   839575144 kB
VmallocTotal:   13743895347199 kB
VmallocUsed:     1464820 kB
VmallocChunk:          0 kB
Percpu:            81024 kB
HardwareCorrupted:     0 kB
AnonHugePages:  12976128 kB
ShmemHugePages:        0 kB
ShmemPmdMapped:        0 kB
FileHugePages:         0 kB
FilePmdMapped:         0 kB
HugePages_Total:       0
HugePages_Free:        0
HugePages_Rsvd:        0
HugePages_Surp:        0
Hugepagesize:       2048 kB
Hugetlb:               0 kB
DirectMap4k:     9441276 kB
DirectMap2M:    342382592 kB
DirectMap1G:    186646528 kB
2025-02-03T15:14:35-0600
MemTotal:       527323304 kB
MemFree:        507093484 kB
MemAvailable:   506831324 kB
Buffers:            2668 kB
Cached:          2547312 kB
SwapCached:           20 kB
Active:           894704 kB
Inactive:       15402796 kB
Active(anon):       2588 kB
Inactive(anon): 13775512 kB
Active(file):     892116 kB
Inactive(file):  1627284 kB
Unevictable:           0 kB
Mlocked:               0 kB
SwapTotal:      16777212 kB
SwapFree:       16777184 kB
Dirty:                12 kB
Writeback:             0 kB
AnonPages:      13748064 kB
Mapped:            62912 kB
Shmem:             30580 kB
KReclaimable:     133012 kB
Slab:            1337760 kB
SReclaimable:     133012 kB
SUnreclaim:      1204748 kB
KernelStack:       23072 kB
PageTables:        31272 kB
NFS_Unstable:          0 kB
Bounce:                0 kB
WritebackTmp:          0 kB
CommitLimit:    280438864 kB
Committed_AS:   839575144 kB
VmallocTotal:   13743895347199 kB
VmallocUsed:     1464820 kB
VmallocChunk:          0 kB
Percpu:            81024 kB
HardwareCorrupted:     0 kB
AnonHugePages:  13697024 kB
ShmemHugePages:        0 kB
ShmemPmdMapped:        0 kB
FileHugePages:         0 kB
FilePmdMapped:         0 kB
HugePages_Total:       0
HugePages_Free:        0
HugePages_Rsvd:        0
HugePages_Surp:        0
Hugepagesize:       2048 kB
Hugetlb:               0 kB
DirectMap4k:     9441276 kB
DirectMap2M:    342382592 kB
DirectMap1G:    186646528 kB
2025-02-03T15:14:36-0600
MemTotal:       527323304 kB
MemFree:        506371376 kB
MemAvailable:   506109220 kB
Buffers:            2668 kB
Cached:          2547316 kB
SwapCached:           20 kB
Active:           894712 kB
Inactive:       16124060 kB
Active(anon):       2596 kB
Inactive(anon): 14496772 kB
Active(file):     892116 kB
Inactive(file):  1627288 kB
Unevictable:           0 kB
Mlocked:               0 kB
SwapTotal:      16777212 kB
SwapFree:       16777184 kB
Dirty:                16 kB
Writeback:             0 kB
AnonPages:      14468864 kB
Mapped:            62976 kB
Shmem:             30580 kB
KReclaimable:     133012 kB
Slab:            1337760 kB
SReclaimable:     133012 kB
SUnreclaim:      1204748 kB
KernelStack:       23072 kB
PageTables:        32764 kB
NFS_Unstable:          0 kB
Bounce:                0 kB
WritebackTmp:          0 kB
CommitLimit:    280438864 kB
Committed_AS:   839575144 kB
VmallocTotal:   13743895347199 kB
VmallocUsed:     1464820 kB
VmallocChunk:          0 kB
Percpu:            81024 kB
HardwareCorrupted:     0 kB
AnonHugePages:  14417920 kB
ShmemHugePages:        0 kB
ShmemPmdMapped:        0 kB
FileHugePages:         0 kB
FilePmdMapped:         0 kB
HugePages_Total:       0
HugePages_Free:        0
HugePages_Rsvd:        0
HugePages_Surp:        0
Hugepagesize:       2048 kB
Hugetlb:               0 kB
DirectMap4k:     9441276 kB
DirectMap2M:    342382592 kB
DirectMap1G:    186646528 kB
2025-02-03T15:14:37-0600
MemTotal:       527323304 kB
MemFree:        505648952 kB
MemAvailable:   505386796 kB
Buffers:            2668 kB
Cached:          2547316 kB
SwapCached:           20 kB
Active:           894704 kB
Inactive:       16844580 kB
Active(anon):       2588 kB
Inactive(anon): 15217292 kB
Active(file):     892116 kB
Inactive(file):  1627288 kB
Unevictable:           0 kB
Mlocked:               0 kB
SwapTotal:      16777212 kB
SwapFree:       16777184 kB
Dirty:                16 kB
Writeback:             0 kB
AnonPages:      15189816 kB
Mapped:            62912 kB
Shmem:             30580 kB
KReclaimable:     133012 kB
Slab:            1337688 kB
SReclaimable:     133012 kB
SUnreclaim:      1204676 kB
KernelStack:       23056 kB
PageTables:        34104 kB
NFS_Unstable:          0 kB
Bounce:                0 kB
WritebackTmp:          0 kB
CommitLimit:    280438864 kB
Committed_AS:   839575144 kB
VmallocTotal:   13743895347199 kB
VmallocUsed:     1464820 kB
VmallocChunk:          0 kB
Percpu:            81024 kB
HardwareCorrupted:     0 kB
AnonHugePages:  15138816 kB
ShmemHugePages:        0 kB
ShmemPmdMapped:        0 kB
FileHugePages:         0 kB
FilePmdMapped:         0 kB
HugePages_Total:       0
HugePages_Free:        0
HugePages_Rsvd:        0
HugePages_Surp:        0
Hugepagesize:       2048 kB
Hugetlb:               0 kB
DirectMap4k:     9441276 kB
DirectMap2M:    342382592 kB
DirectMap1G:    186646528 kB
2025-02-03T15:14:38-0600
MemTotal:       527323304 kB
MemFree:        504926212 kB
MemAvailable:   504664056 kB
Buffers:            2668 kB
Cached:          2547316 kB
SwapCached:           20 kB
Active:           894708 kB
Inactive:       17565596 kB
Active(anon):       2592 kB
Inactive(anon): 15938308 kB
Active(file):     892116 kB
Inactive(file):  1627288 kB
Unevictable:           0 kB
Mlocked:               0 kB
SwapTotal:      16777212 kB
SwapFree:       16777184 kB
Dirty:                16 kB
Writeback:             0 kB
AnonPages:      15910844 kB
Mapped:            63136 kB
Shmem:             30580 kB
KReclaimable:     133012 kB
Slab:            1337872 kB
SReclaimable:     133012 kB
SUnreclaim:      1204860 kB
KernelStack:       23088 kB
PageTables:        36008 kB
NFS_Unstable:          0 kB
Bounce:                0 kB
WritebackTmp:          0 kB
CommitLimit:    280438864 kB
Committed_AS:   839596620 kB
VmallocTotal:   13743895347199 kB
VmallocUsed:     1464820 kB
VmallocChunk:          0 kB
Percpu:            81024 kB
HardwareCorrupted:     0 kB
AnonHugePages:  15859712 kB
ShmemHugePages:        0 kB
ShmemPmdMapped:        0 kB
FileHugePages:         0 kB
FilePmdMapped:         0 kB
HugePages_Total:       0
HugePages_Free:        0
HugePages_Rsvd:        0
HugePages_Surp:        0
Hugepagesize:       2048 kB
Hugetlb:               0 kB
DirectMap4k:     9441276 kB
DirectMap2M:    342382592 kB
DirectMap1G:    186646528 kB
2025-02-03T15:14:39-0600
MemTotal:       527323304 kB
MemFree:        504204196 kB
MemAvailable:   503942044 kB
Buffers:            2668 kB
Cached:          2547320 kB
SwapCached:           20 kB
Active:           894712 kB
Inactive:       18286852 kB
Active(anon):       2596 kB
Inactive(anon): 16659560 kB
Active(file):     892116 kB
Inactive(file):  1627292 kB
Unevictable:           0 kB
Mlocked:               0 kB
SwapTotal:      16777212 kB
SwapFree:       16777184 kB
Dirty:                 0 kB
Writeback:            12 kB
AnonPages:      16632128 kB
Mapped:            63216 kB
Shmem:             30580 kB
KReclaimable:     133012 kB
Slab:            1337672 kB
SReclaimable:     133012 kB
SUnreclaim:      1204660 kB
KernelStack:       23072 kB
PageTables:        37488 kB
NFS_Unstable:          0 kB
Bounce:                0 kB
WritebackTmp:          0 kB
CommitLimit:    280438864 kB
Committed_AS:   839596620 kB
VmallocTotal:   13743895347199 kB
VmallocUsed:     1464820 kB
VmallocChunk:          0 kB
Percpu:            81024 kB
HardwareCorrupted:     0 kB
AnonHugePages:  16580608 kB
ShmemHugePages:        0 kB
ShmemPmdMapped:        0 kB
FileHugePages:         0 kB
FilePmdMapped:         0 kB
HugePages_Total:       0
HugePages_Free:        0
HugePages_Rsvd:        0
HugePages_Surp:        0
Hugepagesize:       2048 kB
Hugetlb:               0 kB
DirectMap4k:     9441276 kB
DirectMap2M:    342382592 kB
DirectMap1G:    186646528 kB
2025-02-03T15:14:40-0600
MemTotal:       527323304 kB
MemFree:        503482084 kB
MemAvailable:   503219932 kB
Buffers:            2668 kB
Cached:          2547320 kB
SwapCached:           20 kB
Active:           894708 kB
Inactive:       19007620 kB
Active(anon):       2592 kB
Inactive(anon): 17380328 kB
Active(file):     892116 kB
Inactive(file):  1627292 kB
Unevictable:           0 kB
Mlocked:               0 kB
SwapTotal:      16777212 kB
SwapFree:       16777184 kB
Dirty:                12 kB
Writeback:             0 kB
AnonPages:      17352448 kB
Mapped:            62976 kB
Shmem:             30580 kB
KReclaimable:     133012 kB
Slab:            1337504 kB
SReclaimable:     133012 kB
SUnreclaim:      1204492 kB
KernelStack:       23072 kB
PageTables:        38384 kB
NFS_Unstable:          0 kB
Bounce:                0 kB
WritebackTmp:          0 kB
CommitLimit:    280438864 kB
Committed_AS:   839596620 kB
VmallocTotal:   13743895347199 kB
VmallocUsed:     1464836 kB
VmallocChunk:          0 kB
Percpu:            81024 kB
HardwareCorrupted:     0 kB
AnonHugePages:  17301504 kB
ShmemHugePages:        0 kB
ShmemPmdMapped:        0 kB
FileHugePages:         0 kB
FilePmdMapped:         0 kB
HugePages_Total:       0
HugePages_Free:        0
HugePages_Rsvd:        0
HugePages_Surp:        0
Hugepagesize:       2048 kB
Hugetlb:               0 kB
DirectMap4k:     9441276 kB
DirectMap2M:    342382592 kB
DirectMap1G:    186646528 kB
2025-02-03T15:14:41-0600
MemTotal:       527323304 kB
MemFree:        502761608 kB
MemAvailable:   502499456 kB
Buffers:            2668 kB
Cached:          2547320 kB
SwapCached:           20 kB
Active:           894700 kB
Inactive:       19726188 kB
Active(anon):       2584 kB
Inactive(anon): 18098896 kB
Active(file):     892116 kB
Inactive(file):  1627292 kB
Unevictable:           0 kB
Mlocked:               0 kB
SwapTotal:      16777212 kB
SwapFree:       16777184 kB
Dirty:                12 kB
Writeback:             0 kB
AnonPages:      18071444 kB
Mapped:            62912 kB
Shmem:             30580 kB
KReclaimable:     133012 kB
Slab:            1337416 kB
SReclaimable:     133012 kB
SUnreclaim:      1204404 kB
KernelStack:       23088 kB
PageTables:        40196 kB
NFS_Unstable:          0 kB
Bounce:                0 kB
WritebackTmp:          0 kB
CommitLimit:    280438864 kB
Committed_AS:   839596620 kB
VmallocTotal:   13743895347199 kB
VmallocUsed:     1464836 kB
VmallocChunk:          0 kB
Percpu:            81024 kB
HardwareCorrupted:     0 kB
AnonHugePages:  18020352 kB
ShmemHugePages:        0 kB
ShmemPmdMapped:        0 kB
FileHugePages:         0 kB
FilePmdMapped:         0 kB
HugePages_Total:       0
HugePages_Free:        0
HugePages_Rsvd:        0
HugePages_Surp:        0
Hugepagesize:       2048 kB
Hugetlb:               0 kB
DirectMap4k:     9441276 kB
DirectMap2M:    342382592 kB
DirectMap1G:    186646528 kB
2025-02-03T15:14:42-0600
MemTotal:       527323304 kB
MemFree:        502039480 kB
MemAvailable:   501777332 kB
Buffers:            2668 kB
Cached:          2547324 kB
SwapCached:           20 kB
Active:           894712 kB
Inactive:       20447388 kB
Active(anon):       2596 kB
Inactive(anon): 18820092 kB
Active(file):     892116 kB
Inactive(file):  1627296 kB
Unevictable:           0 kB
Mlocked:               0 kB
SwapTotal:      16777212 kB
SwapFree:       16777184 kB
Dirty:                16 kB
Writeback:             0 kB
AnonPages:      18792184 kB
Mapped:            62928 kB
Shmem:             30580 kB
KReclaimable:     133012 kB
Slab:            1337408 kB
SReclaimable:     133012 kB
SUnreclaim:      1204396 kB
KernelStack:       23072 kB
PageTables:        41644 kB
NFS_Unstable:          0 kB
Bounce:                0 kB
WritebackTmp:          0 kB
CommitLimit:    280438864 kB
Committed_AS:   839596620 kB
VmallocTotal:   13743895347199 kB
VmallocUsed:     1464836 kB
VmallocChunk:          0 kB
Percpu:            81024 kB
HardwareCorrupted:     0 kB
AnonHugePages:  18741248 kB
ShmemHugePages:        0 kB
ShmemPmdMapped:        0 kB
FileHugePages:         0 kB
FilePmdMapped:         0 kB
HugePages_Total:       0
HugePages_Free:        0
HugePages_Rsvd:        0
HugePages_Surp:        0
Hugepagesize:       2048 kB
Hugetlb:               0 kB
DirectMap4k:     9441276 kB
DirectMap2M:    342382592 kB
DirectMap1G:    186646528 kB
2025-02-03T15:14:43-0600
MemTotal:       527323304 kB
MemFree:        501316980 kB
MemAvailable:   501054832 kB
Buffers:            2668 kB
Cached:          2547324 kB
SwapCached:           20 kB
Active:           894704 kB
Inactive:       21167900 kB
Active(anon):       2588 kB
Inactive(anon): 19540604 kB
Active(file):     892116 kB
Inactive(file):  1627296 kB
Unevictable:           0 kB
Mlocked:               0 kB
SwapTotal:      16777212 kB
SwapFree:       16777184 kB
Dirty:                16 kB
Writeback:             0 kB
AnonPages:      19513236 kB
Mapped:            62912 kB
Shmem:             30580 kB
KReclaimable:     133012 kB
Slab:            1337568 kB
SReclaimable:     133012 kB
SUnreclaim:      1204556 kB
KernelStack:       23072 kB
PageTables:        42924 kB
NFS_Unstable:          0 kB
Bounce:                0 kB
WritebackTmp:          0 kB
CommitLimit:    280438864 kB
Committed_AS:   839618212 kB
VmallocTotal:   13743895347199 kB
VmallocUsed:     1464852 kB
VmallocChunk:          0 kB
Percpu:            81024 kB
HardwareCorrupted:     0 kB
AnonHugePages:  19462144 kB
ShmemHugePages:        0 kB
ShmemPmdMapped:        0 kB
FileHugePages:         0 kB
FilePmdMapped:         0 kB
HugePages_Total:       0
HugePages_Free:        0
HugePages_Rsvd:        0
HugePages_Surp:        0
Hugepagesize:       2048 kB
Hugetlb:               0 kB
DirectMap4k:     9441276 kB
DirectMap2M:    342382592 kB
DirectMap1G:    186646528 kB
2025-02-03T15:14:44-0600
MemTotal:       527323304 kB
MemFree:        500594980 kB
MemAvailable:   500332832 kB
Buffers:            2668 kB
Cached:          2547324 kB
SwapCached:           20 kB
Active:           894708 kB
Inactive:       21889160 kB
Active(anon):       2592 kB
Inactive(anon): 20261864 kB
Active(file):     892116 kB
Inactive(file):  1627296 kB
Unevictable:           0 kB
Mlocked:               0 kB
SwapTotal:      16777212 kB
SwapFree:       16777184 kB
Dirty:                16 kB
Writeback:             0 kB
AnonPages:      20234004 kB
Mapped:            62976 kB
Shmem:             30580 kB
KReclaimable:     133012 kB
Slab:            1337456 kB
SReclaimable:     133012 kB
SUnreclaim:      1204444 kB
KernelStack:       23072 kB
PageTables:        44404 kB
NFS_Unstable:          0 kB
Bounce:                0 kB
WritebackTmp:          0 kB
CommitLimit:    280438864 kB
Committed_AS:   839618212 kB
VmallocTotal:   13743895347199 kB
VmallocUsed:     1464868 kB
VmallocChunk:          0 kB
Percpu:            81024 kB
HardwareCorrupted:     0 kB
AnonHugePages:  20183040 kB
ShmemHugePages:        0 kB
ShmemPmdMapped:        0 kB
FileHugePages:         0 kB
FilePmdMapped:         0 kB
HugePages_Total:       0
HugePages_Free:        0
HugePages_Rsvd:        0
HugePages_Surp:        0
Hugepagesize:       2048 kB
Hugetlb:               0 kB
DirectMap4k:     9441276 kB
DirectMap2M:    342382592 kB
DirectMap1G:    186646528 kB
2025-02-03T15:14:45-0600
MemTotal:       527323304 kB
MemFree:        499872396 kB
MemAvailable:   499610248 kB
Buffers:            2668 kB
Cached:          2547324 kB
SwapCached:           20 kB
Active:           894700 kB
Inactive:       22609828 kB
Active(anon):       2584 kB
Inactive(anon): 20982532 kB
Active(file):     892116 kB
Inactive(file):  1627296 kB
Unevictable:           0 kB
Mlocked:               0 kB
SwapTotal:      16777212 kB
SwapFree:       16777184 kB
Dirty:                 0 kB
Writeback:            16 kB
AnonPages:      20955136 kB
Mapped:            62912 kB
Shmem:             30580 kB
KReclaimable:     133012 kB
Slab:            1337328 kB
SReclaimable:     133012 kB
SUnreclaim:      1204316 kB
KernelStack:       23104 kB
PageTables:        45848 kB
NFS_Unstable:          0 kB
Bounce:                0 kB
WritebackTmp:          0 kB
CommitLimit:    280438864 kB
Committed_AS:   839618212 kB
VmallocTotal:   13743895347199 kB
VmallocUsed:     1464852 kB
VmallocChunk:          0 kB
Percpu:            81024 kB
HardwareCorrupted:     0 kB
AnonHugePages:  20903936 kB
ShmemHugePages:        0 kB
ShmemPmdMapped:        0 kB
FileHugePages:         0 kB
FilePmdMapped:         0 kB
HugePages_Total:       0
HugePages_Free:        0
HugePages_Rsvd:        0
HugePages_Surp:        0
Hugepagesize:       2048 kB
Hugetlb:               0 kB
DirectMap4k:     9441276 kB
DirectMap2M:    342382592 kB
DirectMap1G:    186646528 kB
2025-02-03T15:14:46-0600
MemTotal:       527323304 kB
MemFree:        499150384 kB
MemAvailable:   498888240 kB
Buffers:            2668 kB
Cached:          2547328 kB
SwapCached:           20 kB
Active:           894712 kB
Inactive:       23330956 kB
Active(anon):       2596 kB
Inactive(anon): 21703656 kB
Active(file):     892116 kB
Inactive(file):  1627300 kB
Unevictable:           0 kB
Mlocked:               0 kB
SwapTotal:      16777212 kB
SwapFree:       16777184 kB
Dirty:                12 kB
Writeback:             0 kB
AnonPages:      21675800 kB
Mapped:            62984 kB
Shmem:             30580 kB
KReclaimable:     133012 kB
Slab:            1337432 kB
SReclaimable:     133012 kB
SUnreclaim:      1204420 kB
KernelStack:       23072 kB
PageTables:        47188 kB
NFS_Unstable:          0 kB
Bounce:                0 kB
WritebackTmp:          0 kB
CommitLimit:    280438864 kB
Committed_AS:   839596268 kB
VmallocTotal:   13743895347199 kB
VmallocUsed:     1464852 kB
VmallocChunk:          0 kB
Percpu:            81024 kB
HardwareCorrupted:     0 kB
AnonHugePages:  21624832 kB
ShmemHugePages:        0 kB
ShmemPmdMapped:        0 kB
FileHugePages:         0 kB
FilePmdMapped:         0 kB
HugePages_Total:       0
HugePages_Free:        0
HugePages_Rsvd:        0
HugePages_Surp:        0
Hugepagesize:       2048 kB
Hugetlb:               0 kB
DirectMap4k:     9441276 kB
DirectMap2M:    342382592 kB
DirectMap1G:    186646528 kB
2025-02-03T15:14:47-0600
MemTotal:       527323304 kB
MemFree:        498427312 kB
MemAvailable:   498165172 kB
Buffers:            2668 kB
Cached:          2547332 kB
SwapCached:           20 kB
Active:           894704 kB
Inactive:       24051488 kB
Active(anon):       2588 kB
Inactive(anon): 22424184 kB
Active(file):     892116 kB
Inactive(file):  1627304 kB
Unevictable:           0 kB
Mlocked:               0 kB
SwapTotal:      16777212 kB
SwapFree:       16777184 kB
Dirty:                16 kB
Writeback:             0 kB
AnonPages:      22396832 kB
Mapped:            62912 kB
Shmem:             30580 kB
KReclaimable:     133012 kB
Slab:            1337504 kB
SReclaimable:     133012 kB
SUnreclaim:      1204492 kB
KernelStack:       23072 kB
PageTables:        48548 kB
NFS_Unstable:          0 kB
Bounce:                0 kB
WritebackTmp:          0 kB
CommitLimit:    280438864 kB
Committed_AS:   839617756 kB
VmallocTotal:   13743895347199 kB
VmallocUsed:     1464852 kB
VmallocChunk:          0 kB
Percpu:            81024 kB
HardwareCorrupted:     0 kB
AnonHugePages:  22345728 kB
ShmemHugePages:        0 kB
ShmemPmdMapped:        0 kB
FileHugePages:         0 kB
FilePmdMapped:         0 kB
HugePages_Total:       0
HugePages_Free:        0
HugePages_Rsvd:        0
HugePages_Surp:        0
Hugepagesize:       2048 kB
Hugetlb:               0 kB
DirectMap4k:     9441276 kB
DirectMap2M:    342382592 kB
DirectMap1G:    186646528 kB
2025-02-03T15:14:48-0600
MemTotal:       527323304 kB
MemFree:        497709448 kB
MemAvailable:   497447308 kB
Buffers:            2668 kB
Cached:          2547332 kB
SwapCached:           20 kB
Active:           894712 kB
Inactive:       24768724 kB
Active(anon):       2596 kB
Inactive(anon): 23141420 kB
Active(file):     892116 kB
Inactive(file):  1627304 kB
Unevictable:           0 kB
Mlocked:               0 kB
SwapTotal:      16777212 kB
SwapFree:       16777184 kB
Dirty:                16 kB
Writeback:             0 kB
AnonPages:      23113624 kB
Mapped:            62940 kB
Shmem:             30580 kB
KReclaimable:     133012 kB
Slab:            1337520 kB
SReclaimable:     133012 kB
SUnreclaim:      1204508 kB
KernelStack:       23088 kB
PageTables:        50092 kB
NFS_Unstable:          0 kB
Bounce:                0 kB
WritebackTmp:          0 kB
CommitLimit:    280438864 kB
Committed_AS:   839617756 kB
VmallocTotal:   13743895347199 kB
VmallocUsed:     1464836 kB
VmallocChunk:          0 kB
Percpu:            81024 kB
HardwareCorrupted:     0 kB
AnonHugePages:  23062528 kB
ShmemHugePages:        0 kB
ShmemPmdMapped:        0 kB
FileHugePages:         0 kB
FilePmdMapped:         0 kB
HugePages_Total:       0
HugePages_Free:        0
HugePages_Rsvd:        0
HugePages_Surp:        0
Hugepagesize:       2048 kB
Hugetlb:               0 kB
DirectMap4k:     9441276 kB
DirectMap2M:    342382592 kB
DirectMap1G:    186646528 kB
2025-02-03T15:14:49-0600
MemTotal:       527323304 kB
MemFree:        496988844 kB
MemAvailable:   496726704 kB
Buffers:            2668 kB
Cached:          2547332 kB
SwapCached:           20 kB
Active:           894704 kB
Inactive:       25487272 kB
Active(anon):       2588 kB
Inactive(anon): 23859968 kB
Active(file):     892116 kB
Inactive(file):  1627304 kB
Unevictable:           0 kB
Mlocked:               0 kB
SwapTotal:      16777212 kB
SwapFree:       16777184 kB
Dirty:                16 kB
Writeback:             0 kB
AnonPages:      23832564 kB
Mapped:            62912 kB
Shmem:             30580 kB
KReclaimable:     133012 kB
Slab:            1337656 kB
SReclaimable:     133012 kB
SUnreclaim:      1204644 kB
KernelStack:       23088 kB
PageTables:        51360 kB
NFS_Unstable:          0 kB
Bounce:                0 kB
WritebackTmp:          0 kB
CommitLimit:    280438864 kB
Committed_AS:   839595796 kB
VmallocTotal:   13743895347199 kB
VmallocUsed:     1464852 kB
VmallocChunk:          0 kB
Percpu:            81024 kB
HardwareCorrupted:     0 kB
AnonHugePages:  23781376 kB
ShmemHugePages:        0 kB
ShmemPmdMapped:        0 kB
FileHugePages:         0 kB
FilePmdMapped:         0 kB
HugePages_Total:       0
HugePages_Free:        0
HugePages_Rsvd:        0
HugePages_Surp:        0
Hugepagesize:       2048 kB
Hugetlb:               0 kB
DirectMap4k:     9441276 kB
DirectMap2M:    342382592 kB
DirectMap1G:    186646528 kB
2025-02-03T15:14:50-0600
MemTotal:       527323304 kB
MemFree:        496266956 kB
MemAvailable:   496004820 kB
Buffers:            2668 kB
Cached:          2547336 kB
SwapCached:           20 kB
Active:           894712 kB
Inactive:       26208416 kB
Active(anon):       2596 kB
Inactive(anon): 24581108 kB
Active(file):     892116 kB
Inactive(file):  1627308 kB
Unevictable:           0 kB
Mlocked:               0 kB
SwapTotal:      16777212 kB
SwapFree:       16777184 kB
Dirty:                 4 kB
Writeback:             0 kB
AnonPages:      24553252 kB
Mapped:            62948 kB
Shmem:             30580 kB
KReclaimable:     133012 kB
Slab:            1337536 kB
SReclaimable:     133012 kB
SUnreclaim:      1204524 kB
KernelStack:       23056 kB
PageTables:        52788 kB
NFS_Unstable:          0 kB
Bounce:                0 kB
WritebackTmp:          0 kB
CommitLimit:    280438864 kB
Committed_AS:   839595796 kB
VmallocTotal:   13743895347199 kB
VmallocUsed:     1464852 kB
VmallocChunk:          0 kB
Percpu:            81024 kB
HardwareCorrupted:     0 kB
AnonHugePages:  24502272 kB
ShmemHugePages:        0 kB
ShmemPmdMapped:        0 kB
FileHugePages:         0 kB
FilePmdMapped:         0 kB
HugePages_Total:       0
HugePages_Free:        0
HugePages_Rsvd:        0
HugePages_Surp:        0
Hugepagesize:       2048 kB
Hugetlb:               0 kB
DirectMap4k:     9441276 kB
DirectMap2M:    342382592 kB
DirectMap1G:    186646528 kB
2025-02-03T15:14:51-0600
MemTotal:       527323304 kB
MemFree:        495543644 kB
MemAvailable:   495281508 kB
Buffers:            2668 kB
Cached:          2547336 kB
SwapCached:           20 kB
Active:           894704 kB
Inactive:       26929072 kB
Active(anon):       2588 kB
Inactive(anon): 25301764 kB
Active(file):     892116 kB
Inactive(file):  1627308 kB
Unevictable:           0 kB
Mlocked:               0 kB
SwapTotal:      16777212 kB
SwapFree:       16777184 kB
Dirty:                 8 kB
Writeback:             0 kB
AnonPages:      25274400 kB
Mapped:            62912 kB
Shmem:             30580 kB
KReclaimable:     133012 kB
Slab:            1337600 kB
SReclaimable:     133012 kB
SUnreclaim:      1204588 kB
KernelStack:       23072 kB
PageTables:        54156 kB
NFS_Unstable:          0 kB
Bounce:                0 kB
WritebackTmp:          0 kB
CommitLimit:    280438864 kB
Committed_AS:   839595796 kB
VmallocTotal:   13743895347199 kB
VmallocUsed:     1464820 kB
VmallocChunk:          0 kB
Percpu:            81024 kB
HardwareCorrupted:     0 kB
AnonHugePages:  25223168 kB
ShmemHugePages:        0 kB
ShmemPmdMapped:        0 kB
FileHugePages:         0 kB
FilePmdMapped:         0 kB
HugePages_Total:       0
HugePages_Free:        0
HugePages_Rsvd:        0
HugePages_Surp:        0
Hugepagesize:       2048 kB
Hugetlb:               0 kB
DirectMap4k:     9441276 kB
DirectMap2M:    342382592 kB
DirectMap1G:    186646528 kB
2025-02-03T15:14:52-0600
MemTotal:       527323304 kB
MemFree:        494824196 kB
MemAvailable:   494562064 kB
Buffers:            2668 kB
Cached:          2547340 kB
SwapCached:           20 kB
Active:           894704 kB
Inactive:       27647856 kB
Active(anon):       2588 kB
Inactive(anon): 26020544 kB
Active(file):     892116 kB
Inactive(file):  1627312 kB
Unevictable:           0 kB
Mlocked:               0 kB
SwapTotal:      16777212 kB
SwapFree:       16777184 kB
Dirty:                16 kB
Writeback:             0 kB
AnonPages:      25993204 kB
Mapped:            62912 kB
Shmem:             30580 kB
KReclaimable:     133012 kB
Slab:            1337568 kB
SReclaimable:     133012 kB
SUnreclaim:      1204556 kB
KernelStack:       23056 kB
PageTables:        55552 kB
NFS_Unstable:          0 kB
Bounce:                0 kB
WritebackTmp:          0 kB
CommitLimit:    280438864 kB
Committed_AS:   839595796 kB
VmallocTotal:   13743895347199 kB
VmallocUsed:     1464804 kB
VmallocChunk:          0 kB
Percpu:            81024 kB
HardwareCorrupted:     0 kB
AnonHugePages:  25942016 kB
ShmemHugePages:        0 kB
ShmemPmdMapped:        0 kB
FileHugePages:         0 kB
FilePmdMapped:         0 kB
HugePages_Total:       0
HugePages_Free:        0
HugePages_Rsvd:        0
HugePages_Surp:        0
Hugepagesize:       2048 kB
Hugetlb:               0 kB
DirectMap4k:     9441276 kB
DirectMap2M:    342382592 kB
DirectMap1G:    186646528 kB
2025-02-03T15:14:53-0600
MemTotal:       527323304 kB
MemFree:        494105756 kB
MemAvailable:   493843628 kB
Buffers:            2668 kB
Cached:          2547344 kB
SwapCached:           20 kB
Active:           894708 kB
Inactive:       28365436 kB
Active(anon):       2592 kB
Inactive(anon): 26738120 kB
Active(file):     892116 kB
Inactive(file):  1627316 kB
Unevictable:           0 kB
Mlocked:               0 kB
SwapTotal:      16777212 kB
SwapFree:       16777184 kB
Dirty:                20 kB
Writeback:             0 kB
AnonPages:      26710312 kB
Mapped:            62976 kB
Shmem:             30580 kB
KReclaimable:     133012 kB
Slab:            1337752 kB
SReclaimable:     133012 kB
SUnreclaim:      1204740 kB
KernelStack:       23056 kB
PageTables:        56956 kB
NFS_Unstable:          0 kB
Bounce:                0 kB
WritebackTmp:          0 kB
CommitLimit:    280438864 kB
Committed_AS:   839573880 kB
VmallocTotal:   13743895347199 kB
VmallocUsed:     1464788 kB
VmallocChunk:          0 kB
Percpu:            81024 kB
HardwareCorrupted:     0 kB
AnonHugePages:  26658816 kB
ShmemHugePages:        0 kB
ShmemPmdMapped:        0 kB
FileHugePages:         0 kB
FilePmdMapped:         0 kB
HugePages_Total:       0
HugePages_Free:        0
HugePages_Rsvd:        0
HugePages_Surp:        0
Hugepagesize:       2048 kB
Hugetlb:               0 kB
DirectMap4k:     9441276 kB
DirectMap2M:    342382592 kB
DirectMap1G:    186646528 kB
2025-02-03T15:14:54-0600
MemTotal:       527323304 kB
MemFree:        493387104 kB
MemAvailable:   493124976 kB
Buffers:            2668 kB
Cached:          2547344 kB
SwapCached:           20 kB
Active:           894728 kB
Inactive:       29082016 kB
Active(anon):       2612 kB
Inactive(anon): 27454700 kB
Active(file):     892116 kB
Inactive(file):  1627316 kB
Unevictable:           0 kB
Mlocked:               0 kB
SwapTotal:      16777212 kB
SwapFree:       16777184 kB
Dirty:                20 kB
Writeback:             0 kB
AnonPages:      27427420 kB
Mapped:            63256 kB
Shmem:             30580 kB
KReclaimable:     133012 kB
Slab:            1337784 kB
SReclaimable:     133012 kB
SUnreclaim:      1204772 kB
KernelStack:       23088 kB
PageTables:        58416 kB
NFS_Unstable:          0 kB
Bounce:                0 kB
WritebackTmp:          0 kB
CommitLimit:    280438864 kB
Committed_AS:   839573880 kB
VmallocTotal:   13743895347199 kB
VmallocUsed:     1464756 kB
VmallocChunk:          0 kB
Percpu:            81024 kB
HardwareCorrupted:     0 kB
AnonHugePages:  27375616 kB
ShmemHugePages:        0 kB
ShmemPmdMapped:        0 kB
FileHugePages:         0 kB
FilePmdMapped:         0 kB
HugePages_Total:       0
HugePages_Free:        0
HugePages_Rsvd:        0
HugePages_Surp:        0
Hugepagesize:       2048 kB
Hugetlb:               0 kB
DirectMap4k:     9441276 kB
DirectMap2M:    342382592 kB
DirectMap1G:    186646528 kB
2025-02-03T15:14:55-0600
MemTotal:       527323304 kB
MemFree:        492664412 kB
MemAvailable:   492402284 kB
Buffers:            2668 kB
Cached:          2547344 kB
SwapCached:           20 kB
Active:           894724 kB
Inactive:       29803288 kB
Active(anon):       2608 kB
Inactive(anon): 28175972 kB
Active(file):     892116 kB
Inactive(file):  1627316 kB
Unevictable:           0 kB
Mlocked:               0 kB
SwapTotal:      16777212 kB
SwapFree:       16777184 kB
Dirty:                20 kB
Writeback:             0 kB
AnonPages:      28148656 kB
Mapped:            63392 kB
Shmem:             30580 kB
KReclaimable:     133012 kB
Slab:            1338152 kB
SReclaimable:     133012 kB
SUnreclaim:      1205140 kB
KernelStack:       23056 kB
PageTables:        59756 kB
NFS_Unstable:          0 kB
Bounce:                0 kB
WritebackTmp:          0 kB
CommitLimit:    280438864 kB
Committed_AS:   839573880 kB
VmallocTotal:   13743895347199 kB
VmallocUsed:     1464756 kB
VmallocChunk:          0 kB
Percpu:            81024 kB
HardwareCorrupted:     0 kB
AnonHugePages:  28096512 kB
ShmemHugePages:        0 kB
ShmemPmdMapped:        0 kB
FileHugePages:         0 kB
FilePmdMapped:         0 kB
HugePages_Total:       0
HugePages_Free:        0
HugePages_Rsvd:        0
HugePages_Surp:        0
Hugepagesize:       2048 kB
Hugetlb:               0 kB
DirectMap4k:     9441276 kB
DirectMap2M:    342382592 kB
DirectMap1G:    186646528 kB
2025-02-03T15:14:56-0600
MemTotal:       527323304 kB
MemFree:        491942908 kB
MemAvailable:   491680784 kB
Buffers:            2668 kB
Cached:          2547348 kB
SwapCached:           20 kB
Active:           894712 kB
Inactive:       30523736 kB
Active(anon):       2596 kB
Inactive(anon): 28896416 kB
Active(file):     892116 kB
Inactive(file):  1627320 kB
Unevictable:           0 kB
Mlocked:               0 kB
SwapTotal:      16777212 kB
SwapFree:       16777184 kB
Dirty:                16 kB
Writeback:             0 kB
AnonPages:      28869064 kB
Mapped:            62956 kB
Shmem:             30580 kB
KReclaimable:     133012 kB
Slab:            1337456 kB
SReclaimable:     133012 kB
SUnreclaim:      1204444 kB
KernelStack:       23088 kB
PageTables:        61240 kB
NFS_Unstable:          0 kB
Bounce:                0 kB
WritebackTmp:          0 kB
CommitLimit:    280438864 kB
Committed_AS:   839573880 kB
VmallocTotal:   13743895347199 kB
VmallocUsed:     1464772 kB
VmallocChunk:          0 kB
Percpu:            81024 kB
HardwareCorrupted:     0 kB
AnonHugePages:  28817408 kB
ShmemHugePages:        0 kB
ShmemPmdMapped:        0 kB
FileHugePages:         0 kB
FilePmdMapped:         0 kB
HugePages_Total:       0
HugePages_Free:        0
HugePages_Rsvd:        0
HugePages_Surp:        0
Hugepagesize:       2048 kB
Hugetlb:               0 kB
DirectMap4k:     9441276 kB
DirectMap2M:    342382592 kB
DirectMap1G:    186646528 kB
2025-02-03T15:14:57-0600
MemTotal:       527323304 kB
MemFree:        491227376 kB
MemAvailable:   490965252 kB
Buffers:            2668 kB
Cached:          2547348 kB
SwapCached:           20 kB
Active:           894704 kB
Inactive:       31237932 kB
Active(anon):       2588 kB
Inactive(anon): 29610612 kB
Active(file):     892116 kB
Inactive(file):  1627320 kB
Unevictable:           0 kB
Mlocked:               0 kB
SwapTotal:      16777212 kB
SwapFree:       16777184 kB
Dirty:                16 kB
Writeback:             0 kB
AnonPages:      29583252 kB
Mapped:            62912 kB
Shmem:             30580 kB
KReclaimable:     133012 kB
Slab:            1337528 kB
SReclaimable:     133012 kB
SUnreclaim:      1204516 kB
KernelStack:       23040 kB
PageTables:        62416 kB
NFS_Unstable:          0 kB
Bounce:                0 kB
WritebackTmp:          0 kB
CommitLimit:    280438864 kB
Committed_AS:   839573880 kB
VmallocTotal:   13743895347199 kB
VmallocUsed:     1464756 kB
VmallocChunk:          0 kB
Percpu:            81024 kB
HardwareCorrupted:     0 kB
AnonHugePages:  29532160 kB
ShmemHugePages:        0 kB
ShmemPmdMapped:        0 kB
FileHugePages:         0 kB
FilePmdMapped:         0 kB
HugePages_Total:       0
HugePages_Free:        0
HugePages_Rsvd:        0
HugePages_Surp:        0
Hugepagesize:       2048 kB
Hugetlb:               0 kB
DirectMap4k:     9441276 kB
DirectMap2M:    342382592 kB
DirectMap1G:    186646528 kB
2025-02-03T15:14:58-0600
MemTotal:       527323304 kB
MemFree:        490506968 kB
MemAvailable:   490244848 kB
Buffers:            2668 kB
Cached:          2547352 kB
SwapCached:           20 kB
Active:           894700 kB
Inactive:       31956924 kB
Active(anon):       2584 kB
Inactive(anon): 30329600 kB
Active(file):     892116 kB
Inactive(file):  1627324 kB
Unevictable:           0 kB
Mlocked:               0 kB
SwapTotal:      16777212 kB
SwapFree:       16777184 kB
Dirty:                20 kB
Writeback:             0 kB
AnonPages:      30302764 kB
Mapped:            62912 kB
Shmem:             30580 kB
KReclaimable:     133012 kB
Slab:            1337488 kB
SReclaimable:     133012 kB
SUnreclaim:      1204476 kB
KernelStack:       23072 kB
PageTables:        64260 kB
NFS_Unstable:          0 kB
Bounce:                0 kB
WritebackTmp:          0 kB
CommitLimit:    280438864 kB
Committed_AS:   839573880 kB
VmallocTotal:   13743895347199 kB
VmallocUsed:     1464756 kB
VmallocChunk:          0 kB
Percpu:            81024 kB
HardwareCorrupted:     0 kB
AnonHugePages:  30251008 kB
ShmemHugePages:        0 kB
ShmemPmdMapped:        0 kB
FileHugePages:         0 kB
FilePmdMapped:         0 kB
HugePages_Total:       0
HugePages_Free:        0
HugePages_Rsvd:        0
HugePages_Surp:        0
Hugepagesize:       2048 kB
Hugetlb:               0 kB
DirectMap4k:     9441276 kB
DirectMap2M:    342382592 kB
DirectMap1G:    186646528 kB
2025-02-03T15:14:59-0600
MemTotal:       527323304 kB
MemFree:        489784732 kB
MemAvailable:   489522604 kB
Buffers:            2668 kB
Cached:          2547344 kB
SwapCached:           20 kB
Active:           894704 kB
Inactive:       32677820 kB
Active(anon):       2588 kB
Inactive(anon): 31050504 kB
Active(file):     892116 kB
Inactive(file):  1627316 kB
Unevictable:           0 kB
Mlocked:               0 kB
SwapTotal:      16777212 kB
SwapFree:       16777184 kB
Dirty:                20 kB
Writeback:             0 kB
AnonPages:      31023056 kB
Mapped:            62912 kB
Shmem:             30580 kB
KReclaimable:     133012 kB
Slab:            1337504 kB
SReclaimable:     133012 kB
SUnreclaim:      1204492 kB
KernelStack:       23040 kB
PageTables:        65204 kB
NFS_Unstable:          0 kB
Bounce:                0 kB
WritebackTmp:          0 kB
CommitLimit:    280438864 kB
Committed_AS:   839595468 kB
VmallocTotal:   13743895347199 kB
VmallocUsed:     1464756 kB
VmallocChunk:          0 kB
Percpu:            81024 kB
HardwareCorrupted:     0 kB
AnonHugePages:  30971904 kB
ShmemHugePages:        0 kB
ShmemPmdMapped:        0 kB
FileHugePages:         0 kB
FilePmdMapped:         0 kB
HugePages_Total:       0
HugePages_Free:        0
HugePages_Rsvd:        0
HugePages_Surp:        0
Hugepagesize:       2048 kB
Hugetlb:               0 kB
DirectMap4k:     9441276 kB
DirectMap2M:    342382592 kB
DirectMap1G:    186646528 kB
2025-02-03T15:15:00-0600
MemTotal:       527323304 kB
MemFree:        489062252 kB
MemAvailable:   488800124 kB
Buffers:            2668 kB
Cached:          2547344 kB
SwapCached:           20 kB
Active:           894704 kB
Inactive:       33398848 kB
Active(anon):       2588 kB
Inactive(anon): 31771532 kB
Active(file):     892116 kB
Inactive(file):  1627316 kB
Unevictable:           0 kB
Mlocked:               0 kB
SwapTotal:      16777212 kB
SwapFree:       16777184 kB
Dirty:                20 kB
Writeback:             0 kB
AnonPages:      31744116 kB
Mapped:            62912 kB
Shmem:             30580 kB
KReclaimable:     133012 kB
Slab:            1337528 kB
SReclaimable:     133012 kB
SUnreclaim:      1204516 kB
KernelStack:       23056 kB
PageTables:        66736 kB
NFS_Unstable:          0 kB
Bounce:                0 kB
WritebackTmp:          0 kB
CommitLimit:    280438864 kB
Committed_AS:   839616976 kB
VmallocTotal:   13743895347199 kB
VmallocUsed:     1464772 kB
VmallocChunk:          0 kB
Percpu:            81024 kB
HardwareCorrupted:     0 kB
AnonHugePages:  31692800 kB
ShmemHugePages:        0 kB
ShmemPmdMapped:        0 kB
FileHugePages:         0 kB
FilePmdMapped:         0 kB
HugePages_Total:       0
HugePages_Free:        0
HugePages_Rsvd:        0
HugePages_Surp:        0
Hugepagesize:       2048 kB
Hugetlb:               0 kB
DirectMap4k:     9441276 kB
DirectMap2M:    342382592 kB
DirectMap1G:    186646528 kB
2025-02-03T15:15:01-0600
MemTotal:       527323304 kB
MemFree:        488340220 kB
MemAvailable:   488078092 kB
Buffers:            2668 kB
Cached:          2547344 kB
SwapCached:           20 kB
Active:           894700 kB
Inactive:       34119524 kB
Active(anon):       2584 kB
Inactive(anon): 32492208 kB
Active(file):     892116 kB
Inactive(file):  1627316 kB
Unevictable:           0 kB
Mlocked:               0 kB
SwapTotal:      16777212 kB
SwapFree:       16777184 kB
Dirty:                 0 kB
Writeback:            12 kB
AnonPages:      32464788 kB
Mapped:            62912 kB
Shmem:             30580 kB
KReclaimable:     133012 kB
Slab:            1337624 kB
SReclaimable:     133012 kB
SUnreclaim:      1204612 kB
KernelStack:       23040 kB
PageTables:        68344 kB
NFS_Unstable:          0 kB
Bounce:                0 kB
WritebackTmp:          0 kB
CommitLimit:    280438864 kB
Committed_AS:   839616976 kB
VmallocTotal:   13743895347199 kB
VmallocUsed:     1464772 kB
VmallocChunk:          0 kB
Percpu:            81024 kB
HardwareCorrupted:     0 kB
AnonHugePages:  32413696 kB
ShmemHugePages:        0 kB
ShmemPmdMapped:        0 kB
FileHugePages:         0 kB
FilePmdMapped:         0 kB
HugePages_Total:       0
HugePages_Free:        0
HugePages_Rsvd:        0
HugePages_Surp:        0
Hugepagesize:       2048 kB
Hugetlb:               0 kB
DirectMap4k:     9441276 kB
DirectMap2M:    342382592 kB
DirectMap1G:    186646528 kB
2025-02-03T15:15:02-0600
MemTotal:       527323304 kB
MemFree:        487618092 kB
MemAvailable:   487355964 kB
Buffers:            2668 kB
Cached:          2547344 kB
SwapCached:           20 kB
Active:           894712 kB
Inactive:       34840772 kB
Active(anon):       2596 kB
Inactive(anon): 33213456 kB
Active(file):     892116 kB
Inactive(file):  1627316 kB
Unevictable:           0 kB
Mlocked:               0 kB
SwapTotal:      16777212 kB
SwapFree:       16777184 kB
Dirty:                12 kB
Writeback:             4 kB
AnonPages:      33185592 kB
Mapped:            62992 kB
Shmem:             30580 kB
KReclaimable:     133012 kB
Slab:            1337728 kB
SReclaimable:     133012 kB
SUnreclaim:      1204716 kB
KernelStack:       23040 kB
PageTables:        69836 kB
NFS_Unstable:          0 kB
Bounce:                0 kB
WritebackTmp:          0 kB
CommitLimit:    280438864 kB
Committed_AS:   839595400 kB
VmallocTotal:   13743895347199 kB
VmallocUsed:     1464756 kB
VmallocChunk:          0 kB
Percpu:            81024 kB
HardwareCorrupted:     0 kB
AnonHugePages:  33134592 kB
ShmemHugePages:        0 kB
ShmemPmdMapped:        0 kB
FileHugePages:         0 kB
FilePmdMapped:         0 kB
HugePages_Total:       0
HugePages_Free:        0
HugePages_Rsvd:        0
HugePages_Surp:        0
Hugepagesize:       2048 kB
Hugetlb:               0 kB
DirectMap4k:     9441276 kB
DirectMap2M:    342382592 kB
DirectMap1G:    186646528 kB
2025-02-03T15:15:03-0600
MemTotal:       527323304 kB
MemFree:        487157272 kB
MemAvailable:   486895148 kB
Buffers:            2668 kB
Cached:          2547348 kB
SwapCached:           20 kB
Active:           894704 kB
Inactive:       35300080 kB
Active(anon):       2588 kB
Inactive(anon): 33672760 kB
Active(file):     892116 kB
Inactive(file):  1627320 kB
Unevictable:           0 kB
Mlocked:               0 kB
SwapTotal:      16777212 kB
SwapFree:       16777184 kB
Dirty:                16 kB
Writeback:             0 kB
AnonPages:      33645388 kB
Mapped:            62916 kB
Shmem:             30580 kB
KReclaimable:     133012 kB
Slab:            1337696 kB
SReclaimable:     133012 kB
SUnreclaim:      1204684 kB
KernelStack:       23056 kB
PageTables:        70776 kB
NFS_Unstable:          0 kB
Bounce:                0 kB
WritebackTmp:          0 kB
CommitLimit:    280438864 kB
Committed_AS:   1468780428 kB
VmallocTotal:   13743895347199 kB
VmallocUsed:     1464756 kB
VmallocChunk:          0 kB
Percpu:            81024 kB
HardwareCorrupted:     0 kB
AnonHugePages:  33593344 kB
ShmemHugePages:        0 kB
ShmemPmdMapped:        0 kB
FileHugePages:         0 kB
FilePmdMapped:         0 kB
HugePages_Total:       0
HugePages_Free:        0
HugePages_Rsvd:        0
HugePages_Surp:        0
Hugepagesize:       2048 kB
Hugetlb:               0 kB
DirectMap4k:     9441276 kB
DirectMap2M:    342382592 kB
DirectMap1G:    186646528 kB
2025-02-03T15:15:04-0600
MemTotal:       527323304 kB
MemFree:        487157736 kB
MemAvailable:   486895612 kB
Buffers:            2668 kB
Cached:          2547348 kB
SwapCached:           20 kB
Active:           894712 kB
Inactive:       35300412 kB
Active(anon):       2596 kB
Inactive(anon): 33673092 kB
Active(file):     892116 kB
Inactive(file):  1627320 kB
Unevictable:           0 kB
Mlocked:               0 kB
SwapTotal:      16777212 kB
SwapFree:       16777184 kB
Dirty:                16 kB
Writeback:             0 kB
AnonPages:      33645216 kB
Mapped:            62980 kB
Shmem:             30580 kB
KReclaimable:     133012 kB
Slab:            1337656 kB
SReclaimable:     133012 kB
SUnreclaim:      1204644 kB
KernelStack:       23040 kB
PageTables:        70800 kB
NFS_Unstable:          0 kB
Bounce:                0 kB
WritebackTmp:          0 kB
CommitLimit:    280438864 kB
Committed_AS:   1468801916 kB
VmallocTotal:   13743895347199 kB
VmallocUsed:     1464756 kB
VmallocChunk:          0 kB
Percpu:            81024 kB
HardwareCorrupted:     0 kB
AnonHugePages:  33593344 kB
ShmemHugePages:        0 kB
ShmemPmdMapped:        0 kB
FileHugePages:         0 kB
FilePmdMapped:         0 kB
HugePages_Total:       0
HugePages_Free:        0
HugePages_Rsvd:        0
HugePages_Surp:        0
Hugepagesize:       2048 kB
Hugetlb:               0 kB
DirectMap4k:     9441276 kB
DirectMap2M:    342382592 kB
DirectMap1G:    186646528 kB
2025-02-03T15:15:05-0600
MemTotal:       527323304 kB
MemFree:        487157576 kB
MemAvailable:   486895456 kB
Buffers:            2668 kB
Cached:          2547352 kB
SwapCached:           20 kB
Active:           894700 kB
Inactive:       35300040 kB
Active(anon):       2584 kB
Inactive(anon): 33672716 kB
Active(file):     892116 kB
Inactive(file):  1627324 kB
Unevictable:           0 kB
Mlocked:               0 kB
SwapTotal:      16777212 kB
SwapFree:       16777184 kB
Dirty:                20 kB
Writeback:             0 kB
AnonPages:      33645312 kB
Mapped:            62916 kB
Shmem:             30580 kB
KReclaimable:     133012 kB
Slab:            1337632 kB
SReclaimable:     133012 kB
SUnreclaim:      1204620 kB
KernelStack:       23040 kB
PageTables:        70736 kB
NFS_Unstable:          0 kB
Bounce:                0 kB
WritebackTmp:          0 kB
CommitLimit:    280438864 kB
Committed_AS:   1468801916 kB
VmallocTotal:   13743895347199 kB
VmallocUsed:     1464756 kB
VmallocChunk:          0 kB
Percpu:            81024 kB
HardwareCorrupted:     0 kB
AnonHugePages:  33593344 kB
ShmemHugePages:        0 kB
ShmemPmdMapped:        0 kB
FileHugePages:         0 kB
FilePmdMapped:         0 kB
HugePages_Total:       0
HugePages_Free:        0
HugePages_Rsvd:        0
HugePages_Surp:        0
Hugepagesize:       2048 kB
Hugetlb:               0 kB
DirectMap4k:     9441276 kB
DirectMap2M:    342382592 kB
DirectMap1G:    186646528 kB
2025-02-03T15:15:06-0600
MemTotal:       527323304 kB
MemFree:        487158204 kB
MemAvailable:   486896084 kB
Buffers:            2668 kB
Cached:          2547352 kB
SwapCached:           20 kB
Active:           894700 kB
Inactive:       35300012 kB
Active(anon):       2584 kB
Inactive(anon): 33672688 kB
Active(file):     892116 kB
Inactive(file):  1627324 kB
Unevictable:           0 kB
Mlocked:               0 kB
SwapTotal:      16777212 kB
SwapFree:       16777184 kB
Dirty:                 0 kB
Writeback:             4 kB
AnonPages:      33645312 kB
Mapped:            62916 kB
Shmem:             30580 kB
KReclaimable:     133012 kB
Slab:            1337168 kB
SReclaimable:     133012 kB
SUnreclaim:      1204156 kB
KernelStack:       23040 kB
PageTables:        70728 kB
NFS_Unstable:          0 kB
Bounce:                0 kB
WritebackTmp:          0 kB
CommitLimit:    280438864 kB
Committed_AS:   1468801916 kB
VmallocTotal:   13743895347199 kB
VmallocUsed:     1464772 kB
VmallocChunk:          0 kB
Percpu:            81024 kB
HardwareCorrupted:     0 kB
AnonHugePages:  33593344 kB
ShmemHugePages:        0 kB
ShmemPmdMapped:        0 kB
FileHugePages:         0 kB
FilePmdMapped:         0 kB
HugePages_Total:       0
HugePages_Free:        0
HugePages_Rsvd:        0
HugePages_Surp:        0
Hugepagesize:       2048 kB
Hugetlb:               0 kB
DirectMap4k:     9441276 kB
DirectMap2M:    342382592 kB
DirectMap1G:    186646528 kB
2025-02-03T15:15:07-0600
MemTotal:       527323304 kB
MemFree:        487158128 kB
MemAvailable:   486896012 kB
Buffers:            2668 kB
Cached:          2547356 kB
SwapCached:           20 kB
Active:           894708 kB
Inactive:       35300080 kB
Active(anon):       2592 kB
Inactive(anon): 33672752 kB
Active(file):     892116 kB
Inactive(file):  1627328 kB
Unevictable:           0 kB
Mlocked:               0 kB
SwapTotal:      16777212 kB
SwapFree:       16777184 kB
Dirty:                16 kB
Writeback:             0 kB
AnonPages:      33645372 kB
Mapped:            62916 kB
Shmem:             30580 kB
KReclaimable:     133012 kB
Slab:            1337136 kB
SReclaimable:     133012 kB
SUnreclaim:      1204124 kB
KernelStack:       23040 kB
PageTables:        70764 kB
NFS_Unstable:          0 kB
Bounce:                0 kB
WritebackTmp:          0 kB
CommitLimit:    280438864 kB
Committed_AS:   1468801916 kB
VmallocTotal:   13743895347199 kB
VmallocUsed:     1464740 kB
VmallocChunk:          0 kB
Percpu:            81024 kB
HardwareCorrupted:     0 kB
AnonHugePages:  33593344 kB
ShmemHugePages:        0 kB
ShmemPmdMapped:        0 kB
FileHugePages:         0 kB
FilePmdMapped:         0 kB
HugePages_Total:       0
HugePages_Free:        0
HugePages_Rsvd:        0
HugePages_Surp:        0
Hugepagesize:       2048 kB
Hugetlb:               0 kB
DirectMap4k:     9441276 kB
DirectMap2M:    342382592 kB
DirectMap1G:    186646528 kB
2025-02-03T15:15:08-0600
MemTotal:       527323304 kB
MemFree:        487157516 kB
MemAvailable:   486895400 kB
Buffers:            2668 kB
Cached:          2547356 kB
SwapCached:           20 kB
Active:           894696 kB
Inactive:       35299624 kB
Active(anon):       2580 kB
Inactive(anon): 33672296 kB
Active(file):     892116 kB
Inactive(file):  1627328 kB
Unevictable:           0 kB
Mlocked:               0 kB
SwapTotal:      16777212 kB
SwapFree:       16777184 kB
Dirty:                16 kB
Writeback:             0 kB
AnonPages:      33644940 kB
Mapped:            62572 kB
Shmem:             30580 kB
KReclaimable:     133012 kB
Slab:            1337672 kB
SReclaimable:     133012 kB
SUnreclaim:      1204660 kB
KernelStack:       23040 kB
PageTables:        70684 kB
NFS_Unstable:          0 kB
Bounce:                0 kB
WritebackTmp:          0 kB
CommitLimit:    280438864 kB
Committed_AS:   1468801916 kB
VmallocTotal:   13743895347199 kB
VmallocUsed:     1464740 kB
VmallocChunk:          0 kB
Percpu:            81024 kB
HardwareCorrupted:     0 kB
AnonHugePages:  33593344 kB
ShmemHugePages:        0 kB
ShmemPmdMapped:        0 kB
FileHugePages:         0 kB
FilePmdMapped:         0 kB
HugePages_Total:       0
HugePages_Free:        0
HugePages_Rsvd:        0
HugePages_Surp:        0
Hugepagesize:       2048 kB
Hugetlb:               0 kB
DirectMap4k:     9441276 kB
DirectMap2M:    342382592 kB
DirectMap1G:    186646528 kB
2025-02-03T15:15:09-0600
MemTotal:       527323304 kB
MemFree:        487158204 kB
MemAvailable:   486896088 kB
Buffers:            2668 kB
Cached:          2547356 kB
SwapCached:           20 kB
Active:           894708 kB
Inactive:       35300016 kB
Active(anon):       2592 kB
Inactive(anon): 33672688 kB
Active(file):     892116 kB
Inactive(file):  1627328 kB
Unevictable:           0 kB
Mlocked:               0 kB
SwapTotal:      16777212 kB
SwapFree:       16777184 kB
Dirty:                16 kB
Writeback:             0 kB
AnonPages:      33645308 kB
Mapped:            62916 kB
Shmem:             30580 kB
KReclaimable:     133012 kB
Slab:            1337008 kB
SReclaimable:     133012 kB
SUnreclaim:      1203996 kB
KernelStack:       23040 kB
PageTables:        70728 kB
NFS_Unstable:          0 kB
Bounce:                0 kB
WritebackTmp:          0 kB
CommitLimit:    280438864 kB
Committed_AS:   1468801916 kB
VmallocTotal:   13743895347199 kB
VmallocUsed:     1464740 kB
VmallocChunk:          0 kB
Percpu:            81024 kB
HardwareCorrupted:     0 kB
AnonHugePages:  33593344 kB
ShmemHugePages:        0 kB
ShmemPmdMapped:        0 kB
FileHugePages:         0 kB
FilePmdMapped:         0 kB
HugePages_Total:       0
HugePages_Free:        0
HugePages_Rsvd:        0
HugePages_Surp:        0
Hugepagesize:       2048 kB
Hugetlb:               0 kB
DirectMap4k:     9441276 kB
DirectMap2M:    342382592 kB
DirectMap1G:    186646528 kB
2025-02-03T15:15:10-0600
MemTotal:       527323304 kB
MemFree:        487158140 kB
MemAvailable:   486896032 kB
Buffers:            2668 kB
Cached:          2547364 kB
SwapCached:           20 kB
Active:           894704 kB
Inactive:       35300200 kB
Active(anon):       2588 kB
Inactive(anon): 33672864 kB
Active(file):     892116 kB
Inactive(file):  1627336 kB
Unevictable:           0 kB
Mlocked:               0 kB
SwapTotal:      16777212 kB
SwapFree:       16777184 kB
Dirty:                24 kB
Writeback:             0 kB
AnonPages:      33645384 kB
Mapped:            62916 kB
Shmem:             30580 kB
KReclaimable:     133012 kB
Slab:            1337048 kB
SReclaimable:     133012 kB
SUnreclaim:      1204036 kB
KernelStack:       23056 kB
PageTables:        70776 kB
NFS_Unstable:          0 kB
Bounce:                0 kB
WritebackTmp:          0 kB
CommitLimit:    280438864 kB
Committed_AS:   1468801916 kB
VmallocTotal:   13743895347199 kB
VmallocUsed:     1464740 kB
VmallocChunk:          0 kB
Percpu:            81024 kB
HardwareCorrupted:     0 kB
AnonHugePages:  33593344 kB
ShmemHugePages:        0 kB
ShmemPmdMapped:        0 kB
FileHugePages:         0 kB
FilePmdMapped:         0 kB
HugePages_Total:       0
HugePages_Free:        0
HugePages_Rsvd:        0
HugePages_Surp:        0
Hugepagesize:       2048 kB
Hugetlb:               0 kB
DirectMap4k:     9441276 kB
DirectMap2M:    342382592 kB
DirectMap1G:    186646528 kB
2025-02-03T15:15:11-0600
MemTotal:       527323304 kB
MemFree:        487158624 kB
MemAvailable:   486896516 kB
Buffers:            2668 kB
Cached:          2547364 kB
SwapCached:           20 kB
Active:           894712 kB
Inactive:       35300492 kB
Active(anon):       2596 kB
Inactive(anon): 33673156 kB
Active(file):     892116 kB
Inactive(file):  1627336 kB
Unevictable:           0 kB
Mlocked:               0 kB
SwapTotal:      16777212 kB
SwapFree:       16777184 kB
Dirty:                24 kB
Writeback:             0 kB
AnonPages:      33645216 kB
Mapped:            62944 kB
Shmem:             30580 kB
KReclaimable:     133012 kB
Slab:            1337088 kB
SReclaimable:     133012 kB
SUnreclaim:      1204076 kB
KernelStack:       23040 kB
PageTables:        70792 kB
NFS_Unstable:          0 kB
Bounce:                0 kB
WritebackTmp:          0 kB
CommitLimit:    280438864 kB
Committed_AS:   1468780428 kB
VmallocTotal:   13743895347199 kB
VmallocUsed:     1464740 kB
VmallocChunk:          0 kB
Percpu:            81024 kB
HardwareCorrupted:     0 kB
AnonHugePages:  33593344 kB
ShmemHugePages:        0 kB
ShmemPmdMapped:        0 kB
FileHugePages:         0 kB
FilePmdMapped:         0 kB
HugePages_Total:       0
HugePages_Free:        0
HugePages_Rsvd:        0
HugePages_Surp:        0
Hugepagesize:       2048 kB
Hugetlb:               0 kB
DirectMap4k:     9441276 kB
DirectMap2M:    342382592 kB
DirectMap1G:    186646528 kB
2025-02-03T15:15:12-0600
MemTotal:       527323304 kB
MemFree:        487158340 kB
MemAvailable:   486896228 kB
Buffers:            2668 kB
Cached:          2547360 kB
SwapCached:           20 kB
Active:           894716 kB
Inactive:       35300544 kB
Active(anon):       2600 kB
Inactive(anon): 33673212 kB
Active(file):     892116 kB
Inactive(file):  1627332 kB
Unevictable:           0 kB
Mlocked:               0 kB
SwapTotal:      16777212 kB
SwapFree:       16777184 kB
Dirty:                 8 kB
Writeback:             0 kB
AnonPages:      33645276 kB
Mapped:            62980 kB
Shmem:             30580 kB
KReclaimable:     133012 kB
Slab:            1337088 kB
SReclaimable:     133012 kB
SUnreclaim:      1204076 kB
KernelStack:       23040 kB
PageTables:        70836 kB
NFS_Unstable:          0 kB
Bounce:                0 kB
WritebackTmp:          0 kB
CommitLimit:    280438864 kB
Committed_AS:   1468780428 kB
VmallocTotal:   13743895347199 kB
VmallocUsed:     1464740 kB
VmallocChunk:          0 kB
Percpu:            81024 kB
HardwareCorrupted:     0 kB
AnonHugePages:  33593344 kB
ShmemHugePages:        0 kB
ShmemPmdMapped:        0 kB
FileHugePages:         0 kB
FilePmdMapped:         0 kB
HugePages_Total:       0
HugePages_Free:        0
HugePages_Rsvd:        0
HugePages_Surp:        0
Hugepagesize:       2048 kB
Hugetlb:               0 kB
DirectMap4k:     9441276 kB
DirectMap2M:    342382592 kB
DirectMap1G:    186646528 kB
2025-02-03T15:15:13-0600
MemTotal:       527323304 kB
MemFree:        487155140 kB
MemAvailable:   486893032 kB
Buffers:            2668 kB
Cached:          2547364 kB
SwapCached:           20 kB
Active:           894712 kB
Inactive:       35300460 kB
Active(anon):       2596 kB
Inactive(anon): 33673124 kB
Active(file):     892116 kB
Inactive(file):  1627336 kB
Unevictable:           0 kB
Mlocked:               0 kB
SwapTotal:      16777212 kB
SwapFree:       16777184 kB
Dirty:                16 kB
Writeback:             0 kB
AnonPages:      33645212 kB
Mapped:            62980 kB
Shmem:             30580 kB
KReclaimable:     133012 kB
Slab:            1337232 kB
SReclaimable:     133012 kB
SUnreclaim:      1204220 kB
KernelStack:       23040 kB
PageTables:        73820 kB
NFS_Unstable:          0 kB
Bounce:                0 kB
WritebackTmp:          0 kB
CommitLimit:    280438864 kB
Committed_AS:   1468780428 kB
VmallocTotal:   13743895347199 kB
VmallocUsed:     1464756 kB
VmallocChunk:          0 kB
Percpu:            81024 kB
HardwareCorrupted:     0 kB
AnonHugePages:  33593344 kB
ShmemHugePages:        0 kB
ShmemPmdMapped:        0 kB
FileHugePages:         0 kB
FilePmdMapped:         0 kB
HugePages_Total:       0
HugePages_Free:        0
HugePages_Rsvd:        0
HugePages_Surp:        0
Hugepagesize:       2048 kB
Hugetlb:               0 kB
DirectMap4k:     9441276 kB
DirectMap2M:    342382592 kB
DirectMap1G:    186646528 kB
2025-02-03T15:15:14-0600
MemTotal:       527323304 kB
MemFree:        487148336 kB
MemAvailable:   486886228 kB
Buffers:            2668 kB
Cached:          2547364 kB
SwapCached:           20 kB
Active:           894716 kB
Inactive:       35300656 kB
Active(anon):       2600 kB
Inactive(anon): 33673320 kB
Active(file):     892116 kB
Inactive(file):  1627336 kB
Unevictable:           0 kB
Mlocked:               0 kB
SwapTotal:      16777212 kB
SwapFree:       16777184 kB
Dirty:                16 kB
Writeback:             0 kB
AnonPages:      33645388 kB
Mapped:            62980 kB
Shmem:             30580 kB
KReclaimable:     133012 kB
Slab:            1336992 kB
SReclaimable:     133012 kB
SUnreclaim:      1203980 kB
KernelStack:       23072 kB
PageTables:        80380 kB
NFS_Unstable:          0 kB
Bounce:                0 kB
WritebackTmp:          0 kB
CommitLimit:    280438864 kB
Committed_AS:   1468780428 kB
VmallocTotal:   13743895347199 kB
VmallocUsed:     1464740 kB
VmallocChunk:          0 kB
Percpu:            81024 kB
HardwareCorrupted:     0 kB
AnonHugePages:  33593344 kB
ShmemHugePages:        0 kB
ShmemPmdMapped:        0 kB
FileHugePages:         0 kB
FilePmdMapped:         0 kB
HugePages_Total:       0
HugePages_Free:        0
HugePages_Rsvd:        0
HugePages_Surp:        0
Hugepagesize:       2048 kB
Hugetlb:               0 kB
DirectMap4k:     9441276 kB
DirectMap2M:    342382592 kB
DirectMap1G:    186646528 kB
2025-02-03T15:15:15-0600
MemTotal:       527323304 kB
MemFree:        487141780 kB
MemAvailable:   486879672 kB
Buffers:            2668 kB
Cached:          2547364 kB
SwapCached:           20 kB
Active:           894712 kB
Inactive:       35300456 kB
Active(anon):       2596 kB
Inactive(anon): 33673120 kB
Active(file):     892116 kB
Inactive(file):  1627336 kB
Unevictable:           0 kB
Mlocked:               0 kB
SwapTotal:      16777212 kB
SwapFree:       16777184 kB
Dirty:                16 kB
Writeback:             0 kB
AnonPages:      33645216 kB
Mapped:            62984 kB
Shmem:             30580 kB
KReclaimable:     133012 kB
Slab:            1337144 kB
SReclaimable:     133012 kB
SUnreclaim:      1204132 kB
KernelStack:       23040 kB
PageTables:        87088 kB
NFS_Unstable:          0 kB
Bounce:                0 kB
WritebackTmp:          0 kB
CommitLimit:    280438864 kB
Committed_AS:   1468780428 kB
VmallocTotal:   13743895347199 kB
VmallocUsed:     1464724 kB
VmallocChunk:          0 kB
Percpu:            81024 kB
HardwareCorrupted:     0 kB
AnonHugePages:  33593344 kB
ShmemHugePages:        0 kB
ShmemPmdMapped:        0 kB
FileHugePages:         0 kB
FilePmdMapped:         0 kB
HugePages_Total:       0
HugePages_Free:        0
HugePages_Rsvd:        0
HugePages_Surp:        0
Hugepagesize:       2048 kB
Hugetlb:               0 kB
DirectMap4k:     9441276 kB
DirectMap2M:    342382592 kB
DirectMap1G:    186646528 kB
2025-02-03T15:15:16-0600
MemTotal:       527323304 kB
MemFree:        487134604 kB
MemAvailable:   486872500 kB
Buffers:            2668 kB
Cached:          2547368 kB
SwapCached:           20 kB
Active:           894716 kB
Inactive:       35300872 kB
Active(anon):       2600 kB
Inactive(anon): 33673532 kB
Active(file):     892116 kB
Inactive(file):  1627340 kB
Unevictable:           0 kB
Mlocked:               0 kB
SwapTotal:      16777212 kB
SwapFree:       16777184 kB
Dirty:                20 kB
Writeback:             0 kB
AnonPages:      33645644 kB
Mapped:            62972 kB
Shmem:             30580 kB
KReclaimable:     133012 kB
Slab:            1337152 kB
SReclaimable:     133012 kB
SUnreclaim:      1204140 kB
KernelStack:       23040 kB
PageTables:        93948 kB
NFS_Unstable:          0 kB
Bounce:                0 kB
WritebackTmp:          0 kB
CommitLimit:    280438864 kB
Committed_AS:   1468780428 kB
VmallocTotal:   13743895347199 kB
VmallocUsed:     1464724 kB
VmallocChunk:          0 kB
Percpu:            81024 kB
HardwareCorrupted:     0 kB
AnonHugePages:  33593344 kB
ShmemHugePages:        0 kB
ShmemPmdMapped:        0 kB
FileHugePages:         0 kB
FilePmdMapped:         0 kB
HugePages_Total:       0
HugePages_Free:        0
HugePages_Rsvd:        0
HugePages_Surp:        0
Hugepagesize:       2048 kB
Hugetlb:               0 kB
DirectMap4k:     9441276 kB
DirectMap2M:    342382592 kB
DirectMap1G:    186646528 kB
2025-02-03T15:15:17-0600
MemTotal:       527323304 kB
MemFree:        487128624 kB
MemAvailable:   486866520 kB
Buffers:            2668 kB
Cached:          2547368 kB
SwapCached:           20 kB
Active:           894712 kB
Inactive:       35300428 kB
Active(anon):       2596 kB
Inactive(anon): 33673088 kB
Active(file):     892116 kB
Inactive(file):  1627340 kB
Unevictable:           0 kB
Mlocked:               0 kB
SwapTotal:      16777212 kB
SwapFree:       16777184 kB
Dirty:                 0 kB
Writeback:            16 kB
AnonPages:      33645216 kB
Mapped:            62928 kB
Shmem:             30580 kB
KReclaimable:     133012 kB
Slab:            1337176 kB
SReclaimable:     133012 kB
SUnreclaim:      1204164 kB
KernelStack:       23040 kB
PageTables:       100272 kB
NFS_Unstable:          0 kB
Bounce:                0 kB
WritebackTmp:          0 kB
CommitLimit:    280438864 kB
Committed_AS:   1468780428 kB
VmallocTotal:   13743895347199 kB
VmallocUsed:     1464724 kB
VmallocChunk:          0 kB
Percpu:            81024 kB
HardwareCorrupted:     0 kB
AnonHugePages:  33593344 kB
ShmemHugePages:        0 kB
ShmemPmdMapped:        0 kB
FileHugePages:         0 kB
FilePmdMapped:         0 kB
HugePages_Total:       0
HugePages_Free:        0
HugePages_Rsvd:        0
HugePages_Surp:        0
Hugepagesize:       2048 kB
Hugetlb:               0 kB
DirectMap4k:     9441276 kB
DirectMap2M:    342382592 kB
DirectMap1G:    186646528 kB
2025-02-03T15:15:18-0600
MemTotal:       527323304 kB
MemFree:        487121740 kB
MemAvailable:   486859640 kB
Buffers:            2668 kB
Cached:          2547372 kB
SwapCached:           20 kB
Active:           894712 kB
Inactive:       35300728 kB
Active(anon):       2596 kB
Inactive(anon): 33673384 kB
Active(file):     892116 kB
Inactive(file):  1627344 kB
Unevictable:           0 kB
Mlocked:               0 kB
SwapTotal:      16777212 kB
SwapFree:       16777184 kB
Dirty:                16 kB
Writeback:             0 kB
AnonPages:      33645484 kB
Mapped:            62980 kB
Shmem:             30580 kB
KReclaimable:     133012 kB
Slab:            1337112 kB
SReclaimable:     133012 kB
SUnreclaim:      1204100 kB
KernelStack:       23008 kB
PageTables:       106936 kB
NFS_Unstable:          0 kB
Bounce:                0 kB
WritebackTmp:          0 kB
CommitLimit:    280438864 kB
Committed_AS:   1468780428 kB
VmallocTotal:   13743895347199 kB
VmallocUsed:     1464724 kB
VmallocChunk:          0 kB
Percpu:            81024 kB
HardwareCorrupted:     0 kB
AnonHugePages:  33593344 kB
ShmemHugePages:        0 kB
ShmemPmdMapped:        0 kB
FileHugePages:         0 kB
FilePmdMapped:         0 kB
HugePages_Total:       0
HugePages_Free:        0
HugePages_Rsvd:        0
HugePages_Surp:        0
Hugepagesize:       2048 kB
Hugetlb:               0 kB
DirectMap4k:     9441276 kB
DirectMap2M:    342382592 kB
DirectMap1G:    186646528 kB
2025-02-03T15:15:19-0600
MemTotal:       527323304 kB
MemFree:        487114956 kB
MemAvailable:   486852852 kB
Buffers:            2668 kB
Cached:          2547368 kB
SwapCached:           20 kB
Active:           894716 kB
Inactive:       35300488 kB
Active(anon):       2600 kB
Inactive(anon): 33673148 kB
Active(file):     892116 kB
Inactive(file):  1627340 kB
Unevictable:           0 kB
Mlocked:               0 kB
SwapTotal:      16777212 kB
SwapFree:       16777184 kB
Dirty:                12 kB
Writeback:             4 kB
AnonPages:      33645248 kB
Mapped:            62944 kB
Shmem:             30580 kB
KReclaimable:     133012 kB
Slab:            1337008 kB
SReclaimable:     133012 kB
SUnreclaim:      1203996 kB
KernelStack:       23040 kB
PageTables:       113912 kB
NFS_Unstable:          0 kB
Bounce:                0 kB
WritebackTmp:          0 kB
CommitLimit:    280438864 kB
Committed_AS:   1468780428 kB
VmallocTotal:   13743895347199 kB
VmallocUsed:     1464724 kB
VmallocChunk:          0 kB
Percpu:            81024 kB
HardwareCorrupted:     0 kB
AnonHugePages:  33593344 kB
ShmemHugePages:        0 kB
ShmemPmdMapped:        0 kB
FileHugePages:         0 kB
FilePmdMapped:         0 kB
HugePages_Total:       0
HugePages_Free:        0
HugePages_Rsvd:        0
HugePages_Surp:        0
Hugepagesize:       2048 kB
Hugetlb:               0 kB
DirectMap4k:     9441276 kB
DirectMap2M:    342382592 kB
DirectMap1G:    186646528 kB
2025-02-03T15:15:20-0600
MemTotal:       527323304 kB
MemFree:        487108148 kB
MemAvailable:   486846048 kB
Buffers:            2668 kB
Cached:          2547372 kB
SwapCached:           20 kB
Active:           894712 kB
Inactive:       35300468 kB
Active(anon):       2596 kB
Inactive(anon): 33673124 kB
Active(file):     892116 kB
Inactive(file):  1627344 kB
Unevictable:           0 kB
Mlocked:               0 kB
SwapTotal:      16777212 kB
SwapFree:       16777184 kB
Dirty:                16 kB
Writeback:             0 kB
AnonPages:      33645188 kB
Mapped:            62944 kB
Shmem:             30580 kB
KReclaimable:     133012 kB
Slab:            1336824 kB
SReclaimable:     133012 kB
SUnreclaim:      1203812 kB
KernelStack:       23040 kB
PageTables:       120760 kB
NFS_Unstable:          0 kB
Bounce:                0 kB
WritebackTmp:          0 kB
CommitLimit:    280438864 kB
Committed_AS:   1468780428 kB
VmallocTotal:   13743895347199 kB
VmallocUsed:     1464740 kB
VmallocChunk:          0 kB
Percpu:            81024 kB
HardwareCorrupted:     0 kB
AnonHugePages:  33593344 kB
ShmemHugePages:        0 kB
ShmemPmdMapped:        0 kB
FileHugePages:         0 kB
FilePmdMapped:         0 kB
HugePages_Total:       0
HugePages_Free:        0
HugePages_Rsvd:        0
HugePages_Surp:        0
Hugepagesize:       2048 kB
Hugetlb:               0 kB
DirectMap4k:     9441276 kB
DirectMap2M:    342382592 kB
DirectMap1G:    186646528 kB
2025-02-03T15:15:21-0600
MemTotal:       527323304 kB
MemFree:        487101312 kB
MemAvailable:   486839216 kB
Buffers:            2668 kB
Cached:          2547376 kB
SwapCached:           20 kB
Active:           894712 kB
Inactive:       35300472 kB
Active(anon):       2596 kB
Inactive(anon): 33673124 kB
Active(file):     892116 kB
Inactive(file):  1627348 kB
Unevictable:           0 kB
Mlocked:               0 kB
SwapTotal:      16777212 kB
SwapFree:       16777184 kB
Dirty:                20 kB
Writeback:             0 kB
AnonPages:      33645184 kB
Mapped:            62984 kB
Shmem:             30580 kB
KReclaimable:     133012 kB
Slab:            1336912 kB
SReclaimable:     133012 kB
SUnreclaim:      1203900 kB
KernelStack:       23040 kB
PageTables:       127580 kB
NFS_Unstable:          0 kB
Bounce:                0 kB
WritebackTmp:          0 kB
CommitLimit:    280438864 kB
Committed_AS:   1468780428 kB
VmallocTotal:   13743895347199 kB
VmallocUsed:     1464724 kB
VmallocChunk:          0 kB
Percpu:            81024 kB
HardwareCorrupted:     0 kB
AnonHugePages:  33593344 kB
ShmemHugePages:        0 kB
ShmemPmdMapped:        0 kB
FileHugePages:         0 kB
FilePmdMapped:         0 kB
HugePages_Total:       0
HugePages_Free:        0
HugePages_Rsvd:        0
HugePages_Surp:        0
Hugepagesize:       2048 kB
Hugetlb:               0 kB
DirectMap4k:     9441276 kB
DirectMap2M:    342382592 kB
DirectMap1G:    186646528 kB
2025-02-03T15:15:22-0600
MemTotal:       527323304 kB
MemFree:        487094700 kB
MemAvailable:   486832604 kB
Buffers:            2668 kB
Cached:          2547376 kB
SwapCached:           20 kB
Active:           894712 kB
Inactive:       35300548 kB
Active(anon):       2596 kB
Inactive(anon): 33673200 kB
Active(file):     892116 kB
Inactive(file):  1627348 kB
Unevictable:           0 kB
Mlocked:               0 kB
SwapTotal:      16777212 kB
SwapFree:       16777184 kB
Dirty:                20 kB
Writeback:             0 kB
AnonPages:      33645236 kB
Mapped:            62940 kB
Shmem:             30580 kB
KReclaimable:     133012 kB
Slab:            1336992 kB
SReclaimable:     133012 kB
SUnreclaim:      1203980 kB
KernelStack:       23056 kB
PageTables:       133984 kB
NFS_Unstable:          0 kB
Bounce:                0 kB
WritebackTmp:          0 kB
CommitLimit:    280438864 kB
Committed_AS:   1468780428 kB
VmallocTotal:   13743895347199 kB
VmallocUsed:     1464724 kB
VmallocChunk:          0 kB
Percpu:            81024 kB
HardwareCorrupted:     0 kB
AnonHugePages:  33593344 kB
ShmemHugePages:        0 kB
ShmemPmdMapped:        0 kB
FileHugePages:         0 kB
FilePmdMapped:         0 kB
HugePages_Total:       0
HugePages_Free:        0
HugePages_Rsvd:        0
HugePages_Surp:        0
Hugepagesize:       2048 kB
Hugetlb:               0 kB
DirectMap4k:     9441276 kB
DirectMap2M:    342382592 kB
DirectMap1G:    186646528 kB
2025-02-03T15:15:23-0600
MemTotal:       527323304 kB
MemFree:        487088076 kB
MemAvailable:   486825980 kB
Buffers:            2668 kB
Cached:          2547376 kB
SwapCached:           20 kB
Active:           894712 kB
Inactive:       35300476 kB
Active(anon):       2596 kB
Inactive(anon): 33673128 kB
Active(file):     892116 kB
Inactive(file):  1627348 kB
Unevictable:           0 kB
Mlocked:               0 kB
SwapTotal:      16777212 kB
SwapFree:       16777184 kB
Dirty:                 8 kB
Writeback:            20 kB
AnonPages:      33645188 kB
Mapped:            62980 kB
Shmem:             30580 kB
KReclaimable:     133012 kB
Slab:            1337016 kB
SReclaimable:     133012 kB
SUnreclaim:      1204004 kB
KernelStack:       23040 kB
PageTables:       140768 kB
NFS_Unstable:          0 kB
Bounce:                0 kB
WritebackTmp:          0 kB
CommitLimit:    280438864 kB
Committed_AS:   1468780428 kB
VmallocTotal:   13743895347199 kB
VmallocUsed:     1464724 kB
VmallocChunk:          0 kB
Percpu:            81024 kB
HardwareCorrupted:     0 kB
AnonHugePages:  33593344 kB
ShmemHugePages:        0 kB
ShmemPmdMapped:        0 kB
FileHugePages:         0 kB
FilePmdMapped:         0 kB
HugePages_Total:       0
HugePages_Free:        0
HugePages_Rsvd:        0
HugePages_Surp:        0
Hugepagesize:       2048 kB
Hugetlb:               0 kB
DirectMap4k:     9441276 kB
DirectMap2M:    342382592 kB
DirectMap1G:    186646528 kB
2025-02-03T15:15:24-0600
MemTotal:       527323304 kB
MemFree:        487080880 kB
MemAvailable:   486818788 kB
Buffers:            2668 kB
Cached:          2547380 kB
SwapCached:           20 kB
Active:           894712 kB
Inactive:       35300632 kB
Active(anon):       2596 kB
Inactive(anon): 33673280 kB
Active(file):     892116 kB
Inactive(file):  1627352 kB
Unevictable:           0 kB
Mlocked:               0 kB
SwapTotal:      16777212 kB
SwapFree:       16777184 kB
Dirty:                16 kB
Writeback:             0 kB
AnonPages:      33645400 kB
Mapped:            62980 kB
Shmem:             30580 kB
KReclaimable:     133012 kB
Slab:            1337200 kB
SReclaimable:     133012 kB
SUnreclaim:      1204188 kB
KernelStack:       23072 kB
PageTables:       147676 kB
NFS_Unstable:          0 kB
Bounce:                0 kB
WritebackTmp:          0 kB
CommitLimit:    280438864 kB
Committed_AS:   1468758592 kB
VmallocTotal:   13743895347199 kB
VmallocUsed:     1464740 kB
VmallocChunk:          0 kB
Percpu:            81024 kB
HardwareCorrupted:     0 kB
AnonHugePages:  33593344 kB
ShmemHugePages:        0 kB
