MemTotal:       527323300 kB
MemFree:        522868956 kB
MemAvailable:   521320808 kB
Buffers:            5768 kB
Cached:          1014968 kB
SwapCached:           60 kB
Active:           613908 kB
Inactive:         474456 kB
Active(anon):       2436 kB
Inactive(anon):    95760 kB
Active(file):     611472 kB
Inactive(file):   378696 kB
Unevictable:           0 kB
Mlocked:               0 kB
SwapTotal:      16777212 kB
SwapFree:       16764924 kB
Dirty:               112 kB
Writeback:             0 kB
AnonPages:         68156 kB
Mapped:            62548 kB
Shmem:             30572 kB
KReclaimable:     158444 kB
Slab:             928060 kB
SReclaimable:     158444 kB
SUnreclaim:       769616 kB
KernelStack:       22912 kB
PageTables:         5184 kB
NFS_Unstable:          0 kB
Bounce:                0 kB
WritebackTmp:          0 kB
CommitLimit:    280438860 kB
Committed_AS:     571632 kB
VmallocTotal:   13743895347199 kB
VmallocUsed:     1399128 kB
VmallocChunk:          0 kB
Percpu:            86400 kB
HardwareCorrupted:     0 kB
AnonHugePages:     16384 kB
ShmemHugePages:        0 kB
ShmemPmdMapped:        0 kB
FileHugePages:         0 kB
FilePmdMapped:         0 kB
HugePages_Total:       0
HugePages_Free:        0
HugePages_Rsvd:        0
HugePages_Surp:        0
Hugepagesize:       2048 kB
Hugetlb:               0 kB
DirectMap4k:     1007612 kB
DirectMap2M:    118032384 kB
DirectMap1G:    419430400 kB
2025-02-03T14:12:21-0600
MemTotal:       527323300 kB
MemFree:        522866256 kB
MemAvailable:   521318124 kB
Buffers:            5768 kB
Cached:          1015032 kB
SwapCached:           60 kB
Active:           631312 kB
Inactive:         455800 kB
Active(anon):       2416 kB
Inactive(anon):    94468 kB
Active(file):     628896 kB
Inactive(file):   361332 kB
Unevictable:           0 kB
Mlocked:               0 kB
SwapTotal:      16777212 kB
SwapFree:       16764924 kB
Dirty:               104 kB
Writeback:             4 kB
AnonPages:         67872 kB
Mapped:            62192 kB
Shmem:             30572 kB
KReclaimable:     158412 kB
Slab:             927636 kB
SReclaimable:     158412 kB
SUnreclaim:       769224 kB
KernelStack:       22832 kB
PageTables:         4716 kB
NFS_Unstable:          0 kB
Bounce:                0 kB
WritebackTmp:          0 kB
CommitLimit:    280438860 kB
Committed_AS:     650308 kB
VmallocTotal:   13743895347199 kB
VmallocUsed:     1399128 kB
VmallocChunk:          0 kB
Percpu:            86400 kB
HardwareCorrupted:     0 kB
AnonHugePages:     16384 kB
ShmemHugePages:        0 kB
ShmemPmdMapped:        0 kB
FileHugePages:         0 kB
FilePmdMapped:         0 kB
HugePages_Total:       0
HugePages_Free:        0
HugePages_Rsvd:        0
HugePages_Surp:        0
Hugepagesize:       2048 kB
Hugetlb:               0 kB
DirectMap4k:     1007612 kB
DirectMap2M:    118032384 kB
DirectMap1G:    419430400 kB
2025-02-03T14:13:44-0600
