MemTotal:       527323304 kB
MemFree:        520791176 kB
MemAvailable:   520529668 kB
Buffers:            2668 kB
Cached:          2547324 kB
SwapCached:           20 kB
Active:           892060 kB
Inactive:        1734596 kB
Active(anon):       2580 kB
Inactive(anon):   104664 kB
Active(file):     889480 kB
Inactive(file):  1629932 kB
Unevictable:           0 kB
Mlocked:               0 kB
SwapTotal:      16777212 kB
SwapFree:       16777184 kB
Dirty:               200 kB
Writeback:             0 kB
AnonPages:         78024 kB
Mapped:            61192 kB
Shmem:             30580 kB
KReclaimable:     134292 kB
Slab:            1338424 kB
SReclaimable:     134292 kB
SUnreclaim:      1204132 kB
KernelStack:       23120 kB
PageTables:         4888 kB
NFS_Unstable:          0 kB
Bounce:                0 kB
WritebackTmp:          0 kB
CommitLimit:    280438864 kB
Committed_AS:     589904 kB
VmallocTotal:   13743895347199 kB
VmallocUsed:     1464900 kB
VmallocChunk:          0 kB
Percpu:            81024 kB
HardwareCorrupted:     0 kB
AnonHugePages:     30720 kB
ShmemHugePages:        0 kB
ShmemPmdMapped:        0 kB
FileHugePages:         0 kB
FilePmdMapped:         0 kB
HugePages_Total:       0
HugePages_Free:        0
HugePages_Rsvd:        0
HugePages_Surp:        0
Hugepagesize:       2048 kB
Hugetlb:               0 kB
DirectMap4k:     9441276 kB
DirectMap2M:    342382592 kB
DirectMap1G:    186646528 kB
2025-02-03T15:07:46-0600
MemTotal:       527323304 kB
MemFree:        520787408 kB
MemAvailable:   520526152 kB
Buffers:            2668 kB
Cached:          2547340 kB
SwapCached:           20 kB
Active:           894704 kB
Inactive:        1731176 kB
Active(anon):       2580 kB
Inactive(anon):   103876 kB
Active(file):     892124 kB
Inactive(file):  1627300 kB
Unevictable:           0 kB
Mlocked:               0 kB
SwapTotal:      16777212 kB
SwapFree:       16777184 kB
Dirty:               232 kB
Writeback:             0 kB
AnonPages:         76584 kB
Mapped:            60592 kB
Shmem:             30580 kB
KReclaimable:     134772 kB
Slab:            1340648 kB
SReclaimable:     134772 kB
SUnreclaim:      1205876 kB
KernelStack:       23104 kB
PageTables:         4716 kB
NFS_Unstable:          0 kB
Bounce:                0 kB
WritebackTmp:          0 kB
CommitLimit:    280438864 kB
Committed_AS:     483756 kB
VmallocTotal:   13743895347199 kB
VmallocUsed:     1465028 kB
VmallocChunk:          0 kB
Percpu:            81024 kB
HardwareCorrupted:     0 kB
AnonHugePages:     30720 kB
ShmemHugePages:        0 kB
ShmemPmdMapped:        0 kB
FileHugePages:         0 kB
FilePmdMapped:         0 kB
HugePages_Total:       0
HugePages_Free:        0
HugePages_Rsvd:        0
HugePages_Surp:        0
Hugepagesize:       2048 kB
Hugetlb:               0 kB
DirectMap4k:     9441276 kB
DirectMap2M:    342382592 kB
DirectMap1G:    186646528 kB
2025-02-03T15:09:16-0600
