MemTotal:       527323300 kB
MemFree:        522863284 kB
MemAvailable:   521315276 kB
Buffers:            5768 kB
Cached:          1015096 kB
SwapCached:           60 kB
Active:           631348 kB
Inactive:         455676 kB
Active(anon):       2436 kB
Inactive(anon):    94296 kB
Active(file):     628912 kB
Inactive(file):   361380 kB
Unevictable:           0 kB
Mlocked:               0 kB
SwapTotal:      16777212 kB
SwapFree:       16764924 kB
Dirty:               120 kB
Writeback:             0 kB
AnonPages:         66864 kB
Mapped:            62724 kB
Shmem:             30572 kB
KReclaimable:     158596 kB
Slab:             929464 kB
SReclaimable:     158596 kB
SUnreclaim:       770868 kB
KernelStack:       22896 kB
PageTables:         4828 kB
NFS_Unstable:          0 kB
Bounce:                0 kB
WritebackTmp:          0 kB
CommitLimit:    280438860 kB
Committed_AS:     607372 kB
VmallocTotal:   13743895347199 kB
VmallocUsed:     1399208 kB
VmallocChunk:          0 kB
Percpu:            86400 kB
HardwareCorrupted:     0 kB
AnonHugePages:     16384 kB
ShmemHugePages:        0 kB
ShmemPmdMapped:        0 kB
FileHugePages:         0 kB
FilePmdMapped:         0 kB
HugePages_Total:       0
HugePages_Free:        0
HugePages_Rsvd:        0
HugePages_Surp:        0
Hugepagesize:       2048 kB
Hugetlb:               0 kB
DirectMap4k:     1007612 kB
DirectMap2M:    118032384 kB
DirectMap1G:    419430400 kB
2025-02-03T14:22:41-0600
MemTotal:       527323300 kB
MemFree:        522350268 kB
MemAvailable:   520802276 kB
Buffers:            5768 kB
Cached:          1015100 kB
SwapCached:           60 kB
Active:           631344 kB
Inactive:         970828 kB
Active(anon):       2432 kB
Inactive(anon):   609444 kB
Active(file):     628912 kB
Inactive(file):   361384 kB
Unevictable:           0 kB
Mlocked:               0 kB
SwapTotal:      16777212 kB
SwapFree:       16764924 kB
Dirty:               124 kB
Writeback:             0 kB
AnonPages:        581800 kB
Mapped:            64112 kB
Shmem:             30572 kB
KReclaimable:     158628 kB
Slab:             928760 kB
SReclaimable:     158628 kB
SUnreclaim:       770132 kB
KernelStack:       22912 kB
PageTables:         5992 kB
NFS_Unstable:          0 kB
Bounce:                0 kB
WritebackTmp:          0 kB
CommitLimit:    280438860 kB
Committed_AS:    1251472 kB
VmallocTotal:   13743895347199 kB
VmallocUsed:     1399128 kB
VmallocChunk:          0 kB
Percpu:            86400 kB
HardwareCorrupted:     0 kB
AnonHugePages:    512000 kB
ShmemHugePages:        0 kB
ShmemPmdMapped:        0 kB
FileHugePages:         0 kB
FilePmdMapped:         0 kB
HugePages_Total:       0
HugePages_Free:        0
HugePages_Rsvd:        0
HugePages_Surp:        0
Hugepagesize:       2048 kB
Hugetlb:               0 kB
DirectMap4k:     1007612 kB
DirectMap2M:    118032384 kB
DirectMap1G:    419430400 kB
2025-02-03T14:22:42-0600
